
===========================================================================
report_checks -unconstrained
===========================================================================
======================= Typical Corner ===================================

Startpoint: _40319_ (rising edge-triggered flip-flop clocked by clk)
Endpoint: _40399_ (rising edge-triggered flip-flop clocked by clk)
Path Group: clk
Path Type: max

Fanout     Cap    Slew   Delay    Time   Description
-----------------------------------------------------------------------------
                          0.00    0.00   clock clk (rise edge)
                          0.00    0.00   clock source latency
                  0.47    0.35    0.35 ^ clk (in)
     1    0.10                           clk (net)
                  0.47    0.00    0.35 ^ clkbuf_0_clk/A (sky130_fd_sc_hd__clkbuf_16)
                  0.17    0.35    0.69 ^ clkbuf_0_clk/X (sky130_fd_sc_hd__clkbuf_16)
     4    0.15                           clknet_0_clk (net)
                  0.17    0.01    0.70 ^ clkbuf_2_2_0_clk/A (sky130_fd_sc_hd__clkbuf_16)
                  0.12    0.24    0.94 ^ clkbuf_2_2_0_clk/X (sky130_fd_sc_hd__clkbuf_16)
     2    0.10                           clknet_2_2_0_clk (net)
                  0.12    0.01    0.94 ^ clkbuf_3_4_0_clk/A (sky130_fd_sc_hd__clkbuf_16)
                  0.19    0.27    1.22 ^ clkbuf_3_4_0_clk/X (sky130_fd_sc_hd__clkbuf_16)
     8    0.17                           clknet_3_4_0_clk (net)
                  0.19    0.01    1.23 ^ clkbuf_6_37_0_clk/A (sky130_fd_sc_hd__clkbuf_16)
                  0.22    0.32    1.54 ^ clkbuf_6_37_0_clk/X (sky130_fd_sc_hd__clkbuf_16)
    16    0.21                           clknet_6_37_0_clk (net)
                  0.22    0.01    1.55 ^ clkbuf_leaf_803_clk/A (sky130_fd_sc_hd__clkbuf_16)
                  0.05    0.20    1.75 ^ clkbuf_leaf_803_clk/X (sky130_fd_sc_hd__clkbuf_16)
     8    0.03                           clknet_leaf_803_clk (net)
                  0.05    0.00    1.75 ^ _40319_/CLK (sky130_fd_sc_hd__dfxtp_1)
                  0.32    0.53    2.28 ^ _40319_/Q (sky130_fd_sc_hd__dfxtp_1)
     2    0.03                           book_inst.qa_val[14] (net)
                  0.32    0.00    2.28 ^ _19168_/B (sky130_fd_sc_hd__xor2_2)
                  0.12    0.17    2.45 v _19168_/X (sky130_fd_sc_hd__xor2_2)
     4    0.02                           _05623_ (net)
                  0.12    0.00    2.45 v _19177_/A (sky130_fd_sc_hd__or4b_1)
                  0.13    0.63    3.08 v _19177_/X (sky130_fd_sc_hd__or4b_1)
     2    0.01                           _05632_ (net)
                  0.13    0.00    3.08 v _19186_/A (sky130_fd_sc_hd__or4b_2)
                  0.15    0.80    3.88 v _19186_/X (sky130_fd_sc_hd__or4b_2)
     3    0.02                           _05641_ (net)
                  0.15    0.00    3.88 v _19187_/C (sky130_fd_sc_hd__or3_2)
                  0.15    0.58    4.46 v _19187_/X (sky130_fd_sc_hd__or3_2)
     3    0.03                           _05642_ (net)
                  0.15    0.00    4.46 v _19211_/A (sky130_fd_sc_hd__nor2_2)
                  0.39    0.39    4.85 ^ _19211_/Y (sky130_fd_sc_hd__nor2_2)
     5    0.04                           _05666_ (net)
                  0.39    0.00    4.85 ^ _19256_/A1 (sky130_fd_sc_hd__o21a_2)
                  0.14    0.30    5.15 ^ _19256_/X (sky130_fd_sc_hd__o21a_2)
     4    0.03                           _05711_ (net)
                  0.14    0.00    5.16 ^ _19257_/A (sky130_fd_sc_hd__clkbuf_4)
                  0.16    0.27    5.43 ^ _19257_/X (sky130_fd_sc_hd__clkbuf_4)
     8    0.05                           _05712_ (net)
                  0.16    0.00    5.43 ^ _25847_/S (sky130_fd_sc_hd__mux2_2)
                  0.10    0.44    5.87 v _25847_/X (sky130_fd_sc_hd__mux2_2)
     5    0.02                           _10130_ (net)
                  0.10    0.00    5.87 v _26433_/B (sky130_fd_sc_hd__and2_1)
                  0.04    0.18    6.05 v _26433_/X (sky130_fd_sc_hd__and2_1)
     1    0.00                           _10659_ (net)
                  0.04    0.00    6.05 v _26434_/B (sky130_fd_sc_hd__nor2_1)
                  0.29    0.25    6.30 ^ _26434_/Y (sky130_fd_sc_hd__nor2_1)
     4    0.02                           _10660_ (net)
                  0.29    0.00    6.30 ^ _26436_/B (sky130_fd_sc_hd__and3_1)
                  0.22    0.35    6.65 ^ _26436_/X (sky130_fd_sc_hd__and3_1)
     2    0.02                           _10662_ (net)
                  0.22    0.00    6.65 ^ _26455_/A1 (sky130_fd_sc_hd__a21o_1)
                  0.26    0.32    6.97 ^ _26455_/X (sky130_fd_sc_hd__a21o_1)
     4    0.03                           _10681_ (net)
                  0.26    0.00    6.97 ^ _26456_/A (sky130_fd_sc_hd__inv_2)
                  0.04    0.05    7.02 v _26456_/Y (sky130_fd_sc_hd__inv_2)
     1    0.00                           _10682_ (net)
                  0.04    0.00    7.02 v _26457_/B2 (sky130_fd_sc_hd__o22a_2)
                  0.09    0.25    7.27 v _26457_/X (sky130_fd_sc_hd__o22a_2)
     4    0.02                           _10683_ (net)
                  0.09    0.00    7.27 v _26458_/A2 (sky130_fd_sc_hd__o21ba_1)
                  0.05    0.20    7.47 v _26458_/X (sky130_fd_sc_hd__o21ba_1)
     1    0.01                           _10684_ (net)
                  0.05    0.00    7.47 v _26465_/A2 (sky130_fd_sc_hd__a22o_2)
                  0.14    0.39    7.86 v _26465_/X (sky130_fd_sc_hd__a22o_2)
     6    0.05                           _10691_ (net)
                  0.14    0.00    7.86 v _26466_/B (sky130_fd_sc_hd__or2_2)
                  0.12    0.41    8.27 v _26466_/X (sky130_fd_sc_hd__or2_2)
     6    0.03                           _10692_ (net)
                  0.12    0.00    8.28 v _26513_/A (sky130_fd_sc_hd__clkbuf_4)
                  0.11    0.26    8.54 v _26513_/X (sky130_fd_sc_hd__clkbuf_4)
     8    0.06                           _10736_ (net)
                  0.12    0.00    8.54 v _26579_/B2 (sky130_fd_sc_hd__o2bb2a_1)
                  0.05    0.31    8.85 v _26579_/X (sky130_fd_sc_hd__o2bb2a_1)
     1    0.00                           _10797_ (net)
                  0.05    0.00    8.85 v _26580_/B (sky130_fd_sc_hd__nor2_1)
                  0.07    0.08    8.94 ^ _26580_/Y (sky130_fd_sc_hd__nor2_1)
     1    0.00                           _02237_ (net)
                  0.07    0.00    8.94 ^ _40399_/D (sky130_fd_sc_hd__dfxtp_4)
                                  8.94   data arrival time

                         10.00   10.00   clock clk (rise edge)
                          0.00   10.00   clock source latency
                  0.47    0.31   10.31 ^ clk (in)
     1    0.10                           clk (net)
                  0.47    0.00   10.31 ^ clkbuf_0_clk/A (sky130_fd_sc_hd__clkbuf_16)
                  0.17    0.32   10.63 ^ clkbuf_0_clk/X (sky130_fd_sc_hd__clkbuf_16)
     4    0.15                           clknet_0_clk (net)
                  0.17    0.01   10.63 ^ clkbuf_2_0_0_clk/A (sky130_fd_sc_hd__clkbuf_16)
                  0.10    0.20   10.83 ^ clkbuf_2_0_0_clk/X (sky130_fd_sc_hd__clkbuf_16)
     2    0.08                           clknet_2_0_0_clk (net)
                  0.10    0.01   10.84 ^ clkbuf_3_1_0_clk/A (sky130_fd_sc_hd__clkbuf_16)
                  0.17    0.23   11.07 ^ clkbuf_3_1_0_clk/X (sky130_fd_sc_hd__clkbuf_16)
     8    0.16                           clknet_3_1_0_clk (net)
                  0.17    0.01   11.08 ^ clkbuf_6_11_0_clk/A (sky130_fd_sc_hd__clkbuf_16)
                  0.13    0.23   11.31 ^ clkbuf_6_11_0_clk/X (sky130_fd_sc_hd__clkbuf_16)
     8    0.12                           clknet_6_11_0_clk (net)
                  0.13    0.00   11.31 ^ clkbuf_leaf_819_clk/A (sky130_fd_sc_hd__clkbuf_16)
                  0.04    0.14   11.45 ^ clkbuf_leaf_819_clk/X (sky130_fd_sc_hd__clkbuf_16)
     5    0.02                           clknet_leaf_819_clk (net)
                  0.04    0.00   11.45 ^ _40399_/CLK (sky130_fd_sc_hd__dfxtp_4)
                         -0.25   11.20   clock uncertainty
                          0.07   11.27   clock reconvergence pessimism
                         -0.07   11.20   library setup time
                                 11.20   data required time
-----------------------------------------------------------------------------
                                 11.20   data required time
                                 -8.94   data arrival time
-----------------------------------------------------------------------------
                                  2.26   slack (MET)




===========================================================================
report_checks --slack_max -0.01
============================================================================
======================= Typical Corner ===================================

No paths found.


===========================================================================
 report_check_types -max_slew -max_cap -max_fanout -violators
============================================================================
======================= Typical Corner ===================================

max slew

Pin                                    Limit    Slew   Slack
------------------------------------------------------------
output434/A                             0.75    0.81   -0.06 (VIOLATED)
output397/A                             0.75    0.80   -0.05 (VIOLATED)
ANTENNA_1542/DIODE                      0.75    0.80   -0.05 (VIOLATED)
ANTENNA_1543/DIODE                      0.75    0.80   -0.05 (VIOLATED)
ANTENNA_1544/DIODE                      0.75    0.80   -0.05 (VIOLATED)
ANTENNA_1545/DIODE                      0.75    0.80   -0.05 (VIOLATED)
ANTENNA_1546/DIODE                      0.75    0.80   -0.05 (VIOLATED)
ANTENNA_1548/DIODE                      0.75    0.80   -0.05 (VIOLATED)
ANTENNA_1547/DIODE                      0.75    0.80   -0.05 (VIOLATED)
ANTENNA_1552/DIODE                      0.75    0.80   -0.05 (VIOLATED)
ANTENNA_1550/DIODE                      0.75    0.80   -0.05 (VIOLATED)
ANTENNA_1549/DIODE                      0.75    0.80   -0.05 (VIOLATED)
ANTENNA_1551/DIODE                      0.75    0.80   -0.05 (VIOLATED)
output514/A                             0.75    0.79   -0.04 (VIOLATED)
ANTENNA_941/DIODE                       0.75    0.79   -0.04 (VIOLATED)
ANTENNA_942/DIODE                       0.75    0.79   -0.04 (VIOLATED)
ANTENNA_950/DIODE                       0.75    0.79   -0.04 (VIOLATED)
ANTENNA_943/DIODE                       0.75    0.79   -0.04 (VIOLATED)
ANTENNA_948/DIODE                       0.75    0.79   -0.04 (VIOLATED)
ANTENNA_951/DIODE                       0.75    0.79   -0.04 (VIOLATED)
ANTENNA_949/DIODE                       0.75    0.79   -0.04 (VIOLATED)
ANTENNA_944/DIODE                       0.75    0.79   -0.04 (VIOLATED)
ANTENNA_945/DIODE                       0.75    0.79   -0.04 (VIOLATED)
ANTENNA_946/DIODE                       0.75    0.79   -0.04 (VIOLATED)
ANTENNA_947/DIODE                       0.75    0.79   -0.04 (VIOLATED)
ANTENNA_952/DIODE                       0.75    0.79   -0.04 (VIOLATED)
_25255_/A1                              0.75    0.79   -0.04 (VIOLATED)
_25256_/A1                              0.75    0.79   -0.04 (VIOLATED)
_25259_/A1                              0.75    0.79   -0.04 (VIOLATED)
_25257_/B                               0.75    0.79   -0.04 (VIOLATED)
_40279_/Q                               0.75    0.79   -0.04 (VIOLATED)
_28725_/A1                              0.75    0.78   -0.03 (VIOLATED)
_28724_/B                               0.75    0.78   -0.03 (VIOLATED)
_28722_/A1                              0.75    0.78   -0.03 (VIOLATED)
_28723_/A1                              0.75    0.78   -0.03 (VIOLATED)
_40980_/Q                               0.75    0.78   -0.03 (VIOLATED)
output414/A                             0.75    0.77   -0.02 (VIOLATED)
ANTENNA_873/DIODE                       0.75    0.77   -0.02 (VIOLATED)
ANTENNA_874/DIODE                       0.75    0.77   -0.02 (VIOLATED)
ANTENNA_882/DIODE                       0.75    0.77   -0.02 (VIOLATED)
ANTENNA_875/DIODE                       0.75    0.77   -0.02 (VIOLATED)
ANTENNA_883/DIODE                       0.75    0.77   -0.02 (VIOLATED)
ANTENNA_880/DIODE                       0.75    0.77   -0.02 (VIOLATED)
ANTENNA_881/DIODE                       0.75    0.77   -0.02 (VIOLATED)
ANTENNA_876/DIODE                       0.75    0.77   -0.02 (VIOLATED)
ANTENNA_877/DIODE                       0.75    0.77   -0.02 (VIOLATED)
ANTENNA_878/DIODE                       0.75    0.77   -0.02 (VIOLATED)
ANTENNA_879/DIODE                       0.75    0.77   -0.02 (VIOLATED)
ANTENNA_591/DIODE                       0.75    0.77   -0.02 (VIOLATED)
ANTENNA_589/DIODE                       0.75    0.77   -0.02 (VIOLATED)
ANTENNA_588/DIODE                       0.75    0.77   -0.02 (VIOLATED)
ANTENNA_586/DIODE                       0.75    0.77   -0.02 (VIOLATED)
ANTENNA_583/DIODE                       0.75    0.77   -0.02 (VIOLATED)
output247/A                             0.75    0.77   -0.02 (VIOLATED)
ANTENNA_584/DIODE                       0.75    0.77   -0.02 (VIOLATED)
ANTENNA_585/DIODE                       0.75    0.77   -0.02 (VIOLATED)
ANTENNA_587/DIODE                       0.75    0.77   -0.02 (VIOLATED)
ANTENNA_590/DIODE                       0.75    0.77   -0.02 (VIOLATED)
ANTENNA_592/DIODE                       0.75    0.77   -0.02 (VIOLATED)
ANTENNA_593/DIODE                       0.75    0.77   -0.02 (VIOLATED)
_25346_/A                               0.75    0.77   -0.02 (VIOLATED)
_25582_/B1                              0.75    0.77   -0.02 (VIOLATED)
_27471_/B2                              0.75    0.77   -0.02 (VIOLATED)
_40441_/Q                               0.75    0.77   -0.02 (VIOLATED)
_25210_/A                               0.75    0.76   -0.01 (VIOLATED)
_25212_/A1                              0.75    0.76   -0.01 (VIOLATED)
_40266_/Q                               0.75    0.76   -0.01 (VIOLATED)
ANTENNA_602/DIODE                       0.75    0.76   -0.01 (VIOLATED)
ANTENNA_600/DIODE                       0.75    0.76   -0.01 (VIOLATED)
ANTENNA_598/DIODE                       0.75    0.76   -0.01 (VIOLATED)
output253/A                             0.75    0.76   -0.01 (VIOLATED)
ANTENNA_596/DIODE                       0.75    0.76   -0.01 (VIOLATED)
ANTENNA_597/DIODE                       0.75    0.76   -0.01 (VIOLATED)
ANTENNA_599/DIODE                       0.75    0.76   -0.01 (VIOLATED)
ANTENNA_601/DIODE                       0.75    0.76   -0.01 (VIOLATED)
ANTENNA_605/DIODE                       0.75    0.76   -0.01 (VIOLATED)
ANTENNA_603/DIODE                       0.75    0.76   -0.01 (VIOLATED)
ANTENNA_604/DIODE                       0.75    0.76   -0.01 (VIOLATED)
ANTENNA_606/DIODE                       0.75    0.76   -0.01 (VIOLATED)
output533/A                             0.75    0.75   -0.00 (VIOLATED)
ANTENNA_965/DIODE                       0.75    0.75   -0.00 (VIOLATED)

max fanout

Pin                                   Limit Fanout  Slack
---------------------------------------------------------
_43793_/X                                 8     34    -26 (VIOLATED)
_43751_/X                                 8     32    -24 (VIOLATED)
_43756_/X                                 8     32    -24 (VIOLATED)
wire598/X                                 8     31    -23 (VIOLATED)
_43720_/X                                 8     30    -22 (VIOLATED)
_43803_/X                                 8     25    -17 (VIOLATED)
wire595/X                                 8     25    -17 (VIOLATED)
_43744_/X                                 8     24    -16 (VIOLATED)
_43757_/X                                 8     24    -16 (VIOLATED)
_43782_/X                                 8     24    -16 (VIOLATED)
input52/X                                 8     24    -16 (VIOLATED)
input57/X                                 8     24    -16 (VIOLATED)
input63/X                                 8     24    -16 (VIOLATED)
wire597/X                                 8     24    -16 (VIOLATED)
wire611/X                                 8     24    -16 (VIOLATED)
_43737_/X                                 8     23    -15 (VIOLATED)
_43807_/X                                 8     23    -15 (VIOLATED)
input59/X                                 8     23    -15 (VIOLATED)
input60/X                                 8     23    -15 (VIOLATED)
input61/X                                 8     23    -15 (VIOLATED)
input62/X                                 8     23    -15 (VIOLATED)
input67/X                                 8     23    -15 (VIOLATED)
input69/X                                 8     23    -15 (VIOLATED)
input72/X                                 8     23    -15 (VIOLATED)
clkbuf_6_61_0_clk/X                       8     22    -14 (VIOLATED)
wire592/X                                 8     22    -14 (VIOLATED)
wire613/X                                 8     22    -14 (VIOLATED)
_43808_/X                                 8     21    -13 (VIOLATED)
_43726_/X                                 8     20    -12 (VIOLATED)
_43735_/X                                 8     20    -12 (VIOLATED)
_43786_/X                                 8     20    -12 (VIOLATED)
clkbuf_6_34_0_clk/X                       8     20    -12 (VIOLATED)
wire606/X                                 8     20    -12 (VIOLATED)
_43789_/X                                 8     19    -11 (VIOLATED)
_43794_/X                                 8     19    -11 (VIOLATED)
clkbuf_6_48_0_clk/X                       8     19    -11 (VIOLATED)
clkbuf_6_53_0_clk/X                       8     19    -11 (VIOLATED)
clkbuf_6_56_0_clk/X                       8     19    -11 (VIOLATED)
clkbuf_6_59_0_clk/X                       8     19    -11 (VIOLATED)
input76/X                                 8     19    -11 (VIOLATED)
_26882_/X                                 8     18    -10 (VIOLATED)
_37337_/X                                 8     18    -10 (VIOLATED)
_40399_/Q                                 8     18    -10 (VIOLATED)
_40415_/Q                                 8     18    -10 (VIOLATED)
_40492_/Q                                 8     18    -10 (VIOLATED)
clkbuf_6_36_0_clk/X                       8     18    -10 (VIOLATED)
clkbuf_6_38_0_clk/X                       8     18    -10 (VIOLATED)
clkbuf_6_44_0_clk/X                       8     18    -10 (VIOLATED)
clkbuf_6_45_0_clk/X                       8     18    -10 (VIOLATED)
clkbuf_6_57_0_clk/X                       8     18    -10 (VIOLATED)
clkbuf_6_7_0_clk/X                        8     18    -10 (VIOLATED)
wire596/X                                 8     18    -10 (VIOLATED)
_40397_/Q                                 8     17     -9 (VIOLATED)
_40498_/Q                                 8     17     -9 (VIOLATED)
_40980_/Q                                 8     17     -9 (VIOLATED)
clkbuf_6_33_0_clk/X                       8     17     -9 (VIOLATED)
clkbuf_6_35_0_clk/X                       8     17     -9 (VIOLATED)
clkbuf_6_39_0_clk/X                       8     17     -9 (VIOLATED)
clkbuf_6_47_0_clk/X                       8     17     -9 (VIOLATED)
clkbuf_6_50_0_clk/X                       8     17     -9 (VIOLATED)
_40279_/Q                                 8     16     -8 (VIOLATED)
_40381_/Q                                 8     16     -8 (VIOLATED)
_40446_/Q                                 8     16     -8 (VIOLATED)
_40475_/Q                                 8     16     -8 (VIOLATED)
_40499_/Q                                 8     16     -8 (VIOLATED)
clkbuf_6_25_0_clk/X                       8     16     -8 (VIOLATED)
clkbuf_6_37_0_clk/X                       8     16     -8 (VIOLATED)
clkbuf_6_40_0_clk/X                       8     16     -8 (VIOLATED)
clkbuf_6_46_0_clk/X                       8     16     -8 (VIOLATED)
clkbuf_6_4_0_clk/X                        8     16     -8 (VIOLATED)
wire601/X                                 8     16     -8 (VIOLATED)
wire605/X                                 8     16     -8 (VIOLATED)
_23664_/X                                 8     15     -7 (VIOLATED)
_26985_/X                                 8     15     -7 (VIOLATED)
_29450_/X                                 8     15     -7 (VIOLATED)
_40183_/Q                                 8     15     -7 (VIOLATED)
_40186_/Q                                 8     15     -7 (VIOLATED)
_40366_/Q                                 8     15     -7 (VIOLATED)
_40441_/Q                                 8     15     -7 (VIOLATED)
_43785_/X                                 8     15     -7 (VIOLATED)
clkbuf_6_31_0_clk/X                       8     15     -7 (VIOLATED)
clkbuf_6_51_0_clk/X                       8     15     -7 (VIOLATED)
clkbuf_6_60_0_clk/X                       8     15     -7 (VIOLATED)
clkbuf_leaf_779_clk/X                     8     15     -7 (VIOLATED)
_23241_/X                                 8     14     -6 (VIOLATED)
_23835_/X                                 8     14     -6 (VIOLATED)
_26939_/X                                 8     14     -6 (VIOLATED)
_31324_/X                                 8     14     -6 (VIOLATED)
_40266_/Q                                 8     14     -6 (VIOLATED)
_40970_/Q                                 8     14     -6 (VIOLATED)
_43723_/X                                 8     14     -6 (VIOLATED)
_43779_/X                                 8     14     -6 (VIOLATED)
clkbuf_6_41_0_clk/X                       8     14     -6 (VIOLATED)
clkbuf_6_54_0_clk/X                       8     14     -6 (VIOLATED)
clkbuf_6_62_0_clk/X                       8     14     -6 (VIOLATED)
input169/X                                8     14     -6 (VIOLATED)
_30068_/X                                 8     13     -5 (VIOLATED)
_37178_/X                                 8     13     -5 (VIOLATED)
_37231_/X                                 8     13     -5 (VIOLATED)
_37284_/X                                 8     13     -5 (VIOLATED)
_40163_/Q                                 8     13     -5 (VIOLATED)
_43721_/X                                 8     13     -5 (VIOLATED)
_43722_/X                                 8     13     -5 (VIOLATED)
clkbuf_6_0_0_clk/X                        8     13     -5 (VIOLATED)
clkbuf_6_32_0_clk/X                       8     13     -5 (VIOLATED)
clkbuf_6_42_0_clk/X                       8     13     -5 (VIOLATED)
clkbuf_6_52_0_clk/X                       8     13     -5 (VIOLATED)
clkbuf_6_55_0_clk/X                       8     13     -5 (VIOLATED)
clkbuf_6_58_0_clk/X                       8     13     -5 (VIOLATED)
clkbuf_6_6_0_clk/X                        8     13     -5 (VIOLATED)
clkbuf_leaf_4_clk/X                       8     13     -5 (VIOLATED)
clkbuf_leaf_595_clk/X                     8     13     -5 (VIOLATED)
clkbuf_leaf_768_clk/X                     8     13     -5 (VIOLATED)
fanout609/X                               8     13     -5 (VIOLATED)
wire599/X                                 8     13     -5 (VIOLATED)
wire620/X                                 8     13     -5 (VIOLATED)
_22280_/X                                 8     12     -4 (VIOLATED)
_22601_/X                                 8     12     -4 (VIOLATED)
_24122_/X                                 8     12     -4 (VIOLATED)
_26914_/X                                 8     12     -4 (VIOLATED)
_27026_/X                                 8     12     -4 (VIOLATED)
_40410_/Q                                 8     12     -4 (VIOLATED)
_43804_/X                                 8     12     -4 (VIOLATED)
clkbuf_6_17_0_clk/X                       8     12     -4 (VIOLATED)
clkbuf_6_24_0_clk/X                       8     12     -4 (VIOLATED)
clkbuf_6_26_0_clk/X                       8     12     -4 (VIOLATED)
clkbuf_6_27_0_clk/X                       8     12     -4 (VIOLATED)
clkbuf_6_29_0_clk/X                       8     12     -4 (VIOLATED)
clkbuf_6_49_0_clk/X                       8     12     -4 (VIOLATED)
clkbuf_6_63_0_clk/X                       8     12     -4 (VIOLATED)
clkbuf_leaf_172_clk/X                     8     12     -4 (VIOLATED)
clkbuf_leaf_564_clk/X                     8     12     -4 (VIOLATED)
clkbuf_leaf_686_clk/X                     8     12     -4 (VIOLATED)
clkbuf_leaf_699_clk/X                     8     12     -4 (VIOLATED)
clkbuf_leaf_70_clk/X                      8     12     -4 (VIOLATED)
clkbuf_leaf_746_clk/X                     8     12     -4 (VIOLATED)
clkbuf_leaf_762_clk/X                     8     12     -4 (VIOLATED)
clkbuf_leaf_777_clk/X                     8     12     -4 (VIOLATED)
clkbuf_leaf_780_clk/X                     8     12     -4 (VIOLATED)
clkbuf_leaf_790_clk/X                     8     12     -4 (VIOLATED)
wire615/X                                 8     12     -4 (VIOLATED)
_19592_/X                                 8     11     -3 (VIOLATED)
_22174_/X                                 8     11     -3 (VIOLATED)
_22333_/X                                 8     11     -3 (VIOLATED)
_23236_/X                                 8     11     -3 (VIOLATED)
_23978_/X                                 8     11     -3 (VIOLATED)
_25320_/X                                 8     11     -3 (VIOLATED)
_25815_/X                                 8     11     -3 (VIOLATED)
_26898_/X                                 8     11     -3 (VIOLATED)
_26900_/X                                 8     11     -3 (VIOLATED)
_26917_/X                                 8     11     -3 (VIOLATED)
_26956_/X                                 8     11     -3 (VIOLATED)
_26976_/X                                 8     11     -3 (VIOLATED)
_27045_/X                                 8     11     -3 (VIOLATED)
_30194_/X                                 8     11     -3 (VIOLATED)
_30259_/X                                 8     11     -3 (VIOLATED)
_31680_/X                                 8     11     -3 (VIOLATED)
clkbuf_6_16_0_clk/X                       8     11     -3 (VIOLATED)
clkbuf_6_18_0_clk/X                       8     11     -3 (VIOLATED)
clkbuf_6_1_0_clk/X                        8     11     -3 (VIOLATED)
clkbuf_6_22_0_clk/X                       8     11     -3 (VIOLATED)
clkbuf_6_28_0_clk/X                       8     11     -3 (VIOLATED)
clkbuf_6_30_0_clk/X                       8     11     -3 (VIOLATED)
clkbuf_6_43_0_clk/X                       8     11     -3 (VIOLATED)
clkbuf_6_5_0_clk/X                        8     11     -3 (VIOLATED)
clkbuf_leaf_123_clk/X                     8     11     -3 (VIOLATED)
clkbuf_leaf_166_clk/X                     8     11     -3 (VIOLATED)
clkbuf_leaf_187_clk/X                     8     11     -3 (VIOLATED)
clkbuf_leaf_247_clk/X                     8     11     -3 (VIOLATED)
clkbuf_leaf_351_clk/X                     8     11     -3 (VIOLATED)
clkbuf_leaf_378_clk/X                     8     11     -3 (VIOLATED)
clkbuf_leaf_388_clk/X                     8     11     -3 (VIOLATED)
clkbuf_leaf_396_clk/X                     8     11     -3 (VIOLATED)
clkbuf_leaf_42_clk/X                      8     11     -3 (VIOLATED)
clkbuf_leaf_484_clk/X                     8     11     -3 (VIOLATED)
clkbuf_leaf_492_clk/X                     8     11     -3 (VIOLATED)
clkbuf_leaf_505_clk/X                     8     11     -3 (VIOLATED)
clkbuf_leaf_536_clk/X                     8     11     -3 (VIOLATED)
clkbuf_leaf_584_clk/X                     8     11     -3 (VIOLATED)
clkbuf_leaf_5_clk/X                       8     11     -3 (VIOLATED)
clkbuf_leaf_631_clk/X                     8     11     -3 (VIOLATED)
clkbuf_leaf_648_clk/X                     8     11     -3 (VIOLATED)
clkbuf_leaf_717_clk/X                     8     11     -3 (VIOLATED)
clkbuf_leaf_72_clk/X                      8     11     -3 (VIOLATED)
clkbuf_leaf_806_clk/X                     8     11     -3 (VIOLATED)
clkbuf_leaf_84_clk/X                      8     11     -3 (VIOLATED)
input2/X                                  8     11     -3 (VIOLATED)
input40/X                                 8     11     -3 (VIOLATED)
input64/X                                 8     11     -3 (VIOLATED)
_22119_/X                                 8     10     -2 (VIOLATED)
_22708_/X                                 8     10     -2 (VIOLATED)
_26865_/X                                 8     10     -2 (VIOLATED)
_26905_/X                                 8     10     -2 (VIOLATED)
_26968_/X                                 8     10     -2 (VIOLATED)
_29430_/X                                 8     10     -2 (VIOLATED)
_31551_/X                                 8     10     -2 (VIOLATED)
_35994_/X                                 8     10     -2 (VIOLATED)
_40361_/Q                                 8     10     -2 (VIOLATED)
clkbuf_6_10_0_clk/X                       8     10     -2 (VIOLATED)
clkbuf_6_12_0_clk/X                       8     10     -2 (VIOLATED)
clkbuf_6_20_0_clk/X                       8     10     -2 (VIOLATED)
clkbuf_6_23_0_clk/X                       8     10     -2 (VIOLATED)
clkbuf_leaf_167_clk/X                     8     10     -2 (VIOLATED)
clkbuf_leaf_17_clk/X                      8     10     -2 (VIOLATED)
clkbuf_leaf_183_clk/X                     8     10     -2 (VIOLATED)
clkbuf_leaf_189_clk/X                     8     10     -2 (VIOLATED)
clkbuf_leaf_19_clk/X                      8     10     -2 (VIOLATED)
clkbuf_leaf_228_clk/X                     8     10     -2 (VIOLATED)
clkbuf_leaf_233_clk/X                     8     10     -2 (VIOLATED)
clkbuf_leaf_254_clk/X                     8     10     -2 (VIOLATED)
clkbuf_leaf_263_clk/X                     8     10     -2 (VIOLATED)
clkbuf_leaf_267_clk/X                     8     10     -2 (VIOLATED)
clkbuf_leaf_26_clk/X                      8     10     -2 (VIOLATED)
clkbuf_leaf_279_clk/X                     8     10     -2 (VIOLATED)
clkbuf_leaf_283_clk/X                     8     10     -2 (VIOLATED)
clkbuf_leaf_286_clk/X                     8     10     -2 (VIOLATED)
clkbuf_leaf_290_clk/X                     8     10     -2 (VIOLATED)
clkbuf_leaf_307_clk/X                     8     10     -2 (VIOLATED)
clkbuf_leaf_328_clk/X                     8     10     -2 (VIOLATED)
clkbuf_leaf_337_clk/X                     8     10     -2 (VIOLATED)
clkbuf_leaf_340_clk/X                     8     10     -2 (VIOLATED)
clkbuf_leaf_374_clk/X                     8     10     -2 (VIOLATED)
clkbuf_leaf_387_clk/X                     8     10     -2 (VIOLATED)
clkbuf_leaf_409_clk/X                     8     10     -2 (VIOLATED)
clkbuf_leaf_427_clk/X                     8     10     -2 (VIOLATED)
clkbuf_leaf_43_clk/X                      8     10     -2 (VIOLATED)
clkbuf_leaf_452_clk/X                     8     10     -2 (VIOLATED)
clkbuf_leaf_462_clk/X                     8     10     -2 (VIOLATED)
clkbuf_leaf_503_clk/X                     8     10     -2 (VIOLATED)
clkbuf_leaf_506_clk/X                     8     10     -2 (VIOLATED)
clkbuf_leaf_513_clk/X                     8     10     -2 (VIOLATED)
clkbuf_leaf_528_clk/X                     8     10     -2 (VIOLATED)
clkbuf_leaf_534_clk/X                     8     10     -2 (VIOLATED)
clkbuf_leaf_554_clk/X                     8     10     -2 (VIOLATED)
clkbuf_leaf_565_clk/X                     8     10     -2 (VIOLATED)
clkbuf_leaf_577_clk/X                     8     10     -2 (VIOLATED)
clkbuf_leaf_599_clk/X                     8     10     -2 (VIOLATED)
clkbuf_leaf_600_clk/X                     8     10     -2 (VIOLATED)
clkbuf_leaf_613_clk/X                     8     10     -2 (VIOLATED)
clkbuf_leaf_617_clk/X                     8     10     -2 (VIOLATED)
clkbuf_leaf_630_clk/X                     8     10     -2 (VIOLATED)
clkbuf_leaf_688_clk/X                     8     10     -2 (VIOLATED)
clkbuf_leaf_693_clk/X                     8     10     -2 (VIOLATED)
clkbuf_leaf_698_clk/X                     8     10     -2 (VIOLATED)
clkbuf_leaf_700_clk/X                     8     10     -2 (VIOLATED)
clkbuf_leaf_708_clk/X                     8     10     -2 (VIOLATED)
clkbuf_leaf_77_clk/X                      8     10     -2 (VIOLATED)
clkbuf_leaf_801_clk/X                     8     10     -2 (VIOLATED)
clkbuf_leaf_811_clk/X                     8     10     -2 (VIOLATED)
clkbuf_leaf_840_clk/X                     8     10     -2 (VIOLATED)
input149/X                                8     10     -2 (VIOLATED)
input150/X                                8     10     -2 (VIOLATED)
_19365_/X                                 8      9        (VIOLATED)
_22386_/X                                 8      9        (VIOLATED)
_22439_/X                                 8      9        (VIOLATED)
_22654_/X                                 8      9        (VIOLATED)
_22905_/X                                 8      9        (VIOLATED)
_24365_/X                                 8      9        (VIOLATED)
_24543_/X                                 8      9        (VIOLATED)
_26855_/X                                 8      9        (VIOLATED)
_26922_/X                                 8      9        (VIOLATED)
_26930_/X                                 8      9        (VIOLATED)
_26972_/X                                 8      9        (VIOLATED)
_27088_/X                                 8      9        (VIOLATED)
_27511_/X                                 8      9        (VIOLATED)
_29103_/X                                 8      9        (VIOLATED)
_29238_/X                                 8      9        (VIOLATED)
_36023_/X                                 8      9        (VIOLATED)
_36057_/X                                 8      9        (VIOLATED)
_40358_/Q                                 8      9        (VIOLATED)
_40359_/Q                                 8      9        (VIOLATED)
_40379_/Q                                 8      9        (VIOLATED)
_40384_/Q                                 8      9        (VIOLATED)
_40408_/Q                                 8      9        (VIOLATED)
clkbuf_leaf_100_clk/X                     8      9        (VIOLATED)
clkbuf_leaf_108_clk/X                     8      9        (VIOLATED)
clkbuf_leaf_109_clk/X                     8      9        (VIOLATED)
clkbuf_leaf_10_clk/X                      8      9        (VIOLATED)
clkbuf_leaf_111_clk/X                     8      9        (VIOLATED)
clkbuf_leaf_112_clk/X                     8      9        (VIOLATED)
clkbuf_leaf_120_clk/X                     8      9        (VIOLATED)
clkbuf_leaf_124_clk/X                     8      9        (VIOLATED)
clkbuf_leaf_135_clk/X                     8      9        (VIOLATED)
clkbuf_leaf_140_clk/X                     8      9        (VIOLATED)
clkbuf_leaf_147_clk/X                     8      9        (VIOLATED)
clkbuf_leaf_157_clk/X                     8      9        (VIOLATED)
clkbuf_leaf_15_clk/X                      8      9        (VIOLATED)
clkbuf_leaf_176_clk/X                     8      9        (VIOLATED)
clkbuf_leaf_193_clk/X                     8      9        (VIOLATED)
clkbuf_leaf_205_clk/X                     8      9        (VIOLATED)
clkbuf_leaf_207_clk/X                     8      9        (VIOLATED)
clkbuf_leaf_213_clk/X                     8      9        (VIOLATED)
clkbuf_leaf_224_clk/X                     8      9        (VIOLATED)
clkbuf_leaf_23_clk/X                      8      9        (VIOLATED)
clkbuf_leaf_241_clk/X                     8      9        (VIOLATED)
clkbuf_leaf_244_clk/X                     8      9        (VIOLATED)
clkbuf_leaf_252_clk/X                     8      9        (VIOLATED)
clkbuf_leaf_259_clk/X                     8      9        (VIOLATED)
clkbuf_leaf_266_clk/X                     8      9        (VIOLATED)
clkbuf_leaf_299_clk/X                     8      9        (VIOLATED)
clkbuf_leaf_30_clk/X                      8      9        (VIOLATED)
clkbuf_leaf_314_clk/X                     8      9        (VIOLATED)
clkbuf_leaf_323_clk/X                     8      9        (VIOLATED)
clkbuf_leaf_339_clk/X                     8      9        (VIOLATED)
clkbuf_leaf_341_clk/X                     8      9        (VIOLATED)
clkbuf_leaf_348_clk/X                     8      9        (VIOLATED)
clkbuf_leaf_350_clk/X                     8      9        (VIOLATED)
clkbuf_leaf_366_clk/X                     8      9        (VIOLATED)
clkbuf_leaf_367_clk/X                     8      9        (VIOLATED)
clkbuf_leaf_376_clk/X                     8      9        (VIOLATED)
clkbuf_leaf_381_clk/X                     8      9        (VIOLATED)
clkbuf_leaf_398_clk/X                     8      9        (VIOLATED)
clkbuf_leaf_404_clk/X                     8      9        (VIOLATED)
clkbuf_leaf_407_clk/X                     8      9        (VIOLATED)
clkbuf_leaf_40_clk/X                      8      9        (VIOLATED)
clkbuf_leaf_411_clk/X                     8      9        (VIOLATED)
clkbuf_leaf_413_clk/X                     8      9        (VIOLATED)
clkbuf_leaf_423_clk/X                     8      9        (VIOLATED)
clkbuf_leaf_426_clk/X                     8      9        (VIOLATED)
clkbuf_leaf_432_clk/X                     8      9        (VIOLATED)
clkbuf_leaf_435_clk/X                     8      9        (VIOLATED)
clkbuf_leaf_455_clk/X                     8      9        (VIOLATED)
clkbuf_leaf_456_clk/X                     8      9        (VIOLATED)
clkbuf_leaf_458_clk/X                     8      9        (VIOLATED)
clkbuf_leaf_45_clk/X                      8      9        (VIOLATED)
clkbuf_leaf_465_clk/X                     8      9        (VIOLATED)
clkbuf_leaf_485_clk/X                     8      9        (VIOLATED)
clkbuf_leaf_497_clk/X                     8      9        (VIOLATED)
clkbuf_leaf_507_clk/X                     8      9        (VIOLATED)
clkbuf_leaf_514_clk/X                     8      9        (VIOLATED)
clkbuf_leaf_518_clk/X                     8      9        (VIOLATED)
clkbuf_leaf_52_clk/X                      8      9        (VIOLATED)
clkbuf_leaf_530_clk/X                     8      9        (VIOLATED)
clkbuf_leaf_53_clk/X                      8      9        (VIOLATED)
clkbuf_leaf_559_clk/X                     8      9        (VIOLATED)
clkbuf_leaf_566_clk/X                     8      9        (VIOLATED)
clkbuf_leaf_571_clk/X                     8      9        (VIOLATED)
clkbuf_leaf_572_clk/X                     8      9        (VIOLATED)
clkbuf_leaf_581_clk/X                     8      9        (VIOLATED)
clkbuf_leaf_586_clk/X                     8      9        (VIOLATED)
clkbuf_leaf_616_clk/X                     8      9        (VIOLATED)
clkbuf_leaf_624_clk/X                     8      9        (VIOLATED)
clkbuf_leaf_640_clk/X                     8      9        (VIOLATED)
clkbuf_leaf_642_clk/X                     8      9        (VIOLATED)
clkbuf_leaf_643_clk/X                     8      9        (VIOLATED)
clkbuf_leaf_646_clk/X                     8      9        (VIOLATED)
clkbuf_leaf_669_clk/X                     8      9        (VIOLATED)
clkbuf_leaf_670_clk/X                     8      9        (VIOLATED)
clkbuf_leaf_674_clk/X                     8      9        (VIOLATED)
clkbuf_leaf_716_clk/X                     8      9        (VIOLATED)
clkbuf_leaf_71_clk/X                      8      9        (VIOLATED)
clkbuf_leaf_736_clk/X                     8      9        (VIOLATED)
clkbuf_leaf_744_clk/X                     8      9        (VIOLATED)
clkbuf_leaf_765_clk/X                     8      9        (VIOLATED)
clkbuf_leaf_776_clk/X                     8      9        (VIOLATED)
clkbuf_leaf_786_clk/X                     8      9        (VIOLATED)
clkbuf_leaf_787_clk/X                     8      9        (VIOLATED)
clkbuf_leaf_825_clk/X                     8      9        (VIOLATED)
clkbuf_leaf_827_clk/X                     8      9        (VIOLATED)
clkbuf_leaf_847_clk/X                     8      9        (VIOLATED)
clkbuf_leaf_8_clk/X                       8      9        (VIOLATED)
input53/X                                 8      9        (VIOLATED)



===========================================================================
report_parasitic_annotation -report_unannotated
============================================================================
Found 17 unannotated drivers.
 hft_top_624/HI
 hft_top_625/HI
 hft_top_626/HI
 hft_top_627/HI
 hft_top_628/HI
 hft_top_629/HI
 hft_top_630/HI
 hft_top_631/HI
 hft_top_632/HI
 hft_top_633/HI
 hft_top_634/HI
 hft_top_635/HI
 hft_top_636/HI
 hft_top_637/HI
 hft_top_638/HI
 hft_top_639/HI
 hft_top_640/LO
Found 0 partially unannotated drivers.

===========================================================================
max slew violation count 81
max fanout violation count 362
max cap violation count 0
============================================================================

===========================================================================
check_setup -verbose -unconstrained_endpoints -multiple_clock -no_clock -no_input_delay -loops -generated_clocks
===========================================================================
Warning: There are 17 unconstrained endpoints.
  o_best_ask_quantity[24]
  o_best_ask_quantity[25]
  o_best_ask_quantity[26]
  o_best_ask_quantity[27]
  o_best_ask_quantity[28]
  o_best_ask_quantity[29]
  o_best_ask_quantity[30]
  o_best_ask_quantity[31]
  o_best_bid_quantity[24]
  o_best_bid_quantity[25]
  o_best_bid_quantity[26]
  o_best_bid_quantity[27]
  o_best_bid_quantity[28]
  o_best_bid_quantity[29]
  o_best_bid_quantity[30]
  o_best_bid_quantity[31]
  rx_tready_chunk
