Partial/Required:  9.40, Required:    400.0, Partial:  3759.92, Net: net604, Pin: output262/A, Layer: met1
Partial/Required:  8.72, Required:    400.0, Partial:  3489.26, Net: net218, Pin: output218/A, Layer: met1
Partial/Required:  8.49, Required:    400.0, Partial:  3397.79, Net: net530, Pin: output530/A, Layer: met1
Partial/Required:  8.34, Required:    400.0, Partial:  3335.81, Net: net526, Pin: output526/A, Layer: met1
Partial/Required:  8.13, Required:    400.0, Partial:  3252.67, Net: net370, Pin: output370/A, Layer: met1
Partial/Required:  8.12, Required:    400.0, Partial:  3246.62, Net: net594, Pin: output469/A, Layer: met1
Partial/Required:  6.98, Required:    400.0, Partial:  2791.13, Net: net554, Pin: output554/A, Layer: met1
Partial/Required:  6.81, Required:    400.0, Partial:  2723.56, Net: net581, Pin: output581/A, Layer: met1
Partial/Required:  6.80, Required:    400.0, Partial:   2719.0, Net: _12334_, Pin: _28730_/B, Layer: met1
Partial/Required:  6.66, Required:    400.0, Partial:   2664.6, Net: net553, Pin: output553/A, Layer: met1
Partial/Required:  6.66, Required:    400.0, Partial:  2663.09, Net: net474, Pin: output474/A, Layer: met1
Partial/Required:  6.57, Required:    400.0, Partial:  2629.89, Net: net491, Pin: output491/A, Layer: met1
Partial/Required:  6.54, Required:    400.0, Partial:  2615.45, Net: net568, Pin: output568/A, Layer: met1
Partial/Required:  6.50, Required:    400.0, Partial:   2599.6, Net: net608, Pin: output179/A, Layer: met1
Partial/Required:  6.44, Required:    400.0, Partial:   2576.0, Net: net290, Pin: output290/A, Layer: met1
Partial/Required:  6.11, Required:    400.0, Partial:  2443.57, Net: net298, Pin: output298/A, Layer: met1
Partial/Required:  6.02, Required:    400.0, Partial:  2409.12, Net: net194, Pin: output194/A, Layer: met1
Partial/Required:  5.73, Required:    400.0, Partial:  2291.69, Net: net481, Pin: output481/A, Layer: met1
Partial/Required:  5.50, Required:    400.0, Partial:  2198.72, Net: net299, Pin: output299/A, Layer: met1
Partial/Required:  5.36, Required:    400.0, Partial:  2144.56, Net: net619, Pin: output441/A, Layer: met1
Partial/Required:  5.24, Required:    400.0, Partial:  2096.19, Net: net287, Pin: output287/A, Layer: met1
Partial/Required:  4.90, Required:    400.0, Partial:  1959.47, Net: net183, Pin: output183/A, Layer: met1
Partial/Required:  4.75, Required:    400.0, Partial:  1900.83, Net: net330, Pin: output330/A, Layer: met1
Partial/Required:  4.70, Required:    400.0, Partial:  1880.01, Net: net273, Pin: output273/A, Layer: met1
Partial/Required:  4.67, Required:    400.0, Partial:  1868.34, Net: net192, Pin: output192/A, Layer: met1
Partial/Required:  4.62, Required:    400.0, Partial:  1847.74, Net: net482, Pin: output482/A, Layer: met1
Partial/Required:  4.62, Required:    400.0, Partial:  1847.38, Net: net547, Pin: output547/A, Layer: met1
Partial/Required:  4.49, Required:    400.0, Partial:  1797.98, Net: net249, Pin: output249/A, Layer: met1
Partial/Required:  4.44, Required:    400.0, Partial:  1774.72, Net: _02915_, Pin: _41078_/D, Layer: met2
Partial/Required:  4.41, Required:    400.0, Partial:  1764.56, Net: net281, Pin: output281/A, Layer: met2
Partial/Required:  4.40, Required:    400.0, Partial:  1759.14, Net: net444, Pin: output444/A, Layer: met1
Partial/Required:  4.37, Required:    400.0, Partial:  1748.94, Net: net323, Pin: output323/A, Layer: met1
Partial/Required:  4.35, Required:    400.0, Partial:  1738.07, Net: net574, Pin: output574/A, Layer: met2
Partial/Required:  4.28, Required:    400.0, Partial:  1710.47, Net: net467, Pin: output467/A, Layer: met1
Partial/Required:  4.21, Required:    400.0, Partial:   1685.0, Net: net381, Pin: output381/A, Layer: met1
Partial/Required:  4.21, Required:    400.0, Partial:  1684.14, Net: net239, Pin: output239/A, Layer: met1
Partial/Required:  4.20, Required:    400.0, Partial:  1681.18, Net: net558, Pin: output558/A, Layer: met1
Partial/Required:  4.18, Required:    400.0, Partial:  1671.99, Net: net427, Pin: output427/A, Layer: met1
Partial/Required:  4.11, Required:    400.0, Partial:  1645.69, Net: net506, Pin: output506/A, Layer: met1
Partial/Required:  4.08, Required:    400.0, Partial:  1630.57, Net: net460, Pin: output460/A, Layer: met1
Partial/Required:  4.05, Required:    400.0, Partial:  1620.32, Net: net463, Pin: output463/A, Layer: met1
Partial/Required:  4.04, Required:    400.0, Partial:  1617.31, Net: net237, Pin: output237/A, Layer: met1
Partial/Required:  3.97, Required:    400.0, Partial:  1586.93, Net: net221, Pin: output221/A, Layer: met1
Partial/Required:  3.93, Required:    400.0, Partial:  1572.75, Net: net364, Pin: output364/A, Layer: met1
Partial/Required:  3.92, Required:    400.0, Partial:  1566.68, Net: net289, Pin: output289/A, Layer: met1
Partial/Required:  3.89, Required:    400.0, Partial:  1556.43, Net: net209, Pin: output209/A, Layer: met1
Partial/Required:  3.87, Required:    400.0, Partial:  1546.43, Net: net399, Pin: output399/A, Layer: met1
Partial/Required:  3.85, Required:    400.0, Partial:  1538.33, Net: net527, Pin: output527/A, Layer: met1
Partial/Required:  3.84, Required:    400.0, Partial:   1536.3, Net: net528, Pin: output528/A, Layer: met1
Partial/Required:  3.84, Required:    400.0, Partial:  1534.48, Net: net440, Pin: output440/A, Layer: met1
Partial/Required:  3.84, Required:    400.0, Partial:  1534.28, Net: net431, Pin: output431/A, Layer: met1
Partial/Required:  3.83, Required:    400.0, Partial:  1532.31, Net: net513, Pin: output513/A, Layer: met1
Partial/Required:  3.83, Required:    400.0, Partial:  1532.25, Net: net389, Pin: output389/A, Layer: met1
Partial/Required:  3.83, Required:    400.0, Partial:  1531.36, Net: net252, Pin: output252/A, Layer: met2
Partial/Required:  3.79, Required:    400.0, Partial:  1514.03, Net: net374, Pin: output374/A, Layer: met1
Partial/Required:  3.73, Required:    400.0, Partial:  1490.64, Net: net279, Pin: output279/A, Layer: met1
Partial/Required:  3.68, Required:    400.0, Partial:  1473.52, Net: net471, Pin: output471/A, Layer: met1
Partial/Required:  3.62, Required:    400.0, Partial:  1447.65, Net: net277, Pin: output277/A, Layer: met1
Partial/Required:  3.61, Required:    400.0, Partial:  1445.17, Net: net542, Pin: output542/A, Layer: met1
Partial/Required:  3.56, Required:    400.0, Partial:  1423.46, Net: net503, Pin: output503/A, Layer: met1
Partial/Required:  3.51, Required:    400.0, Partial:  1403.81, Net: net536, Pin: output536/A, Layer: met1
Partial/Required:  3.49, Required:    400.0, Partial:  1396.57, Net: net312, Pin: output312/A, Layer: met1
Partial/Required:  3.36, Required:    400.0, Partial:  1343.47, Net: net455, Pin: output455/A, Layer: met1
Partial/Required:  3.29, Required:    400.0, Partial:  1314.62, Net: net332, Pin: output332/A, Layer: met1
Partial/Required:  3.26, Required:    400.0, Partial:  1303.56, Net: _07596_, Pin: _24744_/C, Layer: met1
Partial/Required:  3.19, Required:    400.0, Partial:  1276.83, Net: net212, Pin: output212/A, Layer: met1
Partial/Required:  3.05, Required:    400.0, Partial:  1219.31, Net: _11040_, Pin: _29195_/A, Layer: met1
Partial/Required:  3.02, Required:    400.0, Partial:   1206.0, Net: net608, Pin: output179/A, Layer: met2
Partial/Required:  3.01, Required:    400.0, Partial:  1204.18, Net: net251, Pin: output251/A, Layer: met1
Partial/Required:  2.93, Required:    400.0, Partial:  1172.52, Net: net447, Pin: output447/A, Layer: met1
Partial/Required:  2.92, Required:    400.0, Partial:  1169.43, Net: net238, Pin: output238/A, Layer: met1
Partial/Required:  2.88, Required:    400.0, Partial:  1151.35, Net: net392, Pin: output392/A, Layer: met1
Partial/Required:  2.87, Required:    400.0, Partial:  1149.84, Net: net363, Pin: output363/A, Layer: met1
Partial/Required:  2.86, Required:    400.0, Partial:  1143.42, Net: net574, Pin: output574/A, Layer: met1
Partial/Required:  2.84, Required:    400.0, Partial:  1135.83, Net: _05143_, Pin: _43306_/D, Layer: met2
Partial/Required:  2.74, Required:    400.0, Partial:  1095.42, Net: net361, Pin: output361/A, Layer: met1
Partial/Required:  2.62, Required:    400.0, Partial:  1048.06, Net: net485, Pin: output485/A, Layer: met2
Partial/Required:  2.61, Required:    400.0, Partial:  1044.61, Net: net420, Pin: _25115_/C, Layer: met1
Partial/Required:  2.61, Required:    400.0, Partial:  1044.61, Net: net420, Pin: _25108_/A, Layer: met1
Partial/Required:  2.60, Required:    400.0, Partial:  1039.29, Net: net556, Pin: output556/A, Layer: met1
Partial/Required:  2.59, Required:    400.0, Partial:  1034.09, Net: _08168_, Pin: _23059_/A, Layer: met2
Partial/Required:  2.46, Required:    400.0, Partial:   985.46, Net: net349, Pin: output349/A, Layer: met1
Partial/Required:  2.41, Required:    400.0, Partial:   965.34, Net: net226, Pin: output226/A, Layer: met1
Partial/Required:  2.41, Required:    400.0, Partial:   963.61, Net: _14222_, Pin: _35851_/S, Layer: met1
Partial/Required:  2.40, Required:    400.0, Partial:    960.0, Net: rx_shift_next\[478\], Pin: _21798_/A0, Layer: met1
Partial/Required:  2.40, Required:    400.0, Partial:   958.28, Net: net426, Pin: output426/A, Layer: met2
Partial/Required:  2.35, Required:    400.0, Partial:   941.78, Net: order_tx_inst.patched\[390\], Pin: hold4589/A, Layer: met1
Partial/Required:  2.18, Required:    400.0, Partial:    870.2, Net: _05803_, Pin: _37372_/A, Layer: met1
Partial/Required:  2.15, Required:    400.0, Partial:   858.01, Net: _11220_, Pin: _31393_/A, Layer: met1
Partial/Required:  2.14, Required:    400.0, Partial:   855.25, Net: _11030_, Pin: _26921_/A, Layer: met1
Partial/Required:  2.11, Required:    400.0, Partial:   842.11, Net: _05798_, Pin: _37369_/A, Layer: met1
Partial/Required:  2.09, Required:    400.0, Partial:   836.22, Net: _06243_, Pin: _27518_/B, Layer: met1
Partial/Required:  2.07, Required:    400.0, Partial:   829.35, Net: net324, Pin: output324/A, Layer: met1
Partial/Required:  2.05, Required:    400.0, Partial:   818.33, Net: _14644_, Pin: _31287_/A0, Layer: met1
Partial/Required:  2.05, Required:    400.0, Partial:   818.19, Net: net125, Pin: _24897_/B_N, Layer: met1
Partial/Required:  2.01, Required:    400.0, Partial:   805.33, Net: _09434_, Pin: _25042_/B, Layer: met1
Partial/Required:  1.99, Required:    400.0, Partial:   795.96, Net: _12938_, Pin: _29892_/A, Layer: met1
Partial/Required:  1.98, Required:    400.0, Partial:   790.22, Net: _15252_, Pin: _32605_/A0, Layer: met1
Partial/Required:  1.97, Required:    400.0, Partial:   787.02, Net: net385, Pin: output385/A, Layer: met1
Partial/Required:  1.95, Required:    400.0, Partial:   780.65, Net: _11210_, Pin: _27054_/A, Layer: met1
Partial/Required:  1.95, Required:    400.0, Partial:   779.95, Net: _11151_, Pin: _29215_/A, Layer: met1
Partial/Required:  1.93, Required:    400.0, Partial:   771.58, Net: _07637_, Pin: _22175_/A, Layer: met1
Partial/Required:  1.89, Required:    400.0, Partial:    755.8, Net: _11092_, Pin: _29148_/A, Layer: met1
Partial/Required:  1.88, Required:    400.0, Partial:    753.0, Net: _08888_, Pin: _25306_/A, Layer: met1
Partial/Required:  1.87, Required:    400.0, Partial:   746.22, Net: _05944_, Pin: _35372_/S, Layer: met1
Partial/Required:  1.85, Required:    400.0, Partial:    739.3, Net: net160, Pin: _20353_/A1, Layer: met2
Partial/Required:  1.85, Required:    400.0, Partial:    739.3, Net: net160, Pin: _20040_/B2, Layer: met2
Partial/Required:  1.84, Required:    400.0, Partial:   737.56, Net: _15266_, Pin: _32369_/A0, Layer: met1
Partial/Required:  1.80, Required:    400.0, Partial:   721.75, Net: net226, Pin: _25954_/A1, Layer: met1
Partial/Required:  1.80, Required:    400.0, Partial:   718.44, Net: net462, Pin: _27287_/C, Layer: met1
Partial/Required:  1.79, Required:    400.0, Partial:    717.0, Net: _12376_, Pin: _28747_/A_N, Layer: met1
Partial/Required:  1.79, Required:    400.0, Partial:    716.1, Net: _11210_, Pin: _31238_/A, Layer: met1
Partial/Required:  1.75, Required:    400.0, Partial:   699.34, Net: net612, Pin: output225/A, Layer: met1
Partial/Required:  1.74, Required:    400.0, Partial:   695.33, Net: _11183_, Pin: _29053_/A, Layer: met1
Partial/Required:  1.73, Required:    400.0, Partial:   692.33, Net: net79, Pin: _27326_/B, Layer: met1
Partial/Required:  1.72, Required:    400.0, Partial:   689.88, Net: _08780_, Pin: _24174_/A, Layer: met1
Partial/Required:  1.72, Required:    400.0, Partial:   688.44, Net: _17383_, Pin: _36244_/A, Layer: met1
Partial/Required:  1.71, Required:    400.0, Partial:    683.7, Net: _08399_, Pin: _23453_/A, Layer: met1
Partial/Required:  1.69, Required:    400.0, Partial:   674.83, Net: _11108_, Pin: _26947_/A, Layer: met1
Partial/Required:  1.68, Required:    400.0, Partial:   670.61, Net: _11543_, Pin: _37660_/S, Layer: met1
Partial/Required:  1.66, Required:    400.0, Partial:   662.19, Net: net13, Pin: _19844_/A, Layer: met2
Partial/Required:  1.66, Required:    400.0, Partial:   662.19, Net: net13, Pin: _19846_/B, Layer: met2
Partial/Required:  1.64, Required:    400.0, Partial:   654.04, Net: _12977_, Pin: _36115_/A, Layer: met2
Partial/Required:  1.63, Required:    400.0, Partial:   653.33, Net: _11067_, Pin: _29461_/A, Layer: met1
Partial/Required:  1.62, Required:    400.0, Partial:   649.26, Net: _09065_, Pin: _35964_/A, Layer: met1
Partial/Required:  1.62, Required:    400.0, Partial:    647.0, Net: _15271_, Pin: _32373_/A0, Layer: met1
Partial/Required:  1.61, Required:    400.0, Partial:   644.99, Net: _11034_, Pin: _29061_/A, Layer: met1
Partial/Required:  1.60, Required:    400.0, Partial:    640.0, Net: order_tx_inst.patched\[397\], Pin: _28913_/A, Layer: met1
Partial/Required:  1.60, Required:    400.0, Partial:   638.48, Net: _07931_, Pin: _34089_/A, Layer: met1
Partial/Required:  1.60, Required:    400.0, Partial:   638.44, Net: _08864_, Pin: _24340_/A1, Layer: met1
Partial/Required:  1.60, Required:    400.0, Partial:   638.34, Net: net130, Pin: _24911_/B, Layer: met1
Partial/Required:  1.59, Required:    400.0, Partial:   635.56, Net: order_tx_inst.patched\[392\], Pin: _27571_/A, Layer: met1
Partial/Required:  1.59, Required:    400.0, Partial:   634.88, Net: _08240_, Pin: _27049_/A, Layer: met3
Partial/Required:  1.59, Required:    400.0, Partial:   634.88, Net: _08240_, Pin: _33085_/S, Layer: met3
Partial/Required:  1.59, Required:    400.0, Partial:   634.88, Net: _08240_, Pin: _23214_/A, Layer: met3
Partial/Required:  1.57, Required:    400.0, Partial:    630.0, Net: _18685_, Pin: _37806_/A0, Layer: met1
Partial/Required:  1.57, Required:    400.0, Partial:   629.67, Net: _16684_, Pin: _35753_/A1, Layer: met1
Partial/Required:  1.55, Required:    400.0, Partial:   620.67, Net: _15271_, Pin: _32574_/A0, Layer: met1
Partial/Required:  1.54, Required:    400.0, Partial:   616.95, Net: _08661_, Pin: _23907_/A, Layer: met1
Partial/Required:  1.54, Required:    400.0, Partial:   616.95, Net: _08661_, Pin: _23924_/A, Layer: met1
Partial/Required:  1.54, Required:    400.0, Partial:   615.83, Net: _11154_, Pin: _29929_/A, Layer: met1
Partial/Required:  1.52, Required:    400.0, Partial:   607.78, Net: _13184_, Pin: _29894_/A, Layer: met1
Partial/Required:  1.51, Required:    400.0, Partial:   602.85, Net: _11073_, Pin: _29277_/A, Layer: met1
Partial/Required:  1.50, Required:    400.0, Partial:   601.22, Net: _15927_, Pin: _33562_/S, Layer: met1
Partial/Required:  1.50, Required:    400.0, Partial:   599.57, Net: net211, Pin: output211/A, Layer: met1
Partial/Required:  1.50, Required:    400.0, Partial:   599.57, Net: net214, Pin: output214/A, Layer: met1
Partial/Required:  1.45, Required:    400.0, Partial:    581.5, Net: _09594_, Pin: _27196_/B, Layer: met1
Partial/Required:  1.45, Required:    400.0, Partial:    581.5, Net: _09594_, Pin: _27205_/B, Layer: met1
Partial/Required:  1.45, Required:    400.0, Partial:   580.87, Net: _11184_, Pin: _27028_/A1, Layer: met1
Partial/Required:  1.45, Required:    400.0, Partial:   580.44, Net: _13115_, Pin: _29698_/S1, Layer: met1
Partial/Required:  1.42, Required:    400.0, Partial:   568.15, Net: _09021_, Pin: _28635_/A, Layer: met1
Partial/Required:  1.41, Required:    400.0, Partial:   565.22, Net: _12334_, Pin: _28720_/B, Layer: met1
Partial/Required:  1.41, Required:    400.0, Partial:   562.72, Net: _14045_, Pin: _30832_/B1, Layer: met1
Partial/Required:  1.40, Required:    400.0, Partial:   559.08, Net: _08281_, Pin: _32206_/S, Layer: met2
Partial/Required:  1.40, Required:    400.0, Partial:   558.42, Net: _12759_, Pin: _36667_/A, Layer: met2
Partial/Required:  1.40, Required:    400.0, Partial:   558.12, Net: _12650_, Pin: _36201_/A, Layer: met3
Partial/Required:  1.40, Required:    400.0, Partial:   558.12, Net: _12650_, Pin: _36699_/A, Layer: met3
Partial/Required:  1.40, Required:    400.0, Partial:   558.12, Net: _12650_, Pin: _37335_/B1, Layer: met3
Partial/Required:  1.39, Required:    400.0, Partial:   555.73, Net: net280, Pin: output280/A, Layer: met1
Partial/Required:  1.38, Required:    400.0, Partial:   553.36, Net: _08740_, Pin: _33378_/S, Layer: met2
Partial/Required:  1.37, Required:    400.0, Partial:   549.57, Net: net236, Pin: output236/A, Layer: met2
Partial/Required:  1.37, Required:    400.0, Partial:   549.53, Net: _11106_, Pin: _26945_/A, Layer: met3
Partial/Required:  1.37, Required:    400.0, Partial:   549.53, Net: _11106_, Pin: _29791_/A, Layer: met3
Partial/Required:  1.37, Required:    400.0, Partial:   549.53, Net: _11106_, Pin: _29290_/A, Layer: met3
Partial/Required:  1.37, Required:    400.0, Partial:   547.39, Net: _10877_, Pin: _26735_/A, Layer: met1
Partial/Required:  1.36, Required:    400.0, Partial:   543.11, Net: _14164_, Pin: _30829_/A, Layer: met1
Partial/Required:  1.36, Required:    400.0, Partial:    543.0, Net: _16014_, Pin: _33947_/A1, Layer: met1
Partial/Required:  1.36, Required:    400.0, Partial:   542.52, Net: _07666_, Pin: _35811_/A, Layer: met2
Partial/Required:  1.35, Required:    400.0, Partial:    538.9, Net: _11543_, Pin: _34341_/A, Layer: met1
Partial/Required:  1.33, Required:    400.0, Partial:   533.05, Net: _08437_, Pin: _23540_/A, Layer: met1
Partial/Required:  1.33, Required:    400.0, Partial:   532.78, Net: _15254_, Pin: _32607_/A0, Layer: met1
Partial/Required:  1.33, Required:    400.0, Partial:   532.11, Net: net675, Pin: _20928_/A1, Layer: met1
Partial/Required:  1.32, Required:    400.0, Partial:   527.66, Net: _12696_, Pin: _29654_/A, Layer: met1
Partial/Required:  1.32, Required:    400.0, Partial:   526.44, Net: _13159_, Pin: _29928_/A, Layer: met1
Partial/Required:  1.31, Required:    400.0, Partial:   524.11, Net: _14139_, Pin: _30988_/A, Layer: met1
Partial/Required:  1.29, Required:    400.0, Partial:   517.52, Net: _08993_, Pin: _26708_/B1, Layer: met1
Partial/Required:  1.29, Required:    400.0, Partial:   514.78, Net: _18253_, Pin: _37268_/A, Layer: met1
Partial/Required:  1.29, Required:    400.0, Partial:   514.29, Net: net4, Pin: _19863_/A2, Layer: met3
Partial/Required:  1.29, Required:    400.0, Partial:   514.29, Net: net4, Pin: _19860_/B, Layer: met3
Partial/Required:  1.28, Required:    400.0, Partial:    513.4, Net: _11108_, Pin: _29537_/A, Layer: met1
Partial/Required:  1.28, Required:    400.0, Partial:   512.48, Net: _07724_, Pin: _33725_/A, Layer: met1
Partial/Required:  1.28, Required:    400.0, Partial:   512.11, Net: rx_shift_next\[477\], Pin: _21794_/A0, Layer: met1
Partial/Required:  1.27, Required:    400.0, Partial:   509.94, Net: _15344_, Pin: _32463_/S, Layer: met1
Partial/Required:  1.27, Required:    400.0, Partial:   508.86, Net: net327, Pin: output327/A, Layer: met1
Partial/Required:  1.27, Required:    400.0, Partial:   508.02, Net: _11543_, Pin: _37624_/A, Layer: met2
Partial/Required:  1.27, Required:    400.0, Partial:   506.22, Net: _08907_, Pin: _24344_/S, Layer: met1
Partial/Required:  1.26, Required:    400.0, Partial:   504.67, Net: _08554_, Pin: _31111_/A0, Layer: met1
Partial/Required:  1.25, Required:    400.0, Partial:   501.56, Net: _08084_, Pin: _24093_/A1, Layer: met1
Partial/Required:  1.23, Required:    400.0, Partial:   492.33, Net: book_inst.order_price\[39\]\[28\], Pin: _24183_/A1, Layer: met1
Partial/Required:  1.23, Required:    400.0, Partial:   492.11, Net: net68, Pin: _27369_/B, Layer: met1
Partial/Required:  1.23, Required:    400.0, Partial:   490.56, Net: net667, Pin: _20906_/A1, Layer: met1
Partial/Required:  1.22, Required:    400.0, Partial:   489.32, Net: _07724_, Pin: _23310_/A, Layer: met2
Partial/Required:  1.22, Required:    400.0, Partial:   488.78, Net: _16675_, Pin: _35404_/A1, Layer: met1
Partial/Required:  1.22, Required:    400.0, Partial:   486.19, Net: net524, Pin: output524/A, Layer: met1
Partial/Required:  1.21, Required:    400.0, Partial:   485.14, Net: _09066_, Pin: _30961_/A, Layer: met1
Partial/Required:  1.21, Required:    400.0, Partial:   483.11, Net: _05868_, Pin: _19435_/A0, Layer: met1
Partial/Required:  1.21, Required:    400.0, Partial:    482.2, Net: _17591_, Pin: _36517_/S0, Layer: met1
Partial/Required:  1.20, Required:    400.0, Partial:   480.89, Net: _07161_, Pin: _21488_/A, Layer: met1
Partial/Required:  1.20, Required:    400.0, Partial:   478.44, Net: net58, Pin: _27349_/B, Layer: met1
Partial/Required:  1.19, Required:    400.0, Partial:   475.12, Net: net375, Pin: output375/A, Layer: met1
Partial/Required:  1.19, Required:    400.0, Partial:   474.83, Net: _08122_, Pin: _33081_/S, Layer: met1
Partial/Required:  1.18, Required:    400.0, Partial:   472.11, Net: _14114_, Pin: _35866_/S1, Layer: met1
Partial/Required:  1.17, Required:    400.0, Partial:   468.78, Net: _13402_, Pin: _29865_/A, Layer: met1
Partial/Required:  1.17, Required:    400.0, Partial:   468.48, Net: _09074_, Pin: _26859_/A, Layer: met1
Partial/Required:  1.17, Required:    400.0, Partial:   466.83, Net: _17399_, Pin: _36321_/S, Layer: met1
Partial/Required:  1.16, Required:    400.0, Partial:   463.75, Net: _15223_, Pin: _32257_/S, Layer: met2
Partial/Required:  1.16, Required:    400.0, Partial:   462.75, Net: net602, Pin: output266/A, Layer: met2
Partial/Required:  1.15, Required:    400.0, Partial:   459.44, Net: _06122_, Pin: _20334_/A, Layer: met1
Partial/Required:  1.15, Required:    400.0, Partial:   458.56, Net: _08476_, Pin: _33098_/S, Layer: met1
Partial/Required:  1.14, Required:    400.0, Partial:   455.44, Net: _15256_, Pin: _32609_/A0, Layer: met1
Partial/Required:  1.13, Required:    400.0, Partial:   452.58, Net: _07695_, Pin: _33817_/A, Layer: met1
Partial/Required:  1.12, Required:    400.0, Partial:   449.13, Net: _11032_, Pin: _29262_/A, Layer: met1
Partial/Required:  1.12, Required:    400.0, Partial:   448.45, Net: _11067_, Pin: _29461_/A, Layer: met3
Partial/Required:  1.12, Required:    400.0, Partial:   448.45, Net: _11067_, Pin: _26906_/A, Layer: met3
Partial/Required:  1.12, Required:    400.0, Partial:   446.36, Net: _02447_, Pin: _40609_/D, Layer: met1
Partial/Required:  1.11, Required:    400.0, Partial:    446.0, Net: _14303_, Pin: _30796_/A0, Layer: met1
Partial/Required:  1.11, Required:    400.0, Partial:   444.51, Net: _09642_, Pin: _25361_/A, Layer: met3
Partial/Required:  1.11, Required:    400.0, Partial:   444.51, Net: _09642_, Pin: _25789_/A, Layer: met3
Partial/Required:  1.11, Required:    400.0, Partial:   444.33, Net: _15025_, Pin: _32786_/A1, Layer: met1
Partial/Required:  1.11, Required:    400.0, Partial:    443.5, Net: _06091_, Pin: _35644_/S, Layer: met1
Partial/Required:  1.11, Required:    400.0, Partial:   442.33, Net: _09985_, Pin: _28675_/A, Layer: met1
Partial/Required:  1.10, Required:    400.0, Partial:   438.11, Net: _14853_, Pin: _32175_/A0, Layer: met1
Partial/Required:  1.09, Required:    400.0, Partial:   437.56, Net: _14164_, Pin: _30952_/A, Layer: met1
Partial/Required:  1.09, Required:    400.0, Partial:   437.56, Net: _14164_, Pin: _30890_/A, Layer: met1
Partial/Required:  1.09, Required:    400.0, Partial:   436.11, Net: _16692_, Pin: _35762_/A1, Layer: met1
Partial/Required:  1.09, Required:    400.0, Partial:   434.35, Net: _11547_, Pin: _34443_/A, Layer: met3
Partial/Required:  1.09, Required:    400.0, Partial:   434.35, Net: _11547_, Pin: _34426_/A, Layer: met3
Partial/Required:  1.09, Required:    400.0, Partial:   434.35, Net: _11547_, Pin: _27504_/A, Layer: met3
Partial/Required:  1.08, Required:    400.0, Partial:   433.58, Net: net193, Pin: _25454_/A, Layer: met3
Partial/Required:  1.08, Required:    400.0, Partial:   432.87, Net: _11086_, Pin: _29440_/A, Layer: met2
Partial/Required:  1.08, Required:    400.0, Partial:   432.87, Net: _11086_, Pin: _29939_/A, Layer: met2
Partial/Required:  1.08, Required:    400.0, Partial:   432.22, Net: _09594_, Pin: _25284_/B, Layer: met1
Partial/Required:  1.08, Required:    400.0, Partial:    432.0, Net: _14052_, Pin: _30542_/A0, Layer: met1
Partial/Required:  1.08, Required:   3312.8, Partial:  3573.06, Net: net137, Pin: _20381_/A1, Layer: met2
Partial/Required:  1.07, Required:    400.0, Partial:   428.67, Net: order_tx_inst.o_tdata\[400\], Pin: _28274_/A0, Layer: met1
Partial/Required:  1.07, Required:    400.0, Partial:   426.89, Net: _11186_, Pin: _29054_/S0, Layer: met1
Partial/Required:  1.07, Required:    400.0, Partial:   426.67, Net: _18594_, Pin: _37291_/B, Layer: met1
Partial/Required:  1.07, Required:    400.0, Partial:   426.44, Net: _08562_, Pin: _23734_/A0, Layer: met1
Partial/Required:  1.06, Required:    400.0, Partial:   425.44, Net: _11431_, Pin: _27339_/A, Layer: met1
Partial/Required:  1.06, Required:    400.0, Partial:    424.0, Net: net5168, Pin: _25705_/A, Layer: met1
Partial/Required:  1.05, Required:    400.0, Partial:   419.84, Net: net299, Pin: output299/A, Layer: met2
Partial/Required:  1.05, Required:    400.0, Partial:   418.78, Net: _08228_, Pin: _23147_/A0, Layer: met1
Partial/Required:  1.05, Required:    400.0, Partial:   418.06, Net: _15160_, Pin: _32135_/S, Layer: met1
Partial/Required:  1.04, Required:    400.0, Partial:   416.67, Net: _17336_, Pin: _36011_/A1, Layer: met1
Partial/Required:  1.04, Required:    400.0, Partial:   416.44, Net: net138, Pin: _20384_/A1, Layer: met1
Partial/Required:  1.04, Required:    400.0, Partial:   416.12, Net: net480, Pin: output480/A, Layer: met1
Partial/Required:  1.04, Required:    400.0, Partial:   415.73, Net: order_tx_inst.patched\[416\], Pin: _43724_/A, Layer: met1
Partial/Required:  1.04, Required:    400.0, Partial:   414.63, Net: _10705_, Pin: _26522_/B1, Layer: met1
Partial/Required:  1.03, Required:    400.0, Partial:   411.99, Net: _06312_, Pin: _20175_/A, Layer: met1
Partial/Required:  1.02, Required:    400.0, Partial:   408.33, Net: _05883_, Pin: _22543_/A0, Layer: met1
Partial/Required:  1.02, Required:    400.0, Partial:   407.51, Net: _08584_, Pin: _23766_/A, Layer: met1
Partial/Required:  1.02, Required:    400.0, Partial:   407.28, Net: _11216_, Pin: _37560_/S, Layer: met1
Partial/Required:  1.02, Required:    400.0, Partial:   407.28, Net: _15370_, Pin: _32503_/S, Layer: met1
Partial/Required:  1.01, Required:    400.0, Partial:   405.11, Net: _17769_, Pin: _36513_/A, Layer: met1
Partial/Required:  1.01, Required:    400.0, Partial:   404.11, Net: _08860_, Pin: _24336_/A1, Layer: met1
Partial/Required:  1.01, Required:    400.0, Partial:    404.0, Net: _05784_, Pin: _19339_/A0, Layer: met1
Partial/Required:  1.01, Required:    400.0, Partial:    404.0, Net: _15065_, Pin: _33493_/A1, Layer: met1
Partial/Required:  1.01, Required:    400.0, Partial:   402.06, Net: _15205_, Pin: _32217_/S, Layer: met1
Partial/Required:  1.00, Required:    400.0, Partial:   401.81, Net: _13904_, Pin: _30373_/S1, Layer: met2
Partial/Required:  1.00, Required:    400.0, Partial:   401.53, Net: _14299_, Pin: _35862_/S, Layer: met2
Partial/Required:  1.00, Required:    400.0, Partial:   401.13, Net: _08399_, Pin: _32208_/A, Layer: met3
Partial/Required:  1.00, Required:    400.0, Partial:   401.13, Net: _08399_, Pin: _33094_/S, Layer: met3
Partial/Required:  1.00, Required:    400.0, Partial:   401.13, Net: _08399_, Pin: _23504_/A, Layer: met3
Partial/Required:  1.00, Required:    400.0, Partial:   401.13, Net: _08399_, Pin: _32225_/A, Layer: met3
