
===========================================================================
report_checks -unconstrained
===========================================================================
======================= Typical Corner ===================================

Startpoint: _40095_ (rising edge-triggered flip-flop clocked by clk)
Endpoint: _40123_ (rising edge-triggered flip-flop clocked by clk)
Path Group: clk
Path Type: max

Fanout     Cap    Slew   Delay    Time   Description
-----------------------------------------------------------------------------
                          0.00    0.00   clock clk (rise edge)
                          0.00    0.00   clock source latency
                  0.64    0.47    0.47 ^ clk (in)
     2    0.14                           clk (net)
                  0.64    0.00    0.47 ^ clkbuf_0_clk/A (sky130_fd_sc_hd__clkbuf_16)
                  0.22    0.42    0.89 ^ clkbuf_0_clk/X (sky130_fd_sc_hd__clkbuf_16)
     4    0.21                           clknet_0_clk (net)
                  0.22    0.01    0.90 ^ clkbuf_2_1_0_clk/A (sky130_fd_sc_hd__clkbuf_16)
                  0.33    0.41    1.31 ^ clkbuf_2_1_0_clk/X (sky130_fd_sc_hd__clkbuf_16)
    16    0.32                           clknet_2_1_0_clk (net)
                  0.33    0.01    1.32 ^ clkbuf_6_22_0_clk/A (sky130_fd_sc_hd__clkbuf_16)
                  0.10    0.27    1.59 ^ clkbuf_6_22_0_clk/X (sky130_fd_sc_hd__clkbuf_16)
     6    0.09                           clknet_6_22_0_clk (net)
                  0.11    0.00    1.60 ^ clkbuf_leaf_469_clk/A (sky130_fd_sc_hd__clkbuf_16)
                  0.05    0.17    1.76 ^ clkbuf_leaf_469_clk/X (sky130_fd_sc_hd__clkbuf_16)
    11    0.03                           clknet_leaf_469_clk (net)
                  0.05    0.00    1.76 ^ _40095_/CLK (sky130_fd_sc_hd__dfxtp_2)
                  0.21    0.47    2.23 ^ _40095_/Q (sky130_fd_sc_hd__dfxtp_2)
     7    0.04                           book_inst.qa_val[13] (net)
                  0.21    0.00    2.23 ^ _18517_/A (sky130_fd_sc_hd__or2b_1)
                  0.14    0.22    2.45 ^ _18517_/X (sky130_fd_sc_hd__or2b_1)
     4    0.02                           _05410_ (net)
                  0.14    0.00    2.45 ^ _18518_/B (sky130_fd_sc_hd__and2_1)
                  0.09    0.19    2.64 ^ _18518_/X (sky130_fd_sc_hd__and2_1)
     2    0.01                           _05411_ (net)
                  0.09    0.00    2.64 ^ _18519_/D_N (sky130_fd_sc_hd__or4b_1)
                  0.12    0.52    3.16 v _18519_/X (sky130_fd_sc_hd__or4b_1)
     2    0.01                           _05412_ (net)
                  0.12    0.00    3.16 v _18530_/A (sky130_fd_sc_hd__or4b_2)
                  0.14    0.79    3.94 v _18530_/X (sky130_fd_sc_hd__or4b_2)
     2    0.01                           _05423_ (net)
                  0.14    0.00    3.94 v _18531_/C (sky130_fd_sc_hd__or3_2)
                  0.13    0.55    4.49 v _18531_/X (sky130_fd_sc_hd__or3_2)
     4    0.02                           _05424_ (net)
                  0.13    0.00    4.49 v _18560_/A (sky130_fd_sc_hd__or2_4)
                  0.09    0.35    4.85 v _18560_/X (sky130_fd_sc_hd__or2_4)
     8    0.04                           _05453_ (net)
                  0.09    0.00    4.85 v _18602_/A1 (sky130_fd_sc_hd__a21oi_2)
                  0.26    0.28    5.12 ^ _18602_/Y (sky130_fd_sc_hd__a21oi_2)
     4    0.02                           _05495_ (net)
                  0.26    0.00    5.13 ^ _18603_/A (sky130_fd_sc_hd__buf_6)
                  0.15    0.25    5.37 ^ _18603_/X (sky130_fd_sc_hd__buf_6)
     8    0.08                           _05496_ (net)
                  0.15    0.00    5.38 ^ _29496_/S (sky130_fd_sc_hd__mux2_4)
                  0.10    0.40    5.77 v _29496_/X (sky130_fd_sc_hd__mux2_4)
     6    0.04                           _13057_ (net)
                  0.10    0.00    5.78 v _29497_/B (sky130_fd_sc_hd__xor2_2)
                  0.22    0.24    6.02 ^ _29497_/X (sky130_fd_sc_hd__xor2_2)
     4    0.02                           _13058_ (net)
                  0.22    0.00    6.02 ^ _29509_/B (sky130_fd_sc_hd__nand4_2)
                  0.20    0.23    6.25 v _29509_/Y (sky130_fd_sc_hd__nand4_2)
     2    0.02                           _13070_ (net)
                  0.20    0.00    6.25 v _29533_/A1 (sky130_fd_sc_hd__o31a_2)
                  0.12    0.51    6.76 v _29533_/X (sky130_fd_sc_hd__o31a_2)
     5    0.03                           _13094_ (net)
                  0.12    0.00    6.76 v _29534_/B (sky130_fd_sc_hd__nor2_1)
                  0.27    0.27    7.03 ^ _29534_/Y (sky130_fd_sc_hd__nor2_1)
     2    0.01                           _13095_ (net)
                  0.27    0.00    7.03 ^ _29535_/B1 (sky130_fd_sc_hd__a21o_1)
                  0.14    0.21    7.24 ^ _29535_/X (sky130_fd_sc_hd__a21o_1)
     3    0.02                           _13096_ (net)
                  0.14    0.00    7.24 ^ _29536_/B_N (sky130_fd_sc_hd__or2b_1)
                  0.05    0.25    7.49 v _29536_/X (sky130_fd_sc_hd__or2b_1)
     1    0.00                           _13097_ (net)
                  0.05    0.00    7.49 v _29555_/A2 (sky130_fd_sc_hd__a31o_1)
                  0.06    0.24    7.73 v _29555_/X (sky130_fd_sc_hd__a31o_1)
     3    0.01                           _13116_ (net)
                  0.06    0.00    7.73 v _29556_/B (sky130_fd_sc_hd__or2_2)
                  0.12    0.38    8.11 v _29556_/X (sky130_fd_sc_hd__or2_2)
     4    0.03                           _13117_ (net)
                  0.12    0.00    8.11 v _29678_/A (sky130_fd_sc_hd__clkbuf_4)
                  0.10    0.24    8.36 v _29678_/X (sky130_fd_sc_hd__clkbuf_4)
     8    0.05                           _13230_ (net)
                  0.10    0.00    8.36 v _29763_/A (sky130_fd_sc_hd__nor2_1)
                  0.09    0.13    8.49 ^ _29763_/Y (sky130_fd_sc_hd__nor2_1)
     1    0.00                           _13310_ (net)
                  0.09    0.00    8.49 ^ _29764_/A2 (sky130_fd_sc_hd__o21a_1)
                  0.05    0.13    8.62 ^ _29764_/X (sky130_fd_sc_hd__o21a_1)
     1    0.00                           _03339_ (net)
                  0.05    0.00    8.62 ^ _40123_/D (sky130_fd_sc_hd__dfxtp_4)
                                  8.62   data arrival time

                          8.00    8.00   clock clk (rise edge)
                          0.00    8.00   clock source latency
                  0.64    0.43    8.43 ^ clk (in)
     2    0.14                           clk (net)
                  0.64    0.00    8.43 ^ clkbuf_0_clk/A (sky130_fd_sc_hd__clkbuf_16)
                  0.22    0.38    8.81 ^ clkbuf_0_clk/X (sky130_fd_sc_hd__clkbuf_16)
     4    0.21                           clknet_0_clk (net)
                  0.22    0.01    8.81 ^ clkbuf_2_1_0_clk/A (sky130_fd_sc_hd__clkbuf_16)
                  0.33    0.37    9.18 ^ clkbuf_2_1_0_clk/X (sky130_fd_sc_hd__clkbuf_16)
    16    0.32                           clknet_2_1_0_clk (net)
                  0.33    0.01    9.19 ^ clkbuf_6_21_0_clk/A (sky130_fd_sc_hd__clkbuf_16)
                  0.09    0.23    9.43 ^ clkbuf_6_21_0_clk/X (sky130_fd_sc_hd__clkbuf_16)
     5    0.06                           clknet_6_21_0_clk (net)
                  0.09    0.00    9.43 ^ _40123_/CLK (sky130_fd_sc_hd__dfxtp_4)
                         -0.25    9.18   clock uncertainty
                          0.12    9.30   clock reconvergence pessimism
                         -0.06    9.25   library setup time
                                  9.25   data required time
-----------------------------------------------------------------------------
                                  9.25   data required time
                                 -8.62   data arrival time
-----------------------------------------------------------------------------
                                  0.63   slack (MET)




===========================================================================
report_checks --slack_max -0.01
============================================================================
======================= Typical Corner ===================================

No paths found.


===========================================================================
 report_check_types -max_slew -max_cap -max_fanout -violators
============================================================================
======================= Typical Corner ===================================

max slew

Pin                                    Limit    Slew   Slack
------------------------------------------------------------
output433/A                             0.75    0.76   -0.01 (VIOLATED)

max fanout

Pin                                   Limit Fanout  Slack
---------------------------------------------------------
_42274_/X                                 8     32    -24 (VIOLATED)
_33673_/X                                 8     28    -20 (VIOLATED)
_42233_/X                                 8     28    -20 (VIOLATED)
input10/X                                 8     24    -16 (VIOLATED)
input156/X                                8     24    -16 (VIOLATED)
input160/X                                8     24    -16 (VIOLATED)
input170/X                                8     24    -16 (VIOLATED)
_21019_/X                                 8     23    -15 (VIOLATED)
_42261_/X                                 8     23    -15 (VIOLATED)
input164/X                                8     23    -15 (VIOLATED)
input166/X                                8     23    -15 (VIOLATED)
input178/X                                8     23    -15 (VIOLATED)
input56/X                                 8     23    -15 (VIOLATED)
input57/X                                 8     23    -15 (VIOLATED)
input64/X                                 8     23    -15 (VIOLATED)
input80/X                                 8     23    -15 (VIOLATED)
input82/X                                 8     23    -15 (VIOLATED)
_21698_/X                                 8     22    -14 (VIOLATED)
_42243_/X                                 8     22    -14 (VIOLATED)
input171/X                                8     22    -14 (VIOLATED)
input172/X                                8     22    -14 (VIOLATED)
wire668/X                                 8     22    -14 (VIOLATED)
wire673/X                                 8     22    -14 (VIOLATED)
_40176_/Q                                 8     19    -11 (VIOLATED)
_40209_/Q                                 8     19    -11 (VIOLATED)
_42286_/X                                 8     19    -11 (VIOLATED)
_42293_/X                                 8     19    -11 (VIOLATED)
_21007_/X                                 8     18    -10 (VIOLATED)
_40153_/Q                                 8     18    -10 (VIOLATED)
_40215_/Q                                 8     18    -10 (VIOLATED)
_42183_/X                                 8     18    -10 (VIOLATED)
_42198_/X                                 8     18    -10 (VIOLATED)
_42206_/X                                 8     18    -10 (VIOLATED)
_42267_/X                                 8     18    -10 (VIOLATED)
_42295_/X                                 8     18    -10 (VIOLATED)
clkbuf_leaf_299_clk/X                     8     18    -10 (VIOLATED)
clkbuf_leaf_397_clk/X                     8     18    -10 (VIOLATED)
_21197_/X                                 8     17     -9 (VIOLATED)
_37197_/Q                                 8     17     -9 (VIOLATED)
_37291_/Q                                 8     17     -9 (VIOLATED)
_40116_/Q                                 8     17     -9 (VIOLATED)
_40165_/Q                                 8     17     -9 (VIOLATED)
_40178_/Q                                 8     17     -9 (VIOLATED)
_40185_/Q                                 8     17     -9 (VIOLATED)
_40190_/Q                                 8     17     -9 (VIOLATED)
_42262_/X                                 8     17     -9 (VIOLATED)
clkbuf_leaf_269_clk/X                     8     17     -9 (VIOLATED)
clkbuf_leaf_314_clk/X                     8     17     -9 (VIOLATED)
clkbuf_leaf_390_clk/X                     8     17     -9 (VIOLATED)
clkbuf_leaf_425_clk/X                     8     17     -9 (VIOLATED)
clkbuf_leaf_65_clk/X                      8     17     -9 (VIOLATED)
input68/X                                 8     17     -9 (VIOLATED)
_20976_/X                                 8     16     -8 (VIOLATED)
_23766_/X                                 8     16     -8 (VIOLATED)
_37151_/Q                                 8     16     -8 (VIOLATED)
_40130_/Q                                 8     16     -8 (VIOLATED)
_40147_/Q                                 8     16     -8 (VIOLATED)
_40440_/Q                                 8     16     -8 (VIOLATED)
_40448_/Q                                 8     16     -8 (VIOLATED)
_42195_/X                                 8     16     -8 (VIOLATED)
_42196_/X                                 8     16     -8 (VIOLATED)
clkbuf_2_0_0_clk/X                        8     16     -8 (VIOLATED)
clkbuf_2_1_0_clk/X                        8     16     -8 (VIOLATED)
clkbuf_2_2_0_clk/X                        8     16     -8 (VIOLATED)
clkbuf_2_3_0_clk/X                        8     16     -8 (VIOLATED)
clkbuf_leaf_0_clk/X                       8     16     -8 (VIOLATED)
clkbuf_leaf_161_clk/X                     8     16     -8 (VIOLATED)
clkbuf_leaf_166_clk/X                     8     16     -8 (VIOLATED)
clkbuf_leaf_16_clk/X                      8     16     -8 (VIOLATED)
clkbuf_leaf_183_clk/X                     8     16     -8 (VIOLATED)
clkbuf_leaf_202_clk/X                     8     16     -8 (VIOLATED)
clkbuf_leaf_222_clk/X                     8     16     -8 (VIOLATED)
clkbuf_leaf_260_clk/X                     8     16     -8 (VIOLATED)
clkbuf_leaf_320_clk/X                     8     16     -8 (VIOLATED)
clkbuf_leaf_419_clk/X                     8     16     -8 (VIOLATED)
clkbuf_leaf_548_clk/X                     8     16     -8 (VIOLATED)
input207/X                                8     16     -8 (VIOLATED)
_20930_/X                                 8     15     -7 (VIOLATED)
_26450_/X                                 8     15     -7 (VIOLATED)
_26588_/X                                 8     15     -7 (VIOLATED)
_37161_/Q                                 8     15     -7 (VIOLATED)
_37189_/Q                                 8     15     -7 (VIOLATED)
_37192_/Q                                 8     15     -7 (VIOLATED)
_37297_/Q                                 8     15     -7 (VIOLATED)
_37343_/Q                                 8     15     -7 (VIOLATED)
_40138_/Q                                 8     15     -7 (VIOLATED)
_40158_/Q                                 8     15     -7 (VIOLATED)
_40220_/Q                                 8     15     -7 (VIOLATED)
_40438_/Q                                 8     15     -7 (VIOLATED)
_40450_/Q                                 8     15     -7 (VIOLATED)
_40460_/Q                                 8     15     -7 (VIOLATED)
_40461_/Q                                 8     15     -7 (VIOLATED)
_42236_/X                                 8     15     -7 (VIOLATED)
_42252_/X                                 8     15     -7 (VIOLATED)
_42256_/X                                 8     15     -7 (VIOLATED)
_42302_/X                                 8     15     -7 (VIOLATED)
_42305_/X                                 8     15     -7 (VIOLATED)
clkbuf_leaf_100_clk/X                     8     15     -7 (VIOLATED)
clkbuf_leaf_137_clk/X                     8     15     -7 (VIOLATED)
clkbuf_leaf_150_clk/X                     8     15     -7 (VIOLATED)
clkbuf_leaf_21_clk/X                      8     15     -7 (VIOLATED)
clkbuf_leaf_241_clk/X                     8     15     -7 (VIOLATED)
clkbuf_leaf_243_clk/X                     8     15     -7 (VIOLATED)
clkbuf_leaf_245_clk/X                     8     15     -7 (VIOLATED)
clkbuf_leaf_276_clk/X                     8     15     -7 (VIOLATED)
clkbuf_leaf_312_clk/X                     8     15     -7 (VIOLATED)
clkbuf_leaf_315_clk/X                     8     15     -7 (VIOLATED)
clkbuf_leaf_328_clk/X                     8     15     -7 (VIOLATED)
clkbuf_leaf_524_clk/X                     8     15     -7 (VIOLATED)
clkbuf_leaf_530_clk/X                     8     15     -7 (VIOLATED)
clkbuf_leaf_64_clk/X                      8     15     -7 (VIOLATED)
clkbuf_leaf_98_clk/X                      8     15     -7 (VIOLATED)
fanout666/X                               8     15     -7 (VIOLATED)
input168/X                                8     15     -7 (VIOLATED)
input34/X                                 8     15     -7 (VIOLATED)
_19211_/X                                 8     14     -6 (VIOLATED)
_20420_/X                                 8     14     -6 (VIOLATED)
_20676_/X                                 8     14     -6 (VIOLATED)
_20903_/X                                 8     14     -6 (VIOLATED)
_20962_/X                                 8     14     -6 (VIOLATED)
_21466_/X                                 8     14     -6 (VIOLATED)
_27590_/X                                 8     14     -6 (VIOLATED)
_37165_/Q                                 8     14     -6 (VIOLATED)
_37190_/Q                                 8     14     -6 (VIOLATED)
_37196_/Q                                 8     14     -6 (VIOLATED)
_37205_/Q                                 8     14     -6 (VIOLATED)
_37342_/Q                                 8     14     -6 (VIOLATED)
_40134_/Q                                 8     14     -6 (VIOLATED)
_40221_/Q                                 8     14     -6 (VIOLATED)
_40444_/Q                                 8     14     -6 (VIOLATED)
_40533_/Q                                 8     14     -6 (VIOLATED)
_40567_/Q                                 8     14     -6 (VIOLATED)
_42185_/X                                 8     14     -6 (VIOLATED)
_42308_/X                                 8     14     -6 (VIOLATED)
clkbuf_leaf_169_clk/X                     8     14     -6 (VIOLATED)
clkbuf_leaf_182_clk/X                     8     14     -6 (VIOLATED)
clkbuf_leaf_232_clk/X                     8     14     -6 (VIOLATED)
clkbuf_leaf_290_clk/X                     8     14     -6 (VIOLATED)
clkbuf_leaf_354_clk/X                     8     14     -6 (VIOLATED)
clkbuf_leaf_355_clk/X                     8     14     -6 (VIOLATED)
clkbuf_leaf_35_clk/X                      8     14     -6 (VIOLATED)
clkbuf_leaf_392_clk/X                     8     14     -6 (VIOLATED)
clkbuf_leaf_403_clk/X                     8     14     -6 (VIOLATED)
clkbuf_leaf_417_clk/X                     8     14     -6 (VIOLATED)
clkbuf_leaf_432_clk/X                     8     14     -6 (VIOLATED)
clkbuf_leaf_434_clk/X                     8     14     -6 (VIOLATED)
clkbuf_leaf_493_clk/X                     8     14     -6 (VIOLATED)
clkbuf_leaf_494_clk/X                     8     14     -6 (VIOLATED)
clkbuf_leaf_498_clk/X                     8     14     -6 (VIOLATED)
clkbuf_leaf_504_clk/X                     8     14     -6 (VIOLATED)
clkbuf_leaf_514_clk/X                     8     14     -6 (VIOLATED)
clkbuf_leaf_518_clk/X                     8     14     -6 (VIOLATED)
clkbuf_leaf_51_clk/X                      8     14     -6 (VIOLATED)
clkbuf_leaf_523_clk/X                     8     14     -6 (VIOLATED)
clkbuf_leaf_540_clk/X                     8     14     -6 (VIOLATED)
clkbuf_leaf_549_clk/X                     8     14     -6 (VIOLATED)
clkbuf_leaf_550_clk/X                     8     14     -6 (VIOLATED)
_20849_/X                                 8     13     -5 (VIOLATED)
_20853_/X                                 8     13     -5 (VIOLATED)
_20910_/X                                 8     13     -5 (VIOLATED)
_20915_/X                                 8     13     -5 (VIOLATED)
_21001_/X                                 8     13     -5 (VIOLATED)
_21144_/X                                 8     13     -5 (VIOLATED)
_21470_/X                                 8     13     -5 (VIOLATED)
_21905_/X                                 8     13     -5 (VIOLATED)
_26034_/X                                 8     13     -5 (VIOLATED)
_26103_/X                                 8     13     -5 (VIOLATED)
_26795_/X                                 8     13     -5 (VIOLATED)
_26871_/X                                 8     13     -5 (VIOLATED)
_27448_/X                                 8     13     -5 (VIOLATED)
_34345_/X                                 8     13     -5 (VIOLATED)
_40126_/Q                                 8     13     -5 (VIOLATED)
_40128_/Q                                 8     13     -5 (VIOLATED)
_42229_/X                                 8     13     -5 (VIOLATED)
_42300_/X                                 8     13     -5 (VIOLATED)
clkbuf_6_4_0_clk/X                        8     13     -5 (VIOLATED)
clkbuf_leaf_133_clk/X                     8     13     -5 (VIOLATED)
clkbuf_leaf_141_clk/X                     8     13     -5 (VIOLATED)
clkbuf_leaf_171_clk/X                     8     13     -5 (VIOLATED)
clkbuf_leaf_179_clk/X                     8     13     -5 (VIOLATED)
clkbuf_leaf_198_clk/X                     8     13     -5 (VIOLATED)
clkbuf_leaf_199_clk/X                     8     13     -5 (VIOLATED)
clkbuf_leaf_205_clk/X                     8     13     -5 (VIOLATED)
clkbuf_leaf_227_clk/X                     8     13     -5 (VIOLATED)
clkbuf_leaf_242_clk/X                     8     13     -5 (VIOLATED)
clkbuf_leaf_267_clk/X                     8     13     -5 (VIOLATED)
clkbuf_leaf_272_clk/X                     8     13     -5 (VIOLATED)
clkbuf_leaf_288_clk/X                     8     13     -5 (VIOLATED)
clkbuf_leaf_296_clk/X                     8     13     -5 (VIOLATED)
clkbuf_leaf_316_clk/X                     8     13     -5 (VIOLATED)
clkbuf_leaf_327_clk/X                     8     13     -5 (VIOLATED)
clkbuf_leaf_331_clk/X                     8     13     -5 (VIOLATED)
clkbuf_leaf_337_clk/X                     8     13     -5 (VIOLATED)
clkbuf_leaf_368_clk/X                     8     13     -5 (VIOLATED)
clkbuf_leaf_384_clk/X                     8     13     -5 (VIOLATED)
clkbuf_leaf_398_clk/X                     8     13     -5 (VIOLATED)
clkbuf_leaf_418_clk/X                     8     13     -5 (VIOLATED)
clkbuf_leaf_424_clk/X                     8     13     -5 (VIOLATED)
clkbuf_leaf_46_clk/X                      8     13     -5 (VIOLATED)
clkbuf_leaf_470_clk/X                     8     13     -5 (VIOLATED)
clkbuf_leaf_512_clk/X                     8     13     -5 (VIOLATED)
clkbuf_leaf_522_clk/X                     8     13     -5 (VIOLATED)
clkbuf_leaf_539_clk/X                     8     13     -5 (VIOLATED)
clkbuf_leaf_547_clk/X                     8     13     -5 (VIOLATED)
clkbuf_leaf_554_clk/X                     8     13     -5 (VIOLATED)
clkbuf_leaf_66_clk/X                      8     13     -5 (VIOLATED)
clkbuf_leaf_91_clk/X                      8     13     -5 (VIOLATED)
fanout671/X                               8     13     -5 (VIOLATED)
input182/X                                8     13     -5 (VIOLATED)
_19263_/X                                 8     12     -4 (VIOLATED)
_20801_/X                                 8     12     -4 (VIOLATED)
_20845_/X                                 8     12     -4 (VIOLATED)
_20863_/X                                 8     12     -4 (VIOLATED)
_20960_/X                                 8     12     -4 (VIOLATED)
_20966_/X                                 8     12     -4 (VIOLATED)
_21450_/X                                 8     12     -4 (VIOLATED)
_23313_/X                                 8     12     -4 (VIOLATED)
_25864_/X                                 8     12     -4 (VIOLATED)
_25940_/X                                 8     12     -4 (VIOLATED)
_26519_/X                                 8     12     -4 (VIOLATED)
_26965_/X                                 8     12     -4 (VIOLATED)
_33516_/X                                 8     12     -4 (VIOLATED)
_40174_/Q                                 8     12     -4 (VIOLATED)
_40192_/Q                                 8     12     -4 (VIOLATED)
_42188_/X                                 8     12     -4 (VIOLATED)
_42230_/X                                 8     12     -4 (VIOLATED)
_42232_/X                                 8     12     -4 (VIOLATED)
_42235_/X                                 8     12     -4 (VIOLATED)
_42247_/X                                 8     12     -4 (VIOLATED)
_42250_/X                                 8     12     -4 (VIOLATED)
_42257_/X                                 8     12     -4 (VIOLATED)
clkbuf_6_32_0_clk/X                       8     12     -4 (VIOLATED)
clkbuf_6_7_0_clk/X                        8     12     -4 (VIOLATED)
clkbuf_leaf_108_clk/X                     8     12     -4 (VIOLATED)
clkbuf_leaf_115_clk/X                     8     12     -4 (VIOLATED)
clkbuf_leaf_121_clk/X                     8     12     -4 (VIOLATED)
clkbuf_leaf_155_clk/X                     8     12     -4 (VIOLATED)
clkbuf_leaf_159_clk/X                     8     12     -4 (VIOLATED)
clkbuf_leaf_15_clk/X                      8     12     -4 (VIOLATED)
clkbuf_leaf_168_clk/X                     8     12     -4 (VIOLATED)
clkbuf_leaf_177_clk/X                     8     12     -4 (VIOLATED)
clkbuf_leaf_17_clk/X                      8     12     -4 (VIOLATED)
clkbuf_leaf_181_clk/X                     8     12     -4 (VIOLATED)
clkbuf_leaf_192_clk/X                     8     12     -4 (VIOLATED)
clkbuf_leaf_200_clk/X                     8     12     -4 (VIOLATED)
clkbuf_leaf_26_clk/X                      8     12     -4 (VIOLATED)
clkbuf_leaf_271_clk/X                     8     12     -4 (VIOLATED)
clkbuf_leaf_284_clk/X                     8     12     -4 (VIOLATED)
clkbuf_leaf_29_clk/X                      8     12     -4 (VIOLATED)
clkbuf_leaf_305_clk/X                     8     12     -4 (VIOLATED)
clkbuf_leaf_326_clk/X                     8     12     -4 (VIOLATED)
clkbuf_leaf_344_clk/X                     8     12     -4 (VIOLATED)
clkbuf_leaf_36_clk/X                      8     12     -4 (VIOLATED)
clkbuf_leaf_379_clk/X                     8     12     -4 (VIOLATED)
clkbuf_leaf_37_clk/X                      8     12     -4 (VIOLATED)
clkbuf_leaf_382_clk/X                     8     12     -4 (VIOLATED)
clkbuf_leaf_385_clk/X                     8     12     -4 (VIOLATED)
clkbuf_leaf_396_clk/X                     8     12     -4 (VIOLATED)
clkbuf_leaf_39_clk/X                      8     12     -4 (VIOLATED)
clkbuf_leaf_407_clk/X                     8     12     -4 (VIOLATED)
clkbuf_leaf_426_clk/X                     8     12     -4 (VIOLATED)
clkbuf_leaf_433_clk/X                     8     12     -4 (VIOLATED)
clkbuf_leaf_435_clk/X                     8     12     -4 (VIOLATED)
clkbuf_leaf_436_clk/X                     8     12     -4 (VIOLATED)
clkbuf_leaf_473_clk/X                     8     12     -4 (VIOLATED)
clkbuf_leaf_481_clk/X                     8     12     -4 (VIOLATED)
clkbuf_leaf_489_clk/X                     8     12     -4 (VIOLATED)
clkbuf_leaf_509_clk/X                     8     12     -4 (VIOLATED)
clkbuf_leaf_513_clk/X                     8     12     -4 (VIOLATED)
clkbuf_leaf_517_clk/X                     8     12     -4 (VIOLATED)
clkbuf_leaf_520_clk/X                     8     12     -4 (VIOLATED)
clkbuf_leaf_542_clk/X                     8     12     -4 (VIOLATED)
clkbuf_leaf_545_clk/X                     8     12     -4 (VIOLATED)
clkbuf_leaf_93_clk/X                      8     12     -4 (VIOLATED)
clkbuf_leaf_99_clk/X                      8     12     -4 (VIOLATED)
input184/X                                8     12     -4 (VIOLATED)
_20846_/X                                 8     11     -3 (VIOLATED)
_20947_/X                                 8     11     -3 (VIOLATED)
_21000_/X                                 8     11     -3 (VIOLATED)
_21011_/X                                 8     11     -3 (VIOLATED)
_21211_/X                                 8     11     -3 (VIOLATED)
_21228_/X                                 8     11     -3 (VIOLATED)
_21390_/X                                 8     11     -3 (VIOLATED)
_21844_/X                                 8     11     -3 (VIOLATED)
_25416_/X                                 8     11     -3 (VIOLATED)
_25623_/X                                 8     11     -3 (VIOLATED)
_25768_/X                                 8     11     -3 (VIOLATED)
_26172_/X                                 8     11     -3 (VIOLATED)
_26312_/X                                 8     11     -3 (VIOLATED)
_26381_/X                                 8     11     -3 (VIOLATED)
_27034_/X                                 8     11     -3 (VIOLATED)
_27170_/X                                 8     11     -3 (VIOLATED)
_34132_/X                                 8     11     -3 (VIOLATED)
_34185_/X                                 8     11     -3 (VIOLATED)
_34398_/X                                 8     11     -3 (VIOLATED)
_37316_/Q                                 8     11     -3 (VIOLATED)
_40136_/Q                                 8     11     -3 (VIOLATED)
_40137_/Q                                 8     11     -3 (VIOLATED)
_40167_/Q                                 8     11     -3 (VIOLATED)
_40204_/Q                                 8     11     -3 (VIOLATED)
_40216_/Q                                 8     11     -3 (VIOLATED)
_42273_/X                                 8     11     -3 (VIOLATED)
clkbuf_6_12_0_clk/X                       8     11     -3 (VIOLATED)
clkbuf_6_28_0_clk/X                       8     11     -3 (VIOLATED)
clkbuf_6_29_0_clk/X                       8     11     -3 (VIOLATED)
clkbuf_6_2_0_clk/X                        8     11     -3 (VIOLATED)
clkbuf_6_34_0_clk/X                       8     11     -3 (VIOLATED)
clkbuf_6_6_0_clk/X                        8     11     -3 (VIOLATED)
clkbuf_leaf_106_clk/X                     8     11     -3 (VIOLATED)
clkbuf_leaf_111_clk/X                     8     11     -3 (VIOLATED)
clkbuf_leaf_114_clk/X                     8     11     -3 (VIOLATED)
clkbuf_leaf_125_clk/X                     8     11     -3 (VIOLATED)
clkbuf_leaf_127_clk/X                     8     11     -3 (VIOLATED)
clkbuf_leaf_132_clk/X                     8     11     -3 (VIOLATED)
clkbuf_leaf_144_clk/X                     8     11     -3 (VIOLATED)
clkbuf_leaf_152_clk/X                     8     11     -3 (VIOLATED)
clkbuf_leaf_154_clk/X                     8     11     -3 (VIOLATED)
clkbuf_leaf_164_clk/X                     8     11     -3 (VIOLATED)
clkbuf_leaf_180_clk/X                     8     11     -3 (VIOLATED)
clkbuf_leaf_184_clk/X                     8     11     -3 (VIOLATED)
clkbuf_leaf_186_clk/X                     8     11     -3 (VIOLATED)
clkbuf_leaf_189_clk/X                     8     11     -3 (VIOLATED)
clkbuf_leaf_193_clk/X                     8     11     -3 (VIOLATED)
clkbuf_leaf_207_clk/X                     8     11     -3 (VIOLATED)
clkbuf_leaf_208_clk/X                     8     11     -3 (VIOLATED)
clkbuf_leaf_20_clk/X                      8     11     -3 (VIOLATED)
clkbuf_leaf_210_clk/X                     8     11     -3 (VIOLATED)
clkbuf_leaf_216_clk/X                     8     11     -3 (VIOLATED)
clkbuf_leaf_218_clk/X                     8     11     -3 (VIOLATED)
clkbuf_leaf_225_clk/X                     8     11     -3 (VIOLATED)
clkbuf_leaf_226_clk/X                     8     11     -3 (VIOLATED)
clkbuf_leaf_231_clk/X                     8     11     -3 (VIOLATED)
clkbuf_leaf_235_clk/X                     8     11     -3 (VIOLATED)
clkbuf_leaf_23_clk/X                      8     11     -3 (VIOLATED)
clkbuf_leaf_248_clk/X                     8     11     -3 (VIOLATED)
clkbuf_leaf_252_clk/X                     8     11     -3 (VIOLATED)
clkbuf_leaf_254_clk/X                     8     11     -3 (VIOLATED)
clkbuf_leaf_264_clk/X                     8     11     -3 (VIOLATED)
clkbuf_leaf_278_clk/X                     8     11     -3 (VIOLATED)
clkbuf_leaf_285_clk/X                     8     11     -3 (VIOLATED)
clkbuf_leaf_298_clk/X                     8     11     -3 (VIOLATED)
clkbuf_leaf_300_clk/X                     8     11     -3 (VIOLATED)
clkbuf_leaf_301_clk/X                     8     11     -3 (VIOLATED)
clkbuf_leaf_310_clk/X                     8     11     -3 (VIOLATED)
clkbuf_leaf_317_clk/X                     8     11     -3 (VIOLATED)
clkbuf_leaf_336_clk/X                     8     11     -3 (VIOLATED)
clkbuf_leaf_347_clk/X                     8     11     -3 (VIOLATED)
clkbuf_leaf_353_clk/X                     8     11     -3 (VIOLATED)
clkbuf_leaf_357_clk/X                     8     11     -3 (VIOLATED)
clkbuf_leaf_359_clk/X                     8     11     -3 (VIOLATED)
clkbuf_leaf_360_clk/X                     8     11     -3 (VIOLATED)
clkbuf_leaf_371_clk/X                     8     11     -3 (VIOLATED)
clkbuf_leaf_386_clk/X                     8     11     -3 (VIOLATED)
clkbuf_leaf_387_clk/X                     8     11     -3 (VIOLATED)
clkbuf_leaf_408_clk/X                     8     11     -3 (VIOLATED)
clkbuf_leaf_409_clk/X                     8     11     -3 (VIOLATED)
clkbuf_leaf_40_clk/X                      8     11     -3 (VIOLATED)
clkbuf_leaf_413_clk/X                     8     11     -3 (VIOLATED)
clkbuf_leaf_449_clk/X                     8     11     -3 (VIOLATED)
clkbuf_leaf_469_clk/X                     8     11     -3 (VIOLATED)
clkbuf_leaf_471_clk/X                     8     11     -3 (VIOLATED)
clkbuf_leaf_478_clk/X                     8     11     -3 (VIOLATED)
clkbuf_leaf_487_clk/X                     8     11     -3 (VIOLATED)
clkbuf_leaf_49_clk/X                      8     11     -3 (VIOLATED)
clkbuf_leaf_541_clk/X                     8     11     -3 (VIOLATED)
clkbuf_leaf_551_clk/X                     8     11     -3 (VIOLATED)
clkbuf_leaf_559_clk/X                     8     11     -3 (VIOLATED)
clkbuf_leaf_55_clk/X                      8     11     -3 (VIOLATED)
clkbuf_leaf_560_clk/X                     8     11     -3 (VIOLATED)
clkbuf_leaf_56_clk/X                      8     11     -3 (VIOLATED)
clkbuf_leaf_57_clk/X                      8     11     -3 (VIOLATED)
clkbuf_leaf_60_clk/X                      8     11     -3 (VIOLATED)
clkbuf_leaf_67_clk/X                      8     11     -3 (VIOLATED)
clkbuf_leaf_70_clk/X                      8     11     -3 (VIOLATED)
clkbuf_leaf_75_clk/X                      8     11     -3 (VIOLATED)
clkbuf_leaf_80_clk/X                      8     11     -3 (VIOLATED)
clkbuf_leaf_83_clk/X                      8     11     -3 (VIOLATED)
clkbuf_leaf_89_clk/X                      8     11     -3 (VIOLATED)
input150/X                                8     11     -3 (VIOLATED)
input175/X                                8     11     -3 (VIOLATED)
input44/X                                 8     11     -3 (VIOLATED)
input53/X                                 8     11     -3 (VIOLATED)
_18959_/X                                 8     10     -2 (VIOLATED)
_19142_/X                                 8     10     -2 (VIOLATED)
_19315_/X                                 8     10     -2 (VIOLATED)
_19772_/X                                 8     10     -2 (VIOLATED)
_19782_/X                                 8     10     -2 (VIOLATED)
_20749_/X                                 8     10     -2 (VIOLATED)
_20843_/X                                 8     10     -2 (VIOLATED)
_20906_/X                                 8     10     -2 (VIOLATED)
_20955_/X                                 8     10     -2 (VIOLATED)
_23490_/X                                 8     10     -2 (VIOLATED)
_25554_/X                                 8     10     -2 (VIOLATED)
_26726_/X                                 8     10     -2 (VIOLATED)
_26875_/X                                 8     10     -2 (VIOLATED)
_37208_/Q                                 8     10     -2 (VIOLATED)
_37299_/Q                                 8     10     -2 (VIOLATED)
_40111_/Q                                 8     10     -2 (VIOLATED)
_40186_/Q                                 8     10     -2 (VIOLATED)
_40195_/Q                                 8     10     -2 (VIOLATED)
_40201_/Q                                 8     10     -2 (VIOLATED)
clkbuf_6_10_0_clk/X                       8     10     -2 (VIOLATED)
clkbuf_6_11_0_clk/X                       8     10     -2 (VIOLATED)
clkbuf_6_14_0_clk/X                       8     10     -2 (VIOLATED)
clkbuf_6_18_0_clk/X                       8     10     -2 (VIOLATED)
clkbuf_6_1_0_clk/X                        8     10     -2 (VIOLATED)
clkbuf_6_26_0_clk/X                       8     10     -2 (VIOLATED)
clkbuf_6_35_0_clk/X                       8     10     -2 (VIOLATED)
clkbuf_6_3_0_clk/X                        8     10     -2 (VIOLATED)
clkbuf_6_44_0_clk/X                       8     10     -2 (VIOLATED)
clkbuf_6_54_0_clk/X                       8     10     -2 (VIOLATED)
clkbuf_6_56_0_clk/X                       8     10     -2 (VIOLATED)
clkbuf_6_61_0_clk/X                       8     10     -2 (VIOLATED)
clkbuf_6_8_0_clk/X                        8     10     -2 (VIOLATED)
clkbuf_leaf_107_clk/X                     8     10     -2 (VIOLATED)
clkbuf_leaf_110_clk/X                     8     10     -2 (VIOLATED)
clkbuf_leaf_112_clk/X                     8     10     -2 (VIOLATED)
clkbuf_leaf_119_clk/X                     8     10     -2 (VIOLATED)
clkbuf_leaf_12_clk/X                      8     10     -2 (VIOLATED)
clkbuf_leaf_135_clk/X                     8     10     -2 (VIOLATED)
clkbuf_leaf_138_clk/X                     8     10     -2 (VIOLATED)
clkbuf_leaf_139_clk/X                     8     10     -2 (VIOLATED)
clkbuf_leaf_160_clk/X                     8     10     -2 (VIOLATED)
clkbuf_leaf_173_clk/X                     8     10     -2 (VIOLATED)
clkbuf_leaf_174_clk/X                     8     10     -2 (VIOLATED)
clkbuf_leaf_175_clk/X                     8     10     -2 (VIOLATED)
clkbuf_leaf_178_clk/X                     8     10     -2 (VIOLATED)
clkbuf_leaf_195_clk/X                     8     10     -2 (VIOLATED)
clkbuf_leaf_1_clk/X                       8     10     -2 (VIOLATED)
clkbuf_leaf_219_clk/X                     8     10     -2 (VIOLATED)
clkbuf_leaf_221_clk/X                     8     10     -2 (VIOLATED)
clkbuf_leaf_224_clk/X                     8     10     -2 (VIOLATED)
clkbuf_leaf_236_clk/X                     8     10     -2 (VIOLATED)
clkbuf_leaf_247_clk/X                     8     10     -2 (VIOLATED)
clkbuf_leaf_25_clk/X                      8     10     -2 (VIOLATED)
clkbuf_leaf_261_clk/X                     8     10     -2 (VIOLATED)
clkbuf_leaf_265_clk/X                     8     10     -2 (VIOLATED)
clkbuf_leaf_274_clk/X                     8     10     -2 (VIOLATED)
clkbuf_leaf_280_clk/X                     8     10     -2 (VIOLATED)
clkbuf_leaf_287_clk/X                     8     10     -2 (VIOLATED)
clkbuf_leaf_2_clk/X                       8     10     -2 (VIOLATED)
clkbuf_leaf_302_clk/X                     8     10     -2 (VIOLATED)
clkbuf_leaf_304_clk/X                     8     10     -2 (VIOLATED)
clkbuf_leaf_306_clk/X                     8     10     -2 (VIOLATED)
clkbuf_leaf_318_clk/X                     8     10     -2 (VIOLATED)
clkbuf_leaf_31_clk/X                      8     10     -2 (VIOLATED)
clkbuf_leaf_321_clk/X                     8     10     -2 (VIOLATED)
clkbuf_leaf_323_clk/X                     8     10     -2 (VIOLATED)
clkbuf_leaf_324_clk/X                     8     10     -2 (VIOLATED)
clkbuf_leaf_335_clk/X                     8     10     -2 (VIOLATED)
clkbuf_leaf_33_clk/X                      8     10     -2 (VIOLATED)
clkbuf_leaf_341_clk/X                     8     10     -2 (VIOLATED)
clkbuf_leaf_342_clk/X                     8     10     -2 (VIOLATED)
clkbuf_leaf_345_clk/X                     8     10     -2 (VIOLATED)
clkbuf_leaf_367_clk/X                     8     10     -2 (VIOLATED)
clkbuf_leaf_388_clk/X                     8     10     -2 (VIOLATED)
clkbuf_leaf_393_clk/X                     8     10     -2 (VIOLATED)
clkbuf_leaf_394_clk/X                     8     10     -2 (VIOLATED)
clkbuf_leaf_395_clk/X                     8     10     -2 (VIOLATED)
clkbuf_leaf_401_clk/X                     8     10     -2 (VIOLATED)
clkbuf_leaf_406_clk/X                     8     10     -2 (VIOLATED)
clkbuf_leaf_415_clk/X                     8     10     -2 (VIOLATED)
clkbuf_leaf_428_clk/X                     8     10     -2 (VIOLATED)
clkbuf_leaf_42_clk/X                      8     10     -2 (VIOLATED)
clkbuf_leaf_431_clk/X                     8     10     -2 (VIOLATED)
clkbuf_leaf_43_clk/X                      8     10     -2 (VIOLATED)
clkbuf_leaf_447_clk/X                     8     10     -2 (VIOLATED)
clkbuf_leaf_451_clk/X                     8     10     -2 (VIOLATED)
clkbuf_leaf_453_clk/X                     8     10     -2 (VIOLATED)
clkbuf_leaf_456_clk/X                     8     10     -2 (VIOLATED)
clkbuf_leaf_457_clk/X                     8     10     -2 (VIOLATED)
clkbuf_leaf_476_clk/X                     8     10     -2 (VIOLATED)
clkbuf_leaf_477_clk/X                     8     10     -2 (VIOLATED)
clkbuf_leaf_483_clk/X                     8     10     -2 (VIOLATED)
clkbuf_leaf_488_clk/X                     8     10     -2 (VIOLATED)
clkbuf_leaf_4_clk/X                       8     10     -2 (VIOLATED)
clkbuf_leaf_503_clk/X                     8     10     -2 (VIOLATED)
clkbuf_leaf_505_clk/X                     8     10     -2 (VIOLATED)
clkbuf_leaf_508_clk/X                     8     10     -2 (VIOLATED)
clkbuf_leaf_50_clk/X                      8     10     -2 (VIOLATED)
clkbuf_leaf_519_clk/X                     8     10     -2 (VIOLATED)
clkbuf_leaf_525_clk/X                     8     10     -2 (VIOLATED)
clkbuf_leaf_526_clk/X                     8     10     -2 (VIOLATED)
clkbuf_leaf_546_clk/X                     8     10     -2 (VIOLATED)
clkbuf_leaf_58_clk/X                      8     10     -2 (VIOLATED)
clkbuf_leaf_61_clk/X                      8     10     -2 (VIOLATED)
_18632_/X                                 8      9        (VIOLATED)
_18875_/X                                 8      9        (VIOLATED)
_19452_/X                                 8      9        (VIOLATED)
_20166_/X                                 8      9        (VIOLATED)
_20624_/X                                 8      9        (VIOLATED)
_20879_/X                                 8      9        (VIOLATED)
_20900_/X                                 8      9        (VIOLATED)
_20921_/X                                 8      9        (VIOLATED)
_20927_/X                                 8      9        (VIOLATED)
_20938_/X                                 8      9        (VIOLATED)
_20950_/X                                 8      9        (VIOLATED)
_20968_/X                                 8      9        (VIOLATED)
_20970_/X                                 8      9        (VIOLATED)
_21849_/X                                 8      9        (VIOLATED)
_28613_/X                                 8      9        (VIOLATED)
_28669_/X                                 8      9        (VIOLATED)
_31828_/X                                 8      9        (VIOLATED)
_40141_/Q                                 8      9        (VIOLATED)
_40199_/Q                                 8      9        (VIOLATED)
_40451_/Q                                 8      9        (VIOLATED)
clkbuf_6_13_0_clk/X                       8      9        (VIOLATED)
clkbuf_6_15_0_clk/X                       8      9        (VIOLATED)
clkbuf_6_17_0_clk/X                       8      9        (VIOLATED)
clkbuf_6_30_0_clk/X                       8      9        (VIOLATED)
clkbuf_6_31_0_clk/X                       8      9        (VIOLATED)
clkbuf_6_36_0_clk/X                       8      9        (VIOLATED)
clkbuf_6_37_0_clk/X                       8      9        (VIOLATED)
clkbuf_6_40_0_clk/X                       8      9        (VIOLATED)
clkbuf_6_43_0_clk/X                       8      9        (VIOLATED)
clkbuf_6_45_0_clk/X                       8      9        (VIOLATED)
clkbuf_6_48_0_clk/X                       8      9        (VIOLATED)
clkbuf_6_50_0_clk/X                       8      9        (VIOLATED)
clkbuf_6_55_0_clk/X                       8      9        (VIOLATED)
clkbuf_6_58_0_clk/X                       8      9        (VIOLATED)
clkbuf_leaf_101_clk/X                     8      9        (VIOLATED)
clkbuf_leaf_102_clk/X                     8      9        (VIOLATED)
clkbuf_leaf_103_clk/X                     8      9        (VIOLATED)
clkbuf_leaf_104_clk/X                     8      9        (VIOLATED)
clkbuf_leaf_109_clk/X                     8      9        (VIOLATED)
clkbuf_leaf_113_clk/X                     8      9        (VIOLATED)
clkbuf_leaf_118_clk/X                     8      9        (VIOLATED)
clkbuf_leaf_122_clk/X                     8      9        (VIOLATED)
clkbuf_leaf_123_clk/X                     8      9        (VIOLATED)
clkbuf_leaf_126_clk/X                     8      9        (VIOLATED)
clkbuf_leaf_128_clk/X                     8      9        (VIOLATED)
clkbuf_leaf_130_clk/X                     8      9        (VIOLATED)
clkbuf_leaf_136_clk/X                     8      9        (VIOLATED)
clkbuf_leaf_13_clk/X                      8      9        (VIOLATED)
clkbuf_leaf_140_clk/X                     8      9        (VIOLATED)
clkbuf_leaf_143_clk/X                     8      9        (VIOLATED)
clkbuf_leaf_145_clk/X                     8      9        (VIOLATED)
clkbuf_leaf_151_clk/X                     8      9        (VIOLATED)
clkbuf_leaf_163_clk/X                     8      9        (VIOLATED)
clkbuf_leaf_167_clk/X                     8      9        (VIOLATED)
clkbuf_leaf_172_clk/X                     8      9        (VIOLATED)
clkbuf_leaf_187_clk/X                     8      9        (VIOLATED)
clkbuf_leaf_191_clk/X                     8      9        (VIOLATED)
clkbuf_leaf_197_clk/X                     8      9        (VIOLATED)
clkbuf_leaf_203_clk/X                     8      9        (VIOLATED)
clkbuf_leaf_211_clk/X                     8      9        (VIOLATED)
clkbuf_leaf_22_clk/X                      8      9        (VIOLATED)
clkbuf_leaf_230_clk/X                     8      9        (VIOLATED)
clkbuf_leaf_237_clk/X                     8      9        (VIOLATED)
clkbuf_leaf_249_clk/X                     8      9        (VIOLATED)
clkbuf_leaf_24_clk/X                      8      9        (VIOLATED)
clkbuf_leaf_259_clk/X                     8      9        (VIOLATED)
clkbuf_leaf_270_clk/X                     8      9        (VIOLATED)
clkbuf_leaf_273_clk/X                     8      9        (VIOLATED)
clkbuf_leaf_279_clk/X                     8      9        (VIOLATED)
clkbuf_leaf_27_clk/X                      8      9        (VIOLATED)
clkbuf_leaf_281_clk/X                     8      9        (VIOLATED)
clkbuf_leaf_286_clk/X                     8      9        (VIOLATED)
clkbuf_leaf_292_clk/X                     8      9        (VIOLATED)
clkbuf_leaf_322_clk/X                     8      9        (VIOLATED)
clkbuf_leaf_329_clk/X                     8      9        (VIOLATED)
clkbuf_leaf_330_clk/X                     8      9        (VIOLATED)
clkbuf_leaf_339_clk/X                     8      9        (VIOLATED)
clkbuf_leaf_340_clk/X                     8      9        (VIOLATED)
clkbuf_leaf_346_clk/X                     8      9        (VIOLATED)
clkbuf_leaf_349_clk/X                     8      9        (VIOLATED)
clkbuf_leaf_356_clk/X                     8      9        (VIOLATED)
clkbuf_leaf_361_clk/X                     8      9        (VIOLATED)
clkbuf_leaf_362_clk/X                     8      9        (VIOLATED)
clkbuf_leaf_364_clk/X                     8      9        (VIOLATED)
clkbuf_leaf_370_clk/X                     8      9        (VIOLATED)
clkbuf_leaf_380_clk/X                     8      9        (VIOLATED)
clkbuf_leaf_399_clk/X                     8      9        (VIOLATED)
clkbuf_leaf_3_clk/X                       8      9        (VIOLATED)
clkbuf_leaf_414_clk/X                     8      9        (VIOLATED)
clkbuf_leaf_41_clk/X                      8      9        (VIOLATED)
clkbuf_leaf_420_clk/X                     8      9        (VIOLATED)
clkbuf_leaf_429_clk/X                     8      9        (VIOLATED)
clkbuf_leaf_452_clk/X                     8      9        (VIOLATED)
clkbuf_leaf_458_clk/X                     8      9        (VIOLATED)
clkbuf_leaf_461_clk/X                     8      9        (VIOLATED)
clkbuf_leaf_48_clk/X                      8      9        (VIOLATED)
clkbuf_leaf_490_clk/X                     8      9        (VIOLATED)
clkbuf_leaf_492_clk/X                     8      9        (VIOLATED)
clkbuf_leaf_496_clk/X                     8      9        (VIOLATED)
clkbuf_leaf_497_clk/X                     8      9        (VIOLATED)
clkbuf_leaf_502_clk/X                     8      9        (VIOLATED)
clkbuf_leaf_506_clk/X                     8      9        (VIOLATED)
clkbuf_leaf_521_clk/X                     8      9        (VIOLATED)
clkbuf_leaf_528_clk/X                     8      9        (VIOLATED)
clkbuf_leaf_537_clk/X                     8      9        (VIOLATED)
clkbuf_leaf_54_clk/X                      8      9        (VIOLATED)
clkbuf_leaf_555_clk/X                     8      9        (VIOLATED)
clkbuf_leaf_557_clk/X                     8      9        (VIOLATED)
clkbuf_leaf_562_clk/X                     8      9        (VIOLATED)
clkbuf_leaf_563_clk/X                     8      9        (VIOLATED)
clkbuf_leaf_5_clk/X                       8      9        (VIOLATED)
clkbuf_leaf_72_clk/X                      8      9        (VIOLATED)
clkbuf_leaf_7_clk/X                       8      9        (VIOLATED)
clkbuf_leaf_81_clk/X                      8      9        (VIOLATED)
clkbuf_leaf_82_clk/X                      8      9        (VIOLATED)
clkbuf_leaf_90_clk/X                      8      9        (VIOLATED)
clkbuf_leaf_97_clk/X                      8      9        (VIOLATED)
fanout675/X                               8      9        (VIOLATED)
input147/X                                8      9        (VIOLATED)
input149/X                                8      9        (VIOLATED)
input155/X                                8      9        (VIOLATED)
input181/X                                8      9        (VIOLATED)
input52/X                                 8      9        (VIOLATED)
input79/X                                 8      9        (VIOLATED)



===========================================================================
report_parasitic_annotation -report_unannotated
============================================================================
Found 17 unannotated drivers.
 hft_top_677/HI
 hft_top_678/HI
 hft_top_679/HI
 hft_top_680/HI
 hft_top_681/HI
 hft_top_682/HI
 hft_top_683/HI
 hft_top_684/HI
 hft_top_685/HI
 hft_top_686/HI
 hft_top_687/HI
 hft_top_688/HI
 hft_top_689/HI
 hft_top_690/HI
 hft_top_691/HI
 hft_top_692/HI
 hft_top_693/LO
Found 0 partially unannotated drivers.

===========================================================================
max slew violation count 1
max fanout violation count 610
max cap violation count 0
============================================================================

===========================================================================
check_setup -verbose -unconstrained_endpoints -multiple_clock -no_clock -no_input_delay -loops -generated_clocks
===========================================================================
Warning: There are 17 unconstrained endpoints.
  o_best_ask_quantity[24]
  o_best_ask_quantity[25]
  o_best_ask_quantity[26]
  o_best_ask_quantity[27]
  o_best_ask_quantity[28]
  o_best_ask_quantity[29]
  o_best_ask_quantity[30]
  o_best_ask_quantity[31]
  o_best_bid_quantity[24]
  o_best_bid_quantity[25]
  o_best_bid_quantity[26]
  o_best_bid_quantity[27]
  o_best_bid_quantity[28]
  o_best_bid_quantity[29]
  o_best_bid_quantity[30]
  o_best_bid_quantity[31]
  rx_tready_chunk
