
===========================================================================
report_checks -unconstrained
===========================================================================
======================= Typical Corner ===================================

Startpoint: _41868_ (rising edge-triggered flip-flop clocked by clk)
Endpoint: _39245_ (rising edge-triggered flip-flop clocked by clk)
Path Group: clk
Path Type: max

Fanout     Cap    Slew   Delay    Time   Description
-----------------------------------------------------------------------------
                          0.00    0.00   clock clk (rise edge)
                          0.00    0.00   clock source latency
                  0.59    0.45    0.45 ^ clk (in)
     2    0.13                           clk (net)
                  0.59    0.00    0.45 ^ clkbuf_0_clk/A (sky130_fd_sc_hd__clkbuf_16)
                  0.15    0.36    0.82 ^ clkbuf_0_clk/X (sky130_fd_sc_hd__clkbuf_16)
     4    0.14                           clknet_0_clk (net)
                  0.15    0.00    0.82 ^ clkbuf_2_2_0_clk/A (sky130_fd_sc_hd__clkbuf_16)
                  0.22    0.31    1.13 ^ clkbuf_2_2_0_clk/X (sky130_fd_sc_hd__clkbuf_16)
     8    0.21                           clknet_2_2_0_clk (net)
                  0.23    0.01    1.14 ^ clkbuf_5_16_0_clk/A (sky130_fd_sc_hd__clkbuf_16)
                  0.06    0.21    1.35 ^ clkbuf_5_16_0_clk/X (sky130_fd_sc_hd__clkbuf_16)
     2    0.03                           clknet_5_16_0_clk (net)
                  0.06    0.00    1.35 ^ clkbuf_6_32__f_clk/A (sky130_fd_sc_hd__clkbuf_16)
                  0.14    0.22    1.57 ^ clkbuf_6_32__f_clk/X (sky130_fd_sc_hd__clkbuf_16)
    10    0.13                           clknet_6_32__leaf_clk (net)
                  0.14    0.00    1.57 ^ clkbuf_leaf_468_clk/A (sky130_fd_sc_hd__clkbuf_16)
                  0.06    0.18    1.75 ^ clkbuf_leaf_468_clk/X (sky130_fd_sc_hd__clkbuf_16)
    10    0.03                           clknet_leaf_468_clk (net)
                  0.06    0.00    1.75 ^ _41868_/CLK (sky130_fd_sc_hd__dfxtp_1)
                  0.22    0.45    2.21 ^ _41868_/Q (sky130_fd_sc_hd__dfxtp_1)
     4    0.02                           book_inst.e_shares_d1[15] (net)
                  0.22    0.00    2.21 ^ _18540_/A (sky130_fd_sc_hd__xor2_1)
                  0.12    0.16    2.37 v _18540_/X (sky130_fd_sc_hd__xor2_1)
     3    0.01                           _05396_ (net)
                  0.12    0.00    2.37 v _18545_/B (sky130_fd_sc_hd__or4b_1)
                  0.12    0.60    2.97 v _18545_/X (sky130_fd_sc_hd__or4b_1)
     2    0.01                           _05401_ (net)
                  0.12    0.00    2.97 v _18555_/A (sky130_fd_sc_hd__or4b_1)
                  0.10    0.59    3.56 v _18555_/X (sky130_fd_sc_hd__or4b_1)
     2    0.01                           _05411_ (net)
                  0.10    0.00    3.56 v _18556_/C (sky130_fd_sc_hd__or3_2)
                  0.12    0.52    4.08 v _18556_/X (sky130_fd_sc_hd__or3_2)
     4    0.02                           _05412_ (net)
                  0.12    0.00    4.08 v _18585_/A (sky130_fd_sc_hd__or2_4)
                  0.09    0.35    4.42 v _18585_/X (sky130_fd_sc_hd__or2_4)
     8    0.04                           _05441_ (net)
                  0.09    0.00    4.43 v _25284_/A1 (sky130_fd_sc_hd__a21oi_2)
                  0.26    0.28    4.71 ^ _25284_/Y (sky130_fd_sc_hd__a21oi_2)
     3    0.02                           _09868_ (net)
                  0.26    0.00    4.71 ^ _25296_/A (sky130_fd_sc_hd__buf_6)
                  0.15    0.24    4.95 ^ _25296_/X (sky130_fd_sc_hd__buf_6)
     8    0.07                           _09880_ (net)
                  0.15    0.01    4.96 ^ _25304_/A (sky130_fd_sc_hd__buf_8)
                  0.15    0.22    5.17 ^ _25304_/X (sky130_fd_sc_hd__buf_8)
     9    0.09                           _09888_ (net)
                  0.15    0.01    5.18 ^ _25323_/S (sky130_fd_sc_hd__mux2_2)
                  0.11    0.45    5.63 v _25323_/X (sky130_fd_sc_hd__mux2_2)
     5    0.03                           _09907_ (net)
                  0.11    0.00    5.63 v _25858_/B (sky130_fd_sc_hd__and2b_1)
                  0.05    0.20    5.83 v _25858_/X (sky130_fd_sc_hd__and2b_1)
     2    0.01                           _10385_ (net)
                  0.05    0.00    5.83 v _25888_/B (sky130_fd_sc_hd__nor2_1)
                  0.23    0.20    6.03 ^ _25888_/Y (sky130_fd_sc_hd__nor2_1)
     4    0.01                           _10415_ (net)
                  0.23    0.00    6.03 ^ _25889_/D_N (sky130_fd_sc_hd__or4b_1)
                  0.08    0.47    6.50 v _25889_/X (sky130_fd_sc_hd__or4b_1)
     1    0.00                           _10416_ (net)
                  0.08    0.00    6.50 v _25890_/B (sky130_fd_sc_hd__or2_1)
                  0.07    0.26    6.76 v _25890_/X (sky130_fd_sc_hd__or2_1)
     2    0.01                           _10417_ (net)
                  0.07    0.00    6.76 v _25958_/A1 (sky130_fd_sc_hd__o21ba_1)
                  0.04    0.20    6.95 v _25958_/X (sky130_fd_sc_hd__o21ba_1)
     1    0.00                           _10485_ (net)
                  0.04    0.00    6.95 v _25965_/A2 (sky130_fd_sc_hd__a22o_2)
                  0.15    0.38    7.34 v _25965_/X (sky130_fd_sc_hd__a22o_2)
     6    0.05                           _10492_ (net)
                  0.15    0.00    7.34 v _25966_/B (sky130_fd_sc_hd__nor2_2)
                  0.48    0.44    7.78 ^ _25966_/Y (sky130_fd_sc_hd__nor2_2)
     6    0.04                           _10493_ (net)
                  0.48    0.00    7.78 ^ _25967_/A (sky130_fd_sc_hd__buf_4)
                  0.17    0.32    8.10 ^ _25967_/X (sky130_fd_sc_hd__buf_4)
     8    0.06                           _10494_ (net)
                  0.17    0.01    8.11 ^ _26121_/A1 (sky130_fd_sc_hd__a31o_1)
                  0.05    0.17    8.28 ^ _26121_/X (sky130_fd_sc_hd__a31o_1)
     1    0.00                           _10637_ (net)
                  0.05    0.00    8.28 ^ _26122_/B (sky130_fd_sc_hd__and2_1)
                  0.05    0.12    8.40 ^ _26122_/X (sky130_fd_sc_hd__and2_1)
     1    0.00                           _10638_ (net)
                  0.05    0.00    8.40 ^ _26123_/A (sky130_fd_sc_hd__clkbuf_1)
                  0.04    0.08    8.48 ^ _26123_/X (sky130_fd_sc_hd__clkbuf_1)
     1    0.00                           _02340_ (net)
                  0.04    0.00    8.48 ^ _39245_/D (sky130_fd_sc_hd__dfxtp_4)
                                  8.48   data arrival time

                          8.00    8.00   clock clk (rise edge)
                          0.00    8.00   clock source latency
                  0.59    0.41    8.41 ^ clk (in)
     2    0.13                           clk (net)
                  0.59    0.00    8.41 ^ clkbuf_0_clk/A (sky130_fd_sc_hd__clkbuf_16)
                  0.15    0.33    8.74 ^ clkbuf_0_clk/X (sky130_fd_sc_hd__clkbuf_16)
     4    0.14                           clknet_0_clk (net)
                  0.15    0.00    8.74 ^ clkbuf_2_2_0_clk/A (sky130_fd_sc_hd__clkbuf_16)
                  0.22    0.28    9.03 ^ clkbuf_2_2_0_clk/X (sky130_fd_sc_hd__clkbuf_16)
     8    0.21                           clknet_2_2_0_clk (net)
                  0.23    0.01    9.03 ^ clkbuf_5_20_0_clk/A (sky130_fd_sc_hd__clkbuf_16)
                  0.06    0.19    9.23 ^ clkbuf_5_20_0_clk/X (sky130_fd_sc_hd__clkbuf_16)
     2    0.04                           clknet_5_20_0_clk (net)
                  0.06    0.00    9.23 ^ clkbuf_6_41__f_clk/A (sky130_fd_sc_hd__clkbuf_16)
                  0.12    0.18    9.41 ^ clkbuf_6_41__f_clk/X (sky130_fd_sc_hd__clkbuf_16)
     7    0.10                           clknet_6_41__leaf_clk (net)
                  0.12    0.00    9.41 ^ clkbuf_leaf_481_clk/A (sky130_fd_sc_hd__clkbuf_16)
                  0.03    0.14    9.55 ^ clkbuf_leaf_481_clk/X (sky130_fd_sc_hd__clkbuf_16)
     3    0.01                           clknet_leaf_481_clk (net)
                  0.03    0.00    9.55 ^ _39245_/CLK (sky130_fd_sc_hd__dfxtp_4)
                         -0.25    9.30   clock uncertainty
                          0.11    9.41   clock reconvergence pessimism
                         -0.06    9.35   library setup time
                                  9.35   data required time
-----------------------------------------------------------------------------
                                  9.35   data required time
                                 -8.48   data arrival time
-----------------------------------------------------------------------------
                                  0.87   slack (MET)




===========================================================================
report_checks --slack_max -0.01
============================================================================
======================= Typical Corner ===================================

No paths found.


===========================================================================
 report_check_types -max_slew -max_cap -max_fanout -violators
============================================================================
======================= Typical Corner ===================================

max slew

Pin                                    Limit    Slew   Slack
------------------------------------------------------------
ANTENNA_768/DIODE                       0.75    0.81   -0.06 (VIOLATED)
ANTENNA_766/DIODE                       0.75    0.81   -0.06 (VIOLATED)
ANTENNA_764/DIODE                       0.75    0.81   -0.06 (VIOLATED)
output215/A                             0.75    0.81   -0.06 (VIOLATED)
ANTENNA_767/DIODE                       0.75    0.81   -0.06 (VIOLATED)
ANTENNA_765/DIODE                       0.75    0.81   -0.06 (VIOLATED)
_26915_/A1                              0.75    0.81   -0.06 (VIOLATED)
ANTENNA_763/DIODE                       0.75    0.81   -0.06 (VIOLATED)
_19130_/A                               0.75    0.81   -0.06 (VIOLATED)
_25253_/A1                              0.75    0.81   -0.06 (VIOLATED)
_25791_/A1                              0.75    0.81   -0.06 (VIOLATED)
_39217_/Q                               0.75    0.81   -0.06 (VIOLATED)

max fanout

Pin                                   Limit Fanout  Slack
---------------------------------------------------------
input171/X                                8     34    -26 (VIOLATED)
input166/X                                8     27    -19 (VIOLATED)
_19249_/X                                 8     25    -17 (VIOLATED)
_24864_/X                                 8     25    -17 (VIOLATED)
_42322_/X                                 8     25    -17 (VIOLATED)
input160/X                                8     25    -17 (VIOLATED)
_42330_/X                                 8     23    -15 (VIOLATED)
input175/X                                8     23    -15 (VIOLATED)
input178/X                                8     23    -15 (VIOLATED)
input184/X                                8     23    -15 (VIOLATED)
input64/X                                 8     23    -15 (VIOLATED)
input70/X                                 8     23    -15 (VIOLATED)
input82/X                                 8     23    -15 (VIOLATED)
input182/X                                8     22    -14 (VIOLATED)
input183/X                                8     22    -14 (VIOLATED)
input34/X                                 8     21    -13 (VIOLATED)
_42317_/X                                 8     19    -11 (VIOLATED)
input162/X                                8     19    -11 (VIOLATED)
input80/X                                 8     19    -11 (VIOLATED)
_39201_/Q                                 8     18    -10 (VIOLATED)
_39233_/Q                                 8     18    -10 (VIOLATED)
_39324_/Q                                 8     18    -10 (VIOLATED)
_42307_/X                                 8     18    -10 (VIOLATED)
clkbuf_leaf_230_clk/X                     8     18    -10 (VIOLATED)
clkbuf_leaf_543_clk/X                     8     18    -10 (VIOLATED)
clkbuf_leaf_71_clk/X                      8     18    -10 (VIOLATED)
fanout668/X                               8     18    -10 (VIOLATED)
_39042_/Q                                 8     17     -9 (VIOLATED)
_39202_/Q                                 8     17     -9 (VIOLATED)
_39247_/Q                                 8     17     -9 (VIOLATED)
_39258_/Q                                 8     17     -9 (VIOLATED)
_42308_/X                                 8     17     -9 (VIOLATED)
_42324_/X                                 8     17     -9 (VIOLATED)
clkbuf_6_29__f_clk/X                      8     17     -9 (VIOLATED)
clkbuf_leaf_108_clk/X                     8     17     -9 (VIOLATED)
clkbuf_leaf_191_clk/X                     8     17     -9 (VIOLATED)
clkbuf_leaf_315_clk/X                     8     17     -9 (VIOLATED)
clkbuf_leaf_426_clk/X                     8     17     -9 (VIOLATED)
fanout666/X                               8     17     -9 (VIOLATED)
input164/X                                8     17     -9 (VIOLATED)
_39043_/Q                                 8     16     -8 (VIOLATED)
_39114_/Q                                 8     16     -8 (VIOLATED)
_39221_/Q                                 8     16     -8 (VIOLATED)
_39281_/Q                                 8     16     -8 (VIOLATED)
_42254_/X                                 8     16     -8 (VIOLATED)
_42258_/X                                 8     16     -8 (VIOLATED)
_42337_/X                                 8     16     -8 (VIOLATED)
_42346_/X                                 8     16     -8 (VIOLATED)
clkbuf_leaf_257_clk/X                     8     16     -8 (VIOLATED)
clkbuf_leaf_298_clk/X                     8     16     -8 (VIOLATED)
clkbuf_leaf_300_clk/X                     8     16     -8 (VIOLATED)
clkbuf_leaf_493_clk/X                     8     16     -8 (VIOLATED)
clkbuf_leaf_587_clk/X                     8     16     -8 (VIOLATED)
fanout665/X                               8     16     -8 (VIOLATED)
_23674_/X                                 8     15     -7 (VIOLATED)
_26518_/X                                 8     15     -7 (VIOLATED)
_39002_/Q                                 8     15     -7 (VIOLATED)
_39004_/Q                                 8     15     -7 (VIOLATED)
_39034_/Q                                 8     15     -7 (VIOLATED)
_39039_/Q                                 8     15     -7 (VIOLATED)
_39083_/Q                                 8     15     -7 (VIOLATED)
_39087_/Q                                 8     15     -7 (VIOLATED)
_39097_/Q                                 8     15     -7 (VIOLATED)
_39283_/Q                                 8     15     -7 (VIOLATED)
_39314_/Q                                 8     15     -7 (VIOLATED)
_39321_/Q                                 8     15     -7 (VIOLATED)
_39326_/Q                                 8     15     -7 (VIOLATED)
_42230_/X                                 8     15     -7 (VIOLATED)
_42300_/X                                 8     15     -7 (VIOLATED)
_42343_/X                                 8     15     -7 (VIOLATED)
_42353_/X                                 8     15     -7 (VIOLATED)
clkbuf_leaf_109_clk/X                     8     15     -7 (VIOLATED)
clkbuf_leaf_202_clk/X                     8     15     -7 (VIOLATED)
clkbuf_leaf_252_clk/X                     8     15     -7 (VIOLATED)
clkbuf_leaf_256_clk/X                     8     15     -7 (VIOLATED)
clkbuf_leaf_367_clk/X                     8     15     -7 (VIOLATED)
clkbuf_leaf_368_clk/X                     8     15     -7 (VIOLATED)
clkbuf_leaf_385_clk/X                     8     15     -7 (VIOLATED)
clkbuf_leaf_402_clk/X                     8     15     -7 (VIOLATED)
clkbuf_leaf_420_clk/X                     8     15     -7 (VIOLATED)
clkbuf_leaf_452_clk/X                     8     15     -7 (VIOLATED)
clkbuf_leaf_486_clk/X                     8     15     -7 (VIOLATED)
clkbuf_leaf_548_clk/X                     8     15     -7 (VIOLATED)
clkbuf_leaf_563_clk/X                     8     15     -7 (VIOLATED)
clkbuf_leaf_585_clk/X                     8     15     -7 (VIOLATED)
clkbuf_leaf_8_clk/X                       8     15     -7 (VIOLATED)
input168/X                                8     15     -7 (VIOLATED)
input57/X                                 8     15     -7 (VIOLATED)
_18831_/X                                 8     14     -6 (VIOLATED)
_24925_/X                                 8     14     -6 (VIOLATED)
_39086_/Q                                 8     14     -6 (VIOLATED)
_39095_/Q                                 8     14     -6 (VIOLATED)
_39333_/Q                                 8     14     -6 (VIOLATED)
_42291_/X                                 8     14     -6 (VIOLATED)
clkbuf_6_10__f_clk/X                      8     14     -6 (VIOLATED)
clkbuf_6_11__f_clk/X                      8     14     -6 (VIOLATED)
clkbuf_6_30__f_clk/X                      8     14     -6 (VIOLATED)
clkbuf_leaf_141_clk/X                     8     14     -6 (VIOLATED)
clkbuf_leaf_161_clk/X                     8     14     -6 (VIOLATED)
clkbuf_leaf_179_clk/X                     8     14     -6 (VIOLATED)
clkbuf_leaf_217_clk/X                     8     14     -6 (VIOLATED)
clkbuf_leaf_241_clk/X                     8     14     -6 (VIOLATED)
clkbuf_leaf_258_clk/X                     8     14     -6 (VIOLATED)
clkbuf_leaf_261_clk/X                     8     14     -6 (VIOLATED)
clkbuf_leaf_323_clk/X                     8     14     -6 (VIOLATED)
clkbuf_leaf_370_clk/X                     8     14     -6 (VIOLATED)
clkbuf_leaf_372_clk/X                     8     14     -6 (VIOLATED)
clkbuf_leaf_384_clk/X                     8     14     -6 (VIOLATED)
clkbuf_leaf_403_clk/X                     8     14     -6 (VIOLATED)
clkbuf_leaf_423_clk/X                     8     14     -6 (VIOLATED)
clkbuf_leaf_427_clk/X                     8     14     -6 (VIOLATED)
clkbuf_leaf_428_clk/X                     8     14     -6 (VIOLATED)
clkbuf_leaf_49_clk/X                      8     14     -6 (VIOLATED)
clkbuf_leaf_518_clk/X                     8     14     -6 (VIOLATED)
clkbuf_leaf_531_clk/X                     8     14     -6 (VIOLATED)
clkbuf_leaf_540_clk/X                     8     14     -6 (VIOLATED)
clkbuf_leaf_56_clk/X                      8     14     -6 (VIOLATED)
clkbuf_leaf_580_clk/X                     8     14     -6 (VIOLATED)
clkbuf_leaf_7_clk/X                       8     14     -6 (VIOLATED)
clkbuf_leaf_82_clk/X                      8     14     -6 (VIOLATED)
input128/X                                8     14     -6 (VIOLATED)
wire662/X                                 8     14     -6 (VIOLATED)
_22930_/X                                 8     13     -5 (VIOLATED)
_24901_/X                                 8     13     -5 (VIOLATED)
_35991_/X                                 8     13     -5 (VIOLATED)
_36097_/X                                 8     13     -5 (VIOLATED)
_36150_/X                                 8     13     -5 (VIOLATED)
_36203_/X                                 8     13     -5 (VIOLATED)
_39203_/Q                                 8     13     -5 (VIOLATED)
_39208_/Q                                 8     13     -5 (VIOLATED)
_39211_/Q                                 8     13     -5 (VIOLATED)
_39254_/Q                                 8     13     -5 (VIOLATED)
_39289_/Q                                 8     13     -5 (VIOLATED)
_39309_/Q                                 8     13     -5 (VIOLATED)
_39325_/Q                                 8     13     -5 (VIOLATED)
_42275_/X                                 8     13     -5 (VIOLATED)
_42299_/X                                 8     13     -5 (VIOLATED)
_42304_/X                                 8     13     -5 (VIOLATED)
_42311_/X                                 8     13     -5 (VIOLATED)
_42354_/X                                 8     13     -5 (VIOLATED)
clkbuf_6_5__f_clk/X                       8     13     -5 (VIOLATED)
clkbuf_6_9__f_clk/X                       8     13     -5 (VIOLATED)
clkbuf_leaf_119_clk/X                     8     13     -5 (VIOLATED)
clkbuf_leaf_122_clk/X                     8     13     -5 (VIOLATED)
clkbuf_leaf_178_clk/X                     8     13     -5 (VIOLATED)
clkbuf_leaf_189_clk/X                     8     13     -5 (VIOLATED)
clkbuf_leaf_235_clk/X                     8     13     -5 (VIOLATED)
clkbuf_leaf_273_clk/X                     8     13     -5 (VIOLATED)
clkbuf_leaf_291_clk/X                     8     13     -5 (VIOLATED)
clkbuf_leaf_326_clk/X                     8     13     -5 (VIOLATED)
clkbuf_leaf_380_clk/X                     8     13     -5 (VIOLATED)
clkbuf_leaf_399_clk/X                     8     13     -5 (VIOLATED)
clkbuf_leaf_39_clk/X                      8     13     -5 (VIOLATED)
clkbuf_leaf_401_clk/X                     8     13     -5 (VIOLATED)
clkbuf_leaf_438_clk/X                     8     13     -5 (VIOLATED)
clkbuf_leaf_453_clk/X                     8     13     -5 (VIOLATED)
clkbuf_leaf_469_clk/X                     8     13     -5 (VIOLATED)
clkbuf_leaf_503_clk/X                     8     13     -5 (VIOLATED)
clkbuf_leaf_510_clk/X                     8     13     -5 (VIOLATED)
clkbuf_leaf_519_clk/X                     8     13     -5 (VIOLATED)
clkbuf_leaf_532_clk/X                     8     13     -5 (VIOLATED)
clkbuf_leaf_559_clk/X                     8     13     -5 (VIOLATED)
clkbuf_leaf_566_clk/X                     8     13     -5 (VIOLATED)
clkbuf_leaf_571_clk/X                     8     13     -5 (VIOLATED)
clkbuf_leaf_578_clk/X                     8     13     -5 (VIOLATED)
clkbuf_leaf_79_clk/X                      8     13     -5 (VIOLATED)
input56/X                                 8     13     -5 (VIOLATED)
_22087_/X                                 8     12     -4 (VIOLATED)
_22407_/X                                 8     12     -4 (VIOLATED)
_22508_/X                                 8     12     -4 (VIOLATED)
_22650_/X                                 8     12     -4 (VIOLATED)
_22720_/X                                 8     12     -4 (VIOLATED)
_24147_/X                                 8     12     -4 (VIOLATED)
_26411_/X                                 8     12     -4 (VIOLATED)
_28361_/X                                 8     12     -4 (VIOLATED)
_29941_/X                                 8     12     -4 (VIOLATED)
_30095_/X                                 8     12     -4 (VIOLATED)
_39204_/Q                                 8     12     -4 (VIOLATED)
_39225_/Q                                 8     12     -4 (VIOLATED)
_39268_/Q                                 8     12     -4 (VIOLATED)
_39332_/Q                                 8     12     -4 (VIOLATED)
_42231_/X                                 8     12     -4 (VIOLATED)
_42233_/X                                 8     12     -4 (VIOLATED)
_42236_/X                                 8     12     -4 (VIOLATED)
_42237_/X                                 8     12     -4 (VIOLATED)
_42280_/X                                 8     12     -4 (VIOLATED)
_42293_/X                                 8     12     -4 (VIOLATED)
_42295_/X                                 8     12     -4 (VIOLATED)
_42298_/X                                 8     12     -4 (VIOLATED)
_42344_/X                                 8     12     -4 (VIOLATED)
clkbuf_6_20__f_clk/X                      8     12     -4 (VIOLATED)
clkbuf_6_24__f_clk/X                      8     12     -4 (VIOLATED)
clkbuf_6_28__f_clk/X                      8     12     -4 (VIOLATED)
clkbuf_6_31__f_clk/X                      8     12     -4 (VIOLATED)
clkbuf_6_8__f_clk/X                       8     12     -4 (VIOLATED)
clkbuf_leaf_104_clk/X                     8     12     -4 (VIOLATED)
clkbuf_leaf_114_clk/X                     8     12     -4 (VIOLATED)
clkbuf_leaf_115_clk/X                     8     12     -4 (VIOLATED)
clkbuf_leaf_11_clk/X                      8     12     -4 (VIOLATED)
clkbuf_leaf_124_clk/X                     8     12     -4 (VIOLATED)
clkbuf_leaf_125_clk/X                     8     12     -4 (VIOLATED)
clkbuf_leaf_138_clk/X                     8     12     -4 (VIOLATED)
clkbuf_leaf_140_clk/X                     8     12     -4 (VIOLATED)
clkbuf_leaf_164_clk/X                     8     12     -4 (VIOLATED)
clkbuf_leaf_181_clk/X                     8     12     -4 (VIOLATED)
clkbuf_leaf_199_clk/X                     8     12     -4 (VIOLATED)
clkbuf_leaf_210_clk/X                     8     12     -4 (VIOLATED)
clkbuf_leaf_215_clk/X                     8     12     -4 (VIOLATED)
clkbuf_leaf_229_clk/X                     8     12     -4 (VIOLATED)
clkbuf_leaf_238_clk/X                     8     12     -4 (VIOLATED)
clkbuf_leaf_239_clk/X                     8     12     -4 (VIOLATED)
clkbuf_leaf_30_clk/X                      8     12     -4 (VIOLATED)
clkbuf_leaf_310_clk/X                     8     12     -4 (VIOLATED)
clkbuf_leaf_319_clk/X                     8     12     -4 (VIOLATED)
clkbuf_leaf_327_clk/X                     8     12     -4 (VIOLATED)
clkbuf_leaf_336_clk/X                     8     12     -4 (VIOLATED)
clkbuf_leaf_33_clk/X                      8     12     -4 (VIOLATED)
clkbuf_leaf_345_clk/X                     8     12     -4 (VIOLATED)
clkbuf_leaf_362_clk/X                     8     12     -4 (VIOLATED)
clkbuf_leaf_378_clk/X                     8     12     -4 (VIOLATED)
clkbuf_leaf_37_clk/X                      8     12     -4 (VIOLATED)
clkbuf_leaf_387_clk/X                     8     12     -4 (VIOLATED)
clkbuf_leaf_389_clk/X                     8     12     -4 (VIOLATED)
clkbuf_leaf_390_clk/X                     8     12     -4 (VIOLATED)
clkbuf_leaf_414_clk/X                     8     12     -4 (VIOLATED)
clkbuf_leaf_416_clk/X                     8     12     -4 (VIOLATED)
clkbuf_leaf_431_clk/X                     8     12     -4 (VIOLATED)
clkbuf_leaf_467_clk/X                     8     12     -4 (VIOLATED)
clkbuf_leaf_471_clk/X                     8     12     -4 (VIOLATED)
clkbuf_leaf_492_clk/X                     8     12     -4 (VIOLATED)
clkbuf_leaf_523_clk/X                     8     12     -4 (VIOLATED)
clkbuf_leaf_527_clk/X                     8     12     -4 (VIOLATED)
clkbuf_leaf_542_clk/X                     8     12     -4 (VIOLATED)
clkbuf_leaf_556_clk/X                     8     12     -4 (VIOLATED)
clkbuf_leaf_575_clk/X                     8     12     -4 (VIOLATED)
clkbuf_leaf_58_clk/X                      8     12     -4 (VIOLATED)
clkbuf_leaf_69_clk/X                      8     12     -4 (VIOLATED)
clkbuf_leaf_74_clk/X                      8     12     -4 (VIOLATED)
_21356_/X                                 8     11     -3 (VIOLATED)
_22263_/X                                 8     11     -3 (VIOLATED)
_22578_/X                                 8     11     -3 (VIOLATED)
_23247_/X                                 8     11     -3 (VIOLATED)
_23532_/X                                 8     11     -3 (VIOLATED)
_23744_/X                                 8     11     -3 (VIOLATED)
_24138_/X                                 8     11     -3 (VIOLATED)
_26379_/X                                 8     11     -3 (VIOLATED)
_26405_/X                                 8     11     -3 (VIOLATED)
_26472_/X                                 8     11     -3 (VIOLATED)
_26485_/X                                 8     11     -3 (VIOLATED)
_26503_/X                                 8     11     -3 (VIOLATED)
_26532_/X                                 8     11     -3 (VIOLATED)
_26556_/X                                 8     11     -3 (VIOLATED)
_26559_/X                                 8     11     -3 (VIOLATED)
_28076_/X                                 8     11     -3 (VIOLATED)
_28378_/X                                 8     11     -3 (VIOLATED)
_30326_/X                                 8     11     -3 (VIOLATED)
_31815_/X                                 8     11     -3 (VIOLATED)
_39186_/Q                                 8     11     -3 (VIOLATED)
_39206_/Q                                 8     11     -3 (VIOLATED)
_39217_/Q                                 8     11     -3 (VIOLATED)
_39236_/Q                                 8     11     -3 (VIOLATED)
_39240_/Q                                 8     11     -3 (VIOLATED)
_42321_/X                                 8     11     -3 (VIOLATED)
_42352_/X                                 8     11     -3 (VIOLATED)
clkbuf_6_16__f_clk/X                      8     11     -3 (VIOLATED)
clkbuf_6_17__f_clk/X                      8     11     -3 (VIOLATED)
clkbuf_6_18__f_clk/X                      8     11     -3 (VIOLATED)
clkbuf_6_19__f_clk/X                      8     11     -3 (VIOLATED)
clkbuf_6_21__f_clk/X                      8     11     -3 (VIOLATED)
clkbuf_6_22__f_clk/X                      8     11     -3 (VIOLATED)
clkbuf_6_27__f_clk/X                      8     11     -3 (VIOLATED)
clkbuf_6_36__f_clk/X                      8     11     -3 (VIOLATED)
clkbuf_6_37__f_clk/X                      8     11     -3 (VIOLATED)
clkbuf_6_59__f_clk/X                      8     11     -3 (VIOLATED)
clkbuf_6_7__f_clk/X                       8     11     -3 (VIOLATED)
clkbuf_leaf_101_clk/X                     8     11     -3 (VIOLATED)
clkbuf_leaf_103_clk/X                     8     11     -3 (VIOLATED)
clkbuf_leaf_111_clk/X                     8     11     -3 (VIOLATED)
clkbuf_leaf_117_clk/X                     8     11     -3 (VIOLATED)
clkbuf_leaf_12_clk/X                      8     11     -3 (VIOLATED)
clkbuf_leaf_137_clk/X                     8     11     -3 (VIOLATED)
clkbuf_leaf_142_clk/X                     8     11     -3 (VIOLATED)
clkbuf_leaf_149_clk/X                     8     11     -3 (VIOLATED)
clkbuf_leaf_153_clk/X                     8     11     -3 (VIOLATED)
clkbuf_leaf_154_clk/X                     8     11     -3 (VIOLATED)
clkbuf_leaf_158_clk/X                     8     11     -3 (VIOLATED)
clkbuf_leaf_15_clk/X                      8     11     -3 (VIOLATED)
clkbuf_leaf_176_clk/X                     8     11     -3 (VIOLATED)
clkbuf_leaf_186_clk/X                     8     11     -3 (VIOLATED)
clkbuf_leaf_205_clk/X                     8     11     -3 (VIOLATED)
clkbuf_leaf_206_clk/X                     8     11     -3 (VIOLATED)
clkbuf_leaf_227_clk/X                     8     11     -3 (VIOLATED)
clkbuf_leaf_244_clk/X                     8     11     -3 (VIOLATED)
clkbuf_leaf_248_clk/X                     8     11     -3 (VIOLATED)
clkbuf_leaf_255_clk/X                     8     11     -3 (VIOLATED)
clkbuf_leaf_260_clk/X                     8     11     -3 (VIOLATED)
clkbuf_leaf_262_clk/X                     8     11     -3 (VIOLATED)
clkbuf_leaf_267_clk/X                     8     11     -3 (VIOLATED)
clkbuf_leaf_285_clk/X                     8     11     -3 (VIOLATED)
clkbuf_leaf_299_clk/X                     8     11     -3 (VIOLATED)
clkbuf_leaf_301_clk/X                     8     11     -3 (VIOLATED)
clkbuf_leaf_309_clk/X                     8     11     -3 (VIOLATED)
clkbuf_leaf_316_clk/X                     8     11     -3 (VIOLATED)
clkbuf_leaf_330_clk/X                     8     11     -3 (VIOLATED)
clkbuf_leaf_348_clk/X                     8     11     -3 (VIOLATED)
clkbuf_leaf_34_clk/X                      8     11     -3 (VIOLATED)
clkbuf_leaf_358_clk/X                     8     11     -3 (VIOLATED)
clkbuf_leaf_364_clk/X                     8     11     -3 (VIOLATED)
clkbuf_leaf_369_clk/X                     8     11     -3 (VIOLATED)
clkbuf_leaf_371_clk/X                     8     11     -3 (VIOLATED)
clkbuf_leaf_396_clk/X                     8     11     -3 (VIOLATED)
clkbuf_leaf_404_clk/X                     8     11     -3 (VIOLATED)
clkbuf_leaf_407_clk/X                     8     11     -3 (VIOLATED)
clkbuf_leaf_411_clk/X                     8     11     -3 (VIOLATED)
clkbuf_leaf_436_clk/X                     8     11     -3 (VIOLATED)
clkbuf_leaf_441_clk/X                     8     11     -3 (VIOLATED)
clkbuf_leaf_44_clk/X                      8     11     -3 (VIOLATED)
clkbuf_leaf_470_clk/X                     8     11     -3 (VIOLATED)
clkbuf_leaf_494_clk/X                     8     11     -3 (VIOLATED)
clkbuf_leaf_497_clk/X                     8     11     -3 (VIOLATED)
clkbuf_leaf_505_clk/X                     8     11     -3 (VIOLATED)
clkbuf_leaf_511_clk/X                     8     11     -3 (VIOLATED)
clkbuf_leaf_545_clk/X                     8     11     -3 (VIOLATED)
clkbuf_leaf_546_clk/X                     8     11     -3 (VIOLATED)
clkbuf_leaf_551_clk/X                     8     11     -3 (VIOLATED)
clkbuf_leaf_561_clk/X                     8     11     -3 (VIOLATED)
clkbuf_leaf_576_clk/X                     8     11     -3 (VIOLATED)
clkbuf_leaf_57_clk/X                      8     11     -3 (VIOLATED)
clkbuf_leaf_583_clk/X                     8     11     -3 (VIOLATED)
clkbuf_leaf_63_clk/X                      8     11     -3 (VIOLATED)
clkbuf_leaf_67_clk/X                      8     11     -3 (VIOLATED)
clkbuf_leaf_75_clk/X                      8     11     -3 (VIOLATED)
clkbuf_leaf_88_clk/X                      8     11     -3 (VIOLATED)
clkbuf_leaf_89_clk/X                      8     11     -3 (VIOLATED)
clkbuf_leaf_94_clk/X                      8     11     -3 (VIOLATED)
clkbuf_leaf_95_clk/X                      8     11     -3 (VIOLATED)
clkbuf_leaf_98_clk/X                      8     11     -3 (VIOLATED)
clkbuf_leaf_99_clk/X                      8     11     -3 (VIOLATED)
input170/X                                8     11     -3 (VIOLATED)
input190/X                                8     11     -3 (VIOLATED)
_18885_/X                                 8     10     -2 (VIOLATED)
_18941_/X                                 8     10     -2 (VIOLATED)
_21893_/X                                 8     10     -2 (VIOLATED)
_22790_/X                                 8     10     -2 (VIOLATED)
_23177_/X                                 8     10     -2 (VIOLATED)
_23320_/X                                 8     10     -2 (VIOLATED)
_24124_/X                                 8     10     -2 (VIOLATED)
_24919_/X                                 8     10     -2 (VIOLATED)
_26401_/X                                 8     10     -2 (VIOLATED)
_26450_/X                                 8     10     -2 (VIOLATED)
_26468_/X                                 8     10     -2 (VIOLATED)
_26505_/X                                 8     10     -2 (VIOLATED)
_26509_/X                                 8     10     -2 (VIOLATED)
_26510_/X                                 8     10     -2 (VIOLATED)
_26542_/X                                 8     10     -2 (VIOLATED)
_26550_/X                                 8     10     -2 (VIOLATED)
_26575_/X                                 8     10     -2 (VIOLATED)
_26984_/X                                 8     10     -2 (VIOLATED)
_30018_/X                                 8     10     -2 (VIOLATED)
_39075_/Q                                 8     10     -2 (VIOLATED)
_39265_/Q                                 8     10     -2 (VIOLATED)
_39331_/Q                                 8     10     -2 (VIOLATED)
_42356_/X                                 8     10     -2 (VIOLATED)
clkbuf_6_12__f_clk/X                      8     10     -2 (VIOLATED)
clkbuf_6_13__f_clk/X                      8     10     -2 (VIOLATED)
clkbuf_6_14__f_clk/X                      8     10     -2 (VIOLATED)
clkbuf_6_15__f_clk/X                      8     10     -2 (VIOLATED)
clkbuf_6_23__f_clk/X                      8     10     -2 (VIOLATED)
clkbuf_6_2__f_clk/X                       8     10     -2 (VIOLATED)
clkbuf_6_32__f_clk/X                      8     10     -2 (VIOLATED)
clkbuf_6_38__f_clk/X                      8     10     -2 (VIOLATED)
clkbuf_6_39__f_clk/X                      8     10     -2 (VIOLATED)
clkbuf_6_45__f_clk/X                      8     10     -2 (VIOLATED)
clkbuf_6_56__f_clk/X                      8     10     -2 (VIOLATED)
clkbuf_6_58__f_clk/X                      8     10     -2 (VIOLATED)
clkbuf_leaf_10_clk/X                      8     10     -2 (VIOLATED)
clkbuf_leaf_110_clk/X                     8     10     -2 (VIOLATED)
clkbuf_leaf_118_clk/X                     8     10     -2 (VIOLATED)
clkbuf_leaf_127_clk/X                     8     10     -2 (VIOLATED)
clkbuf_leaf_139_clk/X                     8     10     -2 (VIOLATED)
clkbuf_leaf_143_clk/X                     8     10     -2 (VIOLATED)
clkbuf_leaf_148_clk/X                     8     10     -2 (VIOLATED)
clkbuf_leaf_151_clk/X                     8     10     -2 (VIOLATED)
clkbuf_leaf_167_clk/X                     8     10     -2 (VIOLATED)
clkbuf_leaf_170_clk/X                     8     10     -2 (VIOLATED)
clkbuf_leaf_175_clk/X                     8     10     -2 (VIOLATED)
clkbuf_leaf_180_clk/X                     8     10     -2 (VIOLATED)
clkbuf_leaf_192_clk/X                     8     10     -2 (VIOLATED)
clkbuf_leaf_193_clk/X                     8     10     -2 (VIOLATED)
clkbuf_leaf_195_clk/X                     8     10     -2 (VIOLATED)
clkbuf_leaf_204_clk/X                     8     10     -2 (VIOLATED)
clkbuf_leaf_22_clk/X                      8     10     -2 (VIOLATED)
clkbuf_leaf_245_clk/X                     8     10     -2 (VIOLATED)
clkbuf_leaf_254_clk/X                     8     10     -2 (VIOLATED)
clkbuf_leaf_274_clk/X                     8     10     -2 (VIOLATED)
clkbuf_leaf_283_clk/X                     8     10     -2 (VIOLATED)
clkbuf_leaf_284_clk/X                     8     10     -2 (VIOLATED)
clkbuf_leaf_29_clk/X                      8     10     -2 (VIOLATED)
clkbuf_leaf_302_clk/X                     8     10     -2 (VIOLATED)
clkbuf_leaf_303_clk/X                     8     10     -2 (VIOLATED)
clkbuf_leaf_314_clk/X                     8     10     -2 (VIOLATED)
clkbuf_leaf_317_clk/X                     8     10     -2 (VIOLATED)
clkbuf_leaf_318_clk/X                     8     10     -2 (VIOLATED)
clkbuf_leaf_337_clk/X                     8     10     -2 (VIOLATED)
clkbuf_leaf_340_clk/X                     8     10     -2 (VIOLATED)
clkbuf_leaf_346_clk/X                     8     10     -2 (VIOLATED)
clkbuf_leaf_351_clk/X                     8     10     -2 (VIOLATED)
clkbuf_leaf_352_clk/X                     8     10     -2 (VIOLATED)
clkbuf_leaf_359_clk/X                     8     10     -2 (VIOLATED)
clkbuf_leaf_374_clk/X                     8     10     -2 (VIOLATED)
clkbuf_leaf_382_clk/X                     8     10     -2 (VIOLATED)
clkbuf_leaf_386_clk/X                     8     10     -2 (VIOLATED)
clkbuf_leaf_388_clk/X                     8     10     -2 (VIOLATED)
clkbuf_leaf_38_clk/X                      8     10     -2 (VIOLATED)
clkbuf_leaf_397_clk/X                     8     10     -2 (VIOLATED)
clkbuf_leaf_398_clk/X                     8     10     -2 (VIOLATED)
clkbuf_leaf_408_clk/X                     8     10     -2 (VIOLATED)
clkbuf_leaf_415_clk/X                     8     10     -2 (VIOLATED)
clkbuf_leaf_417_clk/X                     8     10     -2 (VIOLATED)
clkbuf_leaf_418_clk/X                     8     10     -2 (VIOLATED)
clkbuf_leaf_437_clk/X                     8     10     -2 (VIOLATED)
clkbuf_leaf_463_clk/X                     8     10     -2 (VIOLATED)
clkbuf_leaf_465_clk/X                     8     10     -2 (VIOLATED)
clkbuf_leaf_468_clk/X                     8     10     -2 (VIOLATED)
clkbuf_leaf_47_clk/X                      8     10     -2 (VIOLATED)
clkbuf_leaf_498_clk/X                     8     10     -2 (VIOLATED)
clkbuf_leaf_502_clk/X                     8     10     -2 (VIOLATED)
clkbuf_leaf_507_clk/X                     8     10     -2 (VIOLATED)
clkbuf_leaf_509_clk/X                     8     10     -2 (VIOLATED)
clkbuf_leaf_520_clk/X                     8     10     -2 (VIOLATED)
clkbuf_leaf_529_clk/X                     8     10     -2 (VIOLATED)
clkbuf_leaf_52_clk/X                      8     10     -2 (VIOLATED)
clkbuf_leaf_535_clk/X                     8     10     -2 (VIOLATED)
clkbuf_leaf_541_clk/X                     8     10     -2 (VIOLATED)
clkbuf_leaf_552_clk/X                     8     10     -2 (VIOLATED)
clkbuf_leaf_554_clk/X                     8     10     -2 (VIOLATED)
clkbuf_leaf_562_clk/X                     8     10     -2 (VIOLATED)
clkbuf_leaf_577_clk/X                     8     10     -2 (VIOLATED)
clkbuf_leaf_60_clk/X                      8     10     -2 (VIOLATED)
clkbuf_leaf_6_clk/X                       8     10     -2 (VIOLATED)
clkbuf_leaf_72_clk/X                      8     10     -2 (VIOLATED)
clkbuf_leaf_73_clk/X                      8     10     -2 (VIOLATED)
clkbuf_leaf_78_clk/X                      8     10     -2 (VIOLATED)
clkbuf_leaf_85_clk/X                      8     10     -2 (VIOLATED)
clkbuf_leaf_97_clk/X                      8     10     -2 (VIOLATED)
wire663/X                                 8     10     -2 (VIOLATED)
_18698_/X                                 8      9        (VIOLATED)
_21278_/X                                 8      9        (VIOLATED)
_21354_/X                                 8      9        (VIOLATED)
_21409_/X                                 8      9        (VIOLATED)
_21783_/X                                 8      9        (VIOLATED)
_22188_/X                                 8      9        (VIOLATED)
_23001_/X                                 8      9        (VIOLATED)
_23462_/X                                 8      9        (VIOLATED)
_23602_/X                                 8      9        (VIOLATED)
_24144_/X                                 8      9        (VIOLATED)
_25304_/X                                 8      9        (VIOLATED)
_25820_/X                                 8      9        (VIOLATED)
_26403_/X                                 8      9        (VIOLATED)
_26415_/X                                 8      9        (VIOLATED)
_26444_/X                                 8      9        (VIOLATED)
_26447_/X                                 8      9        (VIOLATED)
_26477_/X                                 8      9        (VIOLATED)
_26479_/X                                 8      9        (VIOLATED)
_26501_/X                                 8      9        (VIOLATED)
_26522_/X                                 8      9        (VIOLATED)
_26537_/X                                 8      9        (VIOLATED)
_26554_/X                                 8      9        (VIOLATED)
_26567_/X                                 8      9        (VIOLATED)
_26976_/X                                 8      9        (VIOLATED)
_28106_/X                                 8      9        (VIOLATED)
_28191_/X                                 8      9        (VIOLATED)
_28998_/X                                 8      9        (VIOLATED)
_29146_/X                                 8      9        (VIOLATED)
_30693_/X                                 8      9        (VIOLATED)
_32038_/X                                 8      9        (VIOLATED)
_39184_/Q                                 8      9        (VIOLATED)
_39190_/Q                                 8      9        (VIOLATED)
_39192_/Q                                 8      9        (VIOLATED)
_39194_/Q                                 8      9        (VIOLATED)
_39263_/Q                                 8      9        (VIOLATED)
_39266_/Q                                 8      9        (VIOLATED)
_39288_/Q                                 8      9        (VIOLATED)
_42309_/X                                 8      9        (VIOLATED)
clkbuf_6_1__f_clk/X                       8      9        (VIOLATED)
clkbuf_6_26__f_clk/X                      8      9        (VIOLATED)
clkbuf_6_46__f_clk/X                      8      9        (VIOLATED)
clkbuf_6_47__f_clk/X                      8      9        (VIOLATED)
clkbuf_6_4__f_clk/X                       8      9        (VIOLATED)
clkbuf_6_6__f_clk/X                       8      9        (VIOLATED)
clkbuf_leaf_102_clk/X                     8      9        (VIOLATED)
clkbuf_leaf_106_clk/X                     8      9        (VIOLATED)
clkbuf_leaf_126_clk/X                     8      9        (VIOLATED)
clkbuf_leaf_128_clk/X                     8      9        (VIOLATED)
clkbuf_leaf_133_clk/X                     8      9        (VIOLATED)
clkbuf_leaf_136_clk/X                     8      9        (VIOLATED)
clkbuf_leaf_145_clk/X                     8      9        (VIOLATED)
clkbuf_leaf_146_clk/X                     8      9        (VIOLATED)
clkbuf_leaf_14_clk/X                      8      9        (VIOLATED)
clkbuf_leaf_157_clk/X                     8      9        (VIOLATED)
clkbuf_leaf_160_clk/X                     8      9        (VIOLATED)
clkbuf_leaf_163_clk/X                     8      9        (VIOLATED)
clkbuf_leaf_165_clk/X                     8      9        (VIOLATED)
clkbuf_leaf_166_clk/X                     8      9        (VIOLATED)
clkbuf_leaf_168_clk/X                     8      9        (VIOLATED)
clkbuf_leaf_16_clk/X                      8      9        (VIOLATED)
clkbuf_leaf_171_clk/X                     8      9        (VIOLATED)
clkbuf_leaf_173_clk/X                     8      9        (VIOLATED)
clkbuf_leaf_182_clk/X                     8      9        (VIOLATED)
clkbuf_leaf_183_clk/X                     8      9        (VIOLATED)
clkbuf_leaf_184_clk/X                     8      9        (VIOLATED)
clkbuf_leaf_18_clk/X                      8      9        (VIOLATED)
clkbuf_leaf_190_clk/X                     8      9        (VIOLATED)
clkbuf_leaf_197_clk/X                     8      9        (VIOLATED)
clkbuf_leaf_201_clk/X                     8      9        (VIOLATED)
clkbuf_leaf_203_clk/X                     8      9        (VIOLATED)
clkbuf_leaf_20_clk/X                      8      9        (VIOLATED)
clkbuf_leaf_211_clk/X                     8      9        (VIOLATED)
clkbuf_leaf_213_clk/X                     8      9        (VIOLATED)
clkbuf_leaf_220_clk/X                     8      9        (VIOLATED)
clkbuf_leaf_222_clk/X                     8      9        (VIOLATED)
clkbuf_leaf_225_clk/X                     8      9        (VIOLATED)
clkbuf_leaf_237_clk/X                     8      9        (VIOLATED)
clkbuf_leaf_23_clk/X                      8      9        (VIOLATED)
clkbuf_leaf_250_clk/X                     8      9        (VIOLATED)
clkbuf_leaf_263_clk/X                     8      9        (VIOLATED)
clkbuf_leaf_264_clk/X                     8      9        (VIOLATED)
clkbuf_leaf_266_clk/X                     8      9        (VIOLATED)
clkbuf_leaf_269_clk/X                     8      9        (VIOLATED)
clkbuf_leaf_26_clk/X                      8      9        (VIOLATED)
clkbuf_leaf_270_clk/X                     8      9        (VIOLATED)
clkbuf_leaf_290_clk/X                     8      9        (VIOLATED)
clkbuf_leaf_312_clk/X                     8      9        (VIOLATED)
clkbuf_leaf_324_clk/X                     8      9        (VIOLATED)
clkbuf_leaf_333_clk/X                     8      9        (VIOLATED)
clkbuf_leaf_334_clk/X                     8      9        (VIOLATED)
clkbuf_leaf_335_clk/X                     8      9        (VIOLATED)
clkbuf_leaf_338_clk/X                     8      9        (VIOLATED)
clkbuf_leaf_342_clk/X                     8      9        (VIOLATED)
clkbuf_leaf_350_clk/X                     8      9        (VIOLATED)
clkbuf_leaf_353_clk/X                     8      9        (VIOLATED)
clkbuf_leaf_356_clk/X                     8      9        (VIOLATED)
clkbuf_leaf_366_clk/X                     8      9        (VIOLATED)
clkbuf_leaf_379_clk/X                     8      9        (VIOLATED)
clkbuf_leaf_400_clk/X                     8      9        (VIOLATED)
clkbuf_leaf_410_clk/X                     8      9        (VIOLATED)
clkbuf_leaf_41_clk/X                      8      9        (VIOLATED)
clkbuf_leaf_421_clk/X                     8      9        (VIOLATED)
clkbuf_leaf_422_clk/X                     8      9        (VIOLATED)
clkbuf_leaf_424_clk/X                     8      9        (VIOLATED)
clkbuf_leaf_429_clk/X                     8      9        (VIOLATED)
clkbuf_leaf_439_clk/X                     8      9        (VIOLATED)
clkbuf_leaf_43_clk/X                      8      9        (VIOLATED)
clkbuf_leaf_440_clk/X                     8      9        (VIOLATED)
clkbuf_leaf_45_clk/X                      8      9        (VIOLATED)
clkbuf_leaf_466_clk/X                     8      9        (VIOLATED)
clkbuf_leaf_46_clk/X                      8      9        (VIOLATED)
clkbuf_leaf_483_clk/X                     8      9        (VIOLATED)
clkbuf_leaf_495_clk/X                     8      9        (VIOLATED)
clkbuf_leaf_512_clk/X                     8      9        (VIOLATED)
clkbuf_leaf_514_clk/X                     8      9        (VIOLATED)
clkbuf_leaf_517_clk/X                     8      9        (VIOLATED)
clkbuf_leaf_528_clk/X                     8      9        (VIOLATED)
clkbuf_leaf_538_clk/X                     8      9        (VIOLATED)
clkbuf_leaf_557_clk/X                     8      9        (VIOLATED)
clkbuf_leaf_55_clk/X                      8      9        (VIOLATED)
clkbuf_leaf_564_clk/X                     8      9        (VIOLATED)
clkbuf_leaf_567_clk/X                     8      9        (VIOLATED)
clkbuf_leaf_568_clk/X                     8      9        (VIOLATED)
clkbuf_leaf_573_clk/X                     8      9        (VIOLATED)
clkbuf_leaf_582_clk/X                     8      9        (VIOLATED)
clkbuf_leaf_64_clk/X                      8      9        (VIOLATED)
clkbuf_leaf_70_clk/X                      8      9        (VIOLATED)
clkbuf_leaf_76_clk/X                      8      9        (VIOLATED)
clkbuf_leaf_81_clk/X                      8      9        (VIOLATED)
clkbuf_leaf_83_clk/X                      8      9        (VIOLATED)
clkbuf_leaf_86_clk/X                      8      9        (VIOLATED)
clkbuf_leaf_91_clk/X                      8      9        (VIOLATED)
clkbuf_leaf_96_clk/X                      8      9        (VIOLATED)
input172/X                                8      9        (VIOLATED)
input191/X                                8      9        (VIOLATED)
input71/X                                 8      9        (VIOLATED)



===========================================================================
report_parasitic_annotation -report_unannotated
============================================================================
Found 17 unannotated drivers.
 hft_top_669/HI
 hft_top_670/HI
 hft_top_671/HI
 hft_top_672/HI
 hft_top_673/HI
 hft_top_674/HI
 hft_top_675/HI
 hft_top_676/HI
 hft_top_677/HI
 hft_top_678/HI
 hft_top_679/HI
 hft_top_680/HI
 hft_top_681/HI
 hft_top_682/HI
 hft_top_683/HI
 hft_top_684/HI
 hft_top_685/LO
Found 0 partially unannotated drivers.

===========================================================================
max slew violation count 12
max fanout violation count 582
max cap violation count 0
============================================================================

===========================================================================
check_setup -verbose -unconstrained_endpoints -multiple_clock -no_clock -no_input_delay -loops -generated_clocks
===========================================================================
Warning: There are 17 unconstrained endpoints.
  o_best_ask_quantity[24]
  o_best_ask_quantity[25]
  o_best_ask_quantity[26]
  o_best_ask_quantity[27]
  o_best_ask_quantity[28]
  o_best_ask_quantity[29]
  o_best_ask_quantity[30]
  o_best_ask_quantity[31]
  o_best_bid_quantity[24]
  o_best_bid_quantity[25]
  o_best_bid_quantity[26]
  o_best_bid_quantity[27]
  o_best_bid_quantity[28]
  o_best_bid_quantity[29]
  o_best_bid_quantity[30]
  o_best_bid_quantity[31]
  rx_tready_chunk
