Partial/Required: 14.46, Required:    400.0, Partial:  5785.46, Net: net427, Pin: output427/A, Layer: met3
Partial/Required:  6.91, Required:    400.0, Partial:  2765.57, Net: net312, Pin: output312/A, Layer: met1
Partial/Required:  6.84, Required:    400.0, Partial:  2735.49, Net: net255, Pin: output255/A, Layer: met2
Partial/Required:  6.30, Required:    400.0, Partial:   2518.5, Net: net229, Pin: output229/A, Layer: met1
Partial/Required:  6.06, Required:    400.0, Partial:  2422.72, Net: net572, Pin: output572/A, Layer: met1
Partial/Required:  6.05, Required:    400.0, Partial:  2418.05, Net: net666, Pin: _42310_/A, Layer: met1
Partial/Required:  6.01, Required:    400.0, Partial:  2403.07, Net: net252, Pin: output252/A, Layer: met1
Partial/Required:  5.99, Required:    400.0, Partial:  2395.89, Net: net60, Pin: _31435_/B, Layer: met1
Partial/Required:  5.97, Required:    400.0, Partial:  2389.67, Net: net568, Pin: _31744_/A, Layer: met1
Partial/Required:  5.82, Required:    400.0, Partial:   2329.0, Net: net459, Pin: output459/A, Layer: met1
Partial/Required:  5.80, Required:    400.0, Partial:  2321.56, Net: net59, Pin: _31433_/B, Layer: met1
Partial/Required:  5.80, Required:    400.0, Partial:  2320.83, Net: net640, Pin: output640/A, Layer: met1
Partial/Required:  5.77, Required:    400.0, Partial:  2306.89, Net: net542, Pin: _20126_/B, Layer: met1
Partial/Required:  5.69, Required:    400.0, Partial:  2277.51, Net: net261, Pin: output261/A, Layer: met1
Partial/Required:  5.60, Required:    400.0, Partial:  2239.03, Net: net302, Pin: output302/A, Layer: met1
Partial/Required:  5.54, Required:    400.0, Partial:  2216.75, Net: net377, Pin: output377/A, Layer: met1
Partial/Required:  5.40, Required:    400.0, Partial:  2160.05, Net: net642, Pin: output642/A, Layer: met1
Partial/Required:  5.29, Required:    400.0, Partial:   2116.2, Net: net276, Pin: output276/A, Layer: met1
Partial/Required:  5.27, Required:    400.0, Partial:  2106.77, Net: net260, Pin: output260/A, Layer: met1
Partial/Required:  5.26, Required:    400.0, Partial:  2102.78, Net: net521, Pin: _20159_/A, Layer: met1
Partial/Required:  4.96, Required:    400.0, Partial:  1984.09, Net: net531, Pin: output531/A, Layer: met2
Partial/Required:  4.95, Required:    400.0, Partial:  1979.81, Net: net471, Pin: output471/A, Layer: met1
Partial/Required:  4.77, Required:    400.0, Partial:  1908.93, Net: net399, Pin: output399/A, Layer: met1
Partial/Required:  4.69, Required:    400.0, Partial:   1874.5, Net: net315, Pin: output315/A, Layer: met1
Partial/Required:  4.56, Required:    400.0, Partial:  1822.33, Net: net476, Pin: hold4640/A, Layer: met1
Partial/Required:  4.34, Required:    400.0, Partial:  1734.77, Net: net353, Pin: output353/A, Layer: met1
Partial/Required:  4.34, Required:    400.0, Partial:  1734.77, Net: net457, Pin: output457/A, Layer: met1
Partial/Required:  4.33, Required:    400.0, Partial:  1732.74, Net: net351, Pin: output351/A, Layer: met1
Partial/Required:  4.25, Required:    400.0, Partial:  1698.31, Net: net406, Pin: output406/A, Layer: met1
Partial/Required:  4.11, Required:    400.0, Partial:  1645.66, Net: net250, Pin: output250/A, Layer: met1
Partial/Required:  4.11, Required:    400.0, Partial:  1642.67, Net: net605, Pin: output605/A, Layer: met1
Partial/Required:  4.10, Required:    400.0, Partial:  1639.58, Net: net402, Pin: output402/A, Layer: met1
Partial/Required:  4.08, Required:    400.0, Partial:  1631.48, Net: net347, Pin: output347/A, Layer: met1
Partial/Required:  4.03, Required:    400.0, Partial:  1613.26, Net: net423, Pin: output423/A, Layer: met1
Partial/Required:  4.03, Required:    400.0, Partial:  1611.23, Net: net350, Pin: output350/A, Layer: met1
Partial/Required:  4.01, Required:    400.0, Partial:  1605.16, Net: net609, Pin: output609/A, Layer: met1
Partial/Required:  4.00, Required:    400.0, Partial:  1599.08, Net: net326, Pin: output326/A, Layer: met1
Partial/Required:  3.95, Required:    400.0, Partial:  1578.83, Net: net611, Pin: output611/A, Layer: met1
Partial/Required:  3.91, Required:    400.0, Partial:  1562.28, Net: net556, Pin: output556/A, Layer: met1
Partial/Required:  3.90, Required:    400.0, Partial:  1558.58, Net: net420, Pin: output420/A, Layer: met1
Partial/Required:  3.89, Required:    400.0, Partial:  1557.78, Net: net379, Pin: output379/A, Layer: met2
Partial/Required:  3.88, Required:    400.0, Partial:  1550.48, Net: net411, Pin: output411/A, Layer: met1
Partial/Required:  3.87, Required:    400.0, Partial:  1546.43, Net: net546, Pin: output546/A, Layer: met1
Partial/Required:  3.85, Required:    400.0, Partial:  1540.35, Net: net366, Pin: output366/A, Layer: met1
Partial/Required:  3.84, Required:    400.0, Partial:  1535.33, Net: net324, Pin: output324/A, Layer: met1
Partial/Required:  3.83, Required:    400.0, Partial:  1532.31, Net: net378, Pin: output378/A, Layer: met1
Partial/Required:  3.82, Required:    400.0, Partial:  1529.29, Net: net318, Pin: output318/A, Layer: met1
Partial/Required:  3.82, Required:    400.0, Partial:  1527.64, Net: net460, Pin: output460/A, Layer: met1
Partial/Required:  3.81, Required:    400.0, Partial:  1522.81, Net: _04299_, Pin: _41147_/D, Layer: met1
Partial/Required:  3.77, Required:    400.0, Partial:  1506.61, Net: net256, Pin: output256/A, Layer: met1
Partial/Required:  3.65, Required:    400.0, Partial:   1460.6, Net: net485, Pin: output485/A, Layer: met1
Partial/Required:  3.61, Required:    400.0, Partial:  1445.17, Net: net555, Pin: output555/A, Layer: met1
Partial/Required:  3.61, Required:    400.0, Partial:  1445.17, Net: net562, Pin: output562/A, Layer: met1
Partial/Required:  3.51, Required:    400.0, Partial:  1402.55, Net: net348, Pin: output348/A, Layer: met1
Partial/Required:  3.42, Required:    400.0, Partial:  1368.02, Net: net274, Pin: output274/A, Layer: met2
Partial/Required:  3.40, Required:    400.0, Partial:  1359.62, Net: _04297_, Pin: _41145_/D, Layer: met3
Partial/Required:  3.30, Required:    400.0, Partial:  1320.67, Net: net426, Pin: output426/A, Layer: met1
Partial/Required:  3.30, Required:    400.0, Partial:  1319.98, Net: net580, Pin: output580/A, Layer: met2
Partial/Required:  3.24, Required:    400.0, Partial:  1295.99, Net: net305, Pin: output305/A, Layer: met2
Partial/Required:  2.99, Required:    400.0, Partial:  1196.64, Net: net360, Pin: output360/A, Layer: met1
Partial/Required:  2.95, Required:    400.0, Partial:  1181.59, Net: net325, Pin: output325/A, Layer: met1
Partial/Required:  2.95, Required:    400.0, Partial:  1180.08, Net: net527, Pin: output527/A, Layer: met1
Partial/Required:  2.90, Required:    400.0, Partial:  1160.42, Net: net421, Pin: output421/A, Layer: met1
Partial/Required:  2.89, Required:    400.0, Partial:  1156.88, Net: net266, Pin: _31120_/A, Layer: met1
Partial/Required:  2.84, Required:    400.0, Partial:  1134.72, Net: net607, Pin: output607/A, Layer: met1
Partial/Required:  2.72, Required:    400.0, Partial:  1089.96, Net: order_tx_inst.patched\[374\], Pin: _42244_/A, Layer: met1
Partial/Required:  2.60, Required:    400.0, Partial:  1038.33, Net: net201, Pin: _36670_/A1, Layer: met1
Partial/Required:  2.53, Required:    400.0, Partial:  1010.22, Net: net151, Pin: _35588_/A1, Layer: met1
Partial/Required:  2.49, Required:    400.0, Partial:   997.61, Net: _09254_, Pin: _24832_/A, Layer: met1
Partial/Required:  2.42, Required:    400.0, Partial:   966.85, Net: net493, Pin: output493/A, Layer: met1
Partial/Required:  2.35, Required:    400.0, Partial:   939.71, Net: net367, Pin: output367/A, Layer: met1
Partial/Required:  2.23, Required:    400.0, Partial:   892.83, Net: _06907_, Pin: _20567_/D, Layer: met2
Partial/Required:  2.20, Required:    400.0, Partial:   879.24, Net: net332, Pin: output332/A, Layer: met1
Partial/Required:  2.19, Required:    400.0, Partial:    878.0, Net: _12394_, Pin: _32820_/A1, Layer: met1
Partial/Required:  2.19, Required:    400.0, Partial:   875.23, Net: _10564_, Pin: _25365_/A, Layer: met1
Partial/Required:  2.18, Required:    400.0, Partial:   870.03, Net: net448, Pin: output448/A, Layer: met1
Partial/Required:  2.16, Required:    400.0, Partial:   862.73, Net: net306, Pin: _30312_/B, Layer: met3
Partial/Required:  2.16, Required:    400.0, Partial:   862.73, Net: net306, Pin: _30311_/B, Layer: met3
Partial/Required:  1.95, Required:    400.0, Partial:   779.78, Net: net37, Pin: _18461_/A_N, Layer: met1
Partial/Required:  1.91, Required:    400.0, Partial:   764.72, Net: net346, Pin: output346/A, Layer: met1
Partial/Required:  1.90, Required:    400.0, Partial:   760.84, Net: net95, Pin: _31164_/A, Layer: met1
Partial/Required:  1.87, Required:    400.0, Partial:   746.98, Net: net567, Pin: output567/A, Layer: met2
Partial/Required:  1.87, Required:    400.0, Partial:   746.98, Net: net567, Pin: _31739_/A, Layer: met2
Partial/Required:  1.86, Required:    400.0, Partial:   745.28, Net: net151, Pin: _35588_/A1, Layer: met2
Partial/Required:  1.85, Required:    400.0, Partial:   738.33, Net: order_tx_inst.patched\[431\], Pin: _31785_/A, Layer: met1
Partial/Required:  1.79, Required:    400.0, Partial:   715.17, Net: _06415_, Pin: _19784_/A, Layer: met2
Partial/Required:  1.71, Required:    400.0, Partial:   682.33, Net: _16143_, Pin: _33792_/A, Layer: met1
Partial/Required:  1.69, Required:    400.0, Partial:   675.17, Net: _07128_, Pin: _22559_/A, Layer: met2
Partial/Required:  1.69, Required:    400.0, Partial:   675.15, Net: net619, Pin: output619/A, Layer: met1
Partial/Required:  1.62, Required:    400.0, Partial:    650.0, Net: _12379_, Pin: _28694_/A1, Layer: met1
Partial/Required:  1.56, Required:    400.0, Partial:   624.25, Net: _11259_, Pin: _31066_/A, Layer: met2
Partial/Required:  1.53, Required:    400.0, Partial:   612.06, Net: _11413_, Pin: _27450_/A0, Layer: met2
Partial/Required:  1.51, Required:    400.0, Partial:   603.22, Net: _08081_, Pin: _21848_/B, Layer: met1
Partial/Required:  1.44, Required:    400.0, Partial:   574.11, Net: net159, Pin: _35611_/A1, Layer: met1
Partial/Required:  1.39, Required:    400.0, Partial:    555.6, Net: _09298_, Pin: _24874_/A, Layer: met1
Partial/Required:  1.36, Required:    400.0, Partial:   545.22, Net: _12780_, Pin: _31233_/A, Layer: met2
Partial/Required:  1.36, Required:    400.0, Partial:   542.38, Net: _10342_, Pin: _24934_/A, Layer: met1
Partial/Required:  1.34, Required:    400.0, Partial:   537.59, Net: net654, Pin: output654/A, Layer: met2
Partial/Required:  1.34, Required:    400.0, Partial:   535.62, Net: _07232_, Pin: _22175_/A, Layer: met1
Partial/Required:  1.34, Required:    400.0, Partial:    534.5, Net: book_inst.order_price\[49\]\[28\], Pin: _22803_/A1, Layer: met2
Partial/Required:  1.32, Required:    400.0, Partial:   528.92, Net: _09266_, Pin: _24843_/A, Layer: met1
Partial/Required:  1.32, Required:    400.0, Partial:   527.14, Net: net461, Pin: output461/A, Layer: met1
Partial/Required:  1.31, Required:    400.0, Partial:   524.36, Net: net666, Pin: _42310_/A, Layer: met2
Partial/Required:  1.31, Required:    400.0, Partial:   524.36, Net: net666, Pin: _42312_/A, Layer: met2
Partial/Required:  1.31, Required:    400.0, Partial:   524.36, Net: net666, Pin: _42317_/A, Layer: met2
Partial/Required:  1.30, Required:    400.0, Partial:   518.72, Net: _10416_, Pin: _25089_/A, Layer: met1
Partial/Required:  1.30, Required:    400.0, Partial:    518.7, Net: _09324_, Pin: _23826_/A, Layer: met1
Partial/Required:  1.30, Required:    400.0, Partial:    518.3, Net: _07140_, Pin: _33740_/A, Layer: met2
Partial/Required:  1.30, Required:    400.0, Partial:    518.3, Net: _07140_, Pin: _33242_/A, Layer: met2
Partial/Required:  1.29, Required:    400.0, Partial:   516.39, Net: _06136_, Pin: _24212_/A, Layer: met2
Partial/Required:  1.28, Required:    400.0, Partial:   510.44, Net: _05938_, Pin: _36844_/S, Layer: met3
Partial/Required:  1.28, Required:    400.0, Partial:   510.44, Net: _05938_, Pin: _19168_/A, Layer: met3
Partial/Required:  1.28, Required:    400.0, Partial:   510.44, Net: _05938_, Pin: _19193_/A, Layer: met3
Partial/Required:  1.28, Required:    400.0, Partial:   510.31, Net: _09606_, Pin: _23639_/A, Layer: met1
Partial/Required:  1.25, Required:    400.0, Partial:   500.69, Net: _06466_, Pin: _19864_/B1, Layer: met2
Partial/Required:  1.24, Required:    400.0, Partial:   496.67, Net: _05951_, Pin: _19277_/A0, Layer: met1
Partial/Required:  1.24, Required:    400.0, Partial:   494.11, Net: _11586_, Pin: _32394_/S, Layer: met2
Partial/Required:  1.24, Required:    400.0, Partial:   494.11, Net: _11586_, Pin: _32396_/S, Layer: met2
Partial/Required:  1.23, Required:    400.0, Partial:   492.22, Net: book_inst.order_shares\[11\]\[13\], Pin: _32101_/A1, Layer: met1
Partial/Required:  1.22, Required:    400.0, Partial:   489.78, Net: _08389_, Pin: _22162_/A, Layer: met1
Partial/Required:  1.22, Required:    400.0, Partial:   488.44, Net: _11419_, Pin: _27454_/A0, Layer: met2
Partial/Required:  1.22, Required:    400.0, Partial:   488.44, Net: _11419_, Pin: _26971_/A0, Layer: met2
Partial/Required:  1.21, Required:    400.0, Partial:   485.92, Net: _05857_, Pin: _28647_/A, Layer: met1
Partial/Required:  1.21, Required:    400.0, Partial:   482.78, Net: net81, Pin: _31412_/B, Layer: met1
Partial/Required:  1.20, Required:    400.0, Partial:   479.78, Net: _09059_, Pin: _22844_/A, Layer: met1
Partial/Required:  1.20, Required:    400.0, Partial:   478.32, Net: _12947_, Pin: _29824_/B1, Layer: met2
Partial/Required:  1.20, Required:    400.0, Partial:   478.32, Net: _12947_, Pin: _29389_/A, Layer: met2
Partial/Required:  1.19, Required:    400.0, Partial:   477.96, Net: _15354_, Pin: _32626_/A, Layer: met2
Partial/Required:  1.19, Required:    400.0, Partial:   477.96, Net: _15354_, Pin: _32609_/A, Layer: met2
Partial/Required:  1.17, Required:    400.0, Partial:   468.13, Net: net131, Pin: _18424_/A, Layer: met3
Partial/Required:  1.17, Required:    400.0, Partial:   468.13, Net: net131, Pin: _19845_/A, Layer: met3
Partial/Required:  1.17, Required:    400.0, Partial:   468.13, Net: net131, Pin: _19882_/A, Layer: met3
Partial/Required:  1.17, Required:    400.0, Partial:   466.67, Net: _11623_, Pin: _27240_/A, Layer: met3
Partial/Required:  1.17, Required:    400.0, Partial:   466.67, Net: _11623_, Pin: _27257_/A, Layer: met3
Partial/Required:  1.16, Required:    400.0, Partial:   465.33, Net: _07855_, Pin: _21873_/A, Layer: met1
Partial/Required:  1.15, Required:    400.0, Partial:   461.01, Net: _07159_, Pin: _33602_/A, Layer: met2
Partial/Required:  1.15, Required:    400.0, Partial:   461.01, Net: _07159_, Pin: _33104_/A, Layer: met2
Partial/Required:  1.15, Required:    400.0, Partial:   460.09, Net: _09108_, Pin: _32697_/S0, Layer: met3
Partial/Required:  1.14, Required:    400.0, Partial:   457.97, Net: _11772_, Pin: _27569_/A, Layer: met2
Partial/Required:  1.14, Required:    400.0, Partial:   457.97, Net: _11772_, Pin: _27552_/A, Layer: met2
Partial/Required:  1.14, Required:    400.0, Partial:   454.16, Net: _11036_, Pin: _26173_/A, Layer: met3
Partial/Required:  1.14, Required:    400.0, Partial:   454.16, Net: _11036_, Pin: _26190_/A, Layer: met3
Partial/Required:  1.14, Required:    400.0, Partial:   454.16, Net: _11036_, Pin: _26207_/A, Layer: met3
Partial/Required:  1.13, Required:    400.0, Partial:   451.22, Net: _10638_, Pin: _25503_/A, Layer: met1
Partial/Required:  1.12, Required:    400.0, Partial:   448.76, Net: _06470_, Pin: _19872_/B1, Layer: met2
Partial/Required:  1.12, Required:    400.0, Partial:   446.44, Net: _12413_, Pin: _34695_/A1, Layer: met1
Partial/Required:  1.11, Required:    400.0, Partial:   443.77, Net: _05777_, Pin: _27836_/A, Layer: met1
Partial/Required:  1.10, Required:    400.0, Partial:   441.78, Net: _10832_, Pin: _27419_/A1, Layer: met1
Partial/Required:  1.10, Required:    400.0, Partial:   440.69, Net: _05882_, Pin: _28834_/A, Layer: met1
Partial/Required:  1.10, Required:    400.0, Partial:   440.22, Net: _10917_, Pin: _26745_/A0, Layer: met1
Partial/Required:  1.09, Required:    400.0, Partial:   437.11, Net: _11411_, Pin: _27446_/A0, Layer: met1
Partial/Required:  1.09, Required:    400.0, Partial:   435.51, Net: _11111_, Pin: _26347_/A, Layer: met1
Partial/Required:  1.07, Required:    400.0, Partial:   427.33, Net: _10928_, Pin: _26270_/A0, Layer: met1
Partial/Required:  1.07, Required:    400.0, Partial:    427.0, Net: rx_shift_next\[288\], Pin: _36341_/A1, Layer: met1
Partial/Required:  1.04, Required:    400.0, Partial:   417.99, Net: _06440_, Pin: _19818_/B1, Layer: met2
Partial/Required:  1.04, Required:    400.0, Partial:   417.67, Net: _05966_, Pin: _19184_/A0, Layer: met1
Partial/Required:  1.03, Required:    400.0, Partial:   413.81, Net: _06464_, Pin: _19860_/B1, Layer: met2
Partial/Required:  1.03, Required:    400.0, Partial:   411.57, Net: _16112_, Pin: _33533_/A2, Layer: met1
Partial/Required:  1.03, Required:    400.0, Partial:   410.78, Net: _15439_, Pin: _34599_/A0, Layer: met1
Partial/Required:  1.02, Required:    400.0, Partial:   409.44, Net: _10949_, Pin: _26013_/A0, Layer: met1
Partial/Required:  1.02, Required:    400.0, Partial:   407.94, Net: _10444_, Pin: _27678_/S, Layer: met1
Partial/Required:  1.02, Required:    400.0, Partial:   406.59, Net: _06504_, Pin: _21968_/A, Layer: met1
Partial/Required:  1.01, Required:    400.0, Partial:   403.17, Net: book_inst.order_shares\[10\]\[13\], Pin: _33839_/A2, Layer: met1
Partial/Required:  1.00, Required:    400.0, Partial:   400.17, Net: _11407_, Pin: _27028_/A0, Layer: met1
Partial/Required:  1.00, Required:    400.0, Partial:   400.17, Net: _11407_, Pin: _26959_/A0, Layer: met1
