Partial/Required:  9.80, Required:    400.0, Partial:  3921.94, Net: net437, Pin: output437/A, Layer: met1
Partial/Required:  6.16, Required:    400.0, Partial:  2465.57, Net: net668, Pin: _42358_/A, Layer: met1
Partial/Required:  6.09, Required:    400.0, Partial:  2435.43, Net: net668, Pin: _42364_/A, Layer: met1
Partial/Required:  5.88, Required:    400.0, Partial:  2352.44, Net: net250, Pin: output250/A, Layer: met1
Partial/Required:  5.78, Required:    400.0, Partial:  2313.96, Net: net257, Pin: output257/A, Layer: met1
Partial/Required:  5.70, Required:    400.0, Partial:  2281.56, Net: net252, Pin: output252/A, Layer: met1
Partial/Required:  5.63, Required:    400.0, Partial:  2251.18, Net: net642, Pin: output642/A, Layer: met1
Partial/Required:  5.56, Required:    400.0, Partial:  2222.83, Net: net229, Pin: output229/A, Layer: met1
Partial/Required:  5.50, Required:    400.0, Partial:  2200.55, Net: net312, Pin: output312/A, Layer: met1
Partial/Required:  5.43, Required:    400.0, Partial:  2170.18, Net: net365, Pin: output365/A, Layer: met1
Partial/Required:  5.40, Required:    400.0, Partial:  2160.05, Net: net377, Pin: output377/A, Layer: met1
Partial/Required:  5.36, Required:    400.0, Partial:  2143.05, Net: net459, Pin: output459/A, Layer: met1
Partial/Required:  5.19, Required:    400.0, Partial:  2076.54, Net: net605, Pin: output605/A, Layer: met1
Partial/Required:  5.17, Required:    400.0, Partial:  2068.87, Net: net616, Pin: output616/A, Layer: met2
Partial/Required:  5.15, Required:    400.0, Partial:  2060.16, Net: net349, Pin: output349/A, Layer: met2
Partial/Required:  4.75, Required:    400.0, Partial:  1898.81, Net: net399, Pin: output399/A, Layer: met1
Partial/Required:  4.74, Required:    400.0, Partial:  1894.05, Net: net640, Pin: output640/A, Layer: met1
Partial/Required:  4.70, Required:    400.0, Partial:   1878.5, Net: net267, Pin: output267/A, Layer: met1
Partial/Required:  4.68, Required:    400.0, Partial:  1870.18, Net: net328, Pin: output328/A, Layer: met2
Partial/Required:  4.51, Required:    400.0, Partial:  1804.99, Net: net257, Pin: output257/A, Layer: met2
Partial/Required:  4.48, Required:    400.0, Partial:   1793.5, Net: net315, Pin: output315/A, Layer: met1
Partial/Required:  4.43, Required:    400.0, Partial:  1773.28, Net: net261, Pin: _25511_/B, Layer: met1
Partial/Required:  4.42, Required:    400.0, Partial:  1768.14, Net: net260, Pin: output260/A, Layer: met1
Partial/Required:  4.42, Required:    400.0, Partial:  1767.17, Net: net406, Pin: output406/A, Layer: met1
Partial/Required:  4.41, Required:    400.0, Partial:   1763.3, Net: net216, Pin: output216/A, Layer: met1
Partial/Required:  4.41, Required:    400.0, Partial:  1762.09, Net: net509, Pin: output509/A, Layer: met1
Partial/Required:  4.40, Required:    400.0, Partial:  1759.07, Net: net559, Pin: output559/A, Layer: met1
Partial/Required:  4.33, Required:    400.0, Partial:  1733.37, Net: net324, Pin: output324/A, Layer: met1
Partial/Required:  4.24, Required:    400.0, Partial:  1694.26, Net: net474, Pin: output474/A, Layer: met1
Partial/Required:  4.05, Required:    400.0, Partial:   1621.5, Net: net256, Pin: output256/A, Layer: met1
Partial/Required:  3.96, Required:    400.0, Partial:  1583.71, Net: net394, Pin: output394/A, Layer: met1
Partial/Required:  3.88, Required:    400.0, Partial:  1550.48, Net: net472, Pin: output472/A, Layer: met1
Partial/Required:  3.82, Required:    400.0, Partial:   1528.2, Net: net301, Pin: output301/A, Layer: met1
Partial/Required:  3.61, Required:    400.0, Partial:  1443.14, Net: net616, Pin: output616/A, Layer: met1
Partial/Required:  3.55, Required:    400.0, Partial:  1418.84, Net: net340, Pin: output340/A, Layer: met1
Partial/Required:  3.49, Required:    400.0, Partial:  1396.57, Net: net529, Pin: output529/A, Layer: met1
Partial/Required:  3.49, Required:    400.0, Partial:  1396.25, Net: net388, Pin: output388/A, Layer: met1
Partial/Required:  3.41, Required:    400.0, Partial:  1362.14, Net: net351, Pin: output351/A, Layer: met1
Partial/Required:  3.39, Required:    400.0, Partial:  1355.44, Net: net572, Pin: output572/A, Layer: met1
Partial/Required:  3.39, Required:    400.0, Partial:  1355.03, Net: _11789_, Pin: _27653_/A3, Layer: met1
Partial/Required:  3.38, Required:    400.0, Partial:  1352.97, Net: net321, Pin: output321/A, Layer: met2
Partial/Required:  3.34, Required:    400.0, Partial:  1336.34, Net: net232, Pin: output232/A, Layer: met2
Partial/Required:  3.34, Required:    400.0, Partial:  1335.78, Net: net253, Pin: output253/A, Layer: met1
Partial/Required:  3.31, Required:    400.0, Partial:  1323.62, Net: net535, Pin: output535/A, Layer: met1
Partial/Required:  3.29, Required:    400.0, Partial:  1317.45, Net: net346, Pin: output346/A, Layer: met2
Partial/Required:  3.29, Required:    400.0, Partial:  1315.01, Net: net526, Pin: output526/A, Layer: met1
Partial/Required:  3.20, Required:    400.0, Partial:   1281.1, Net: net273, Pin: output273/A, Layer: met1
Partial/Required:  3.20, Required:    400.0, Partial:   1278.4, Net: net350, Pin: output350/A, Layer: met1
Partial/Required:  3.19, Required:    400.0, Partial:  1275.06, Net: net420, Pin: output420/A, Layer: met1
Partial/Required:  3.13, Required:    400.0, Partial:  1250.75, Net: net423, Pin: output423/A, Layer: met1
Partial/Required:  3.06, Required:    400.0, Partial:  1225.43, Net: net278, Pin: output278/A, Layer: met1
Partial/Required:  2.99, Required:    400.0, Partial:  1197.79, Net: net278, Pin: output278/A, Layer: met2
Partial/Required:  2.98, Required:    400.0, Partial:  1191.51, Net: net407, Pin: output407/A, Layer: met1
Partial/Required:  2.97, Required:    400.0, Partial:  1189.38, Net: net546, Pin: output546/A, Layer: met1
Partial/Required:  2.97, Required:    400.0, Partial:  1187.71, Net: _07603_, Pin: _33592_/A, Layer: met1
Partial/Required:  2.88, Required:    400.0, Partial:  1151.35, Net: net538, Pin: output538/A, Layer: met1
Partial/Required:  2.84, Required:    400.0, Partial:  1134.72, Net: net325, Pin: output325/A, Layer: met1
Partial/Required:  2.75, Required:    400.0, Partial:  1101.38, Net: net513, Pin: output513/A, Layer: met2
Partial/Required:  2.75, Required:    400.0, Partial:  1098.87, Net: net611, Pin: output611/A, Layer: met1
Partial/Required:  2.74, Required:    400.0, Partial:  1094.82, Net: net449, Pin: output449/A, Layer: met1
Partial/Required:  2.67, Required:    400.0, Partial:  1066.47, Net: net300, Pin: output300/A, Layer: met1
Partial/Required:  2.65, Required:    400.0, Partial:  1061.05, Net: net252, Pin: output252/A, Layer: met2
Partial/Required:  2.59, Required:    400.0, Partial:  1036.46, Net: net332, Pin: output332/A, Layer: met1
Partial/Required:  2.59, Required:    400.0, Partial:  1036.46, Net: net521, Pin: output521/A, Layer: met1
Partial/Required:  2.59, Required:    400.0, Partial:  1036.09, Net: net308, Pin: output308/A, Layer: met1
Partial/Required:  2.58, Required:    400.0, Partial:  1033.44, Net: net528, Pin: output528/A, Layer: met1
Partial/Required:  2.58, Required:    400.0, Partial:  1033.25, Net: _02794_, Pin: _39699_/D, Layer: met1
Partial/Required:  2.48, Required:    400.0, Partial:   992.62, Net: net602, Pin: output602/A, Layer: met1
Partial/Required:  2.35, Required:    400.0, Partial:   938.96, Net: _13991_, Pin: _29952_/A, Layer: met2
Partial/Required:  2.31, Required:    400.0, Partial:   925.56, Net: net134, Pin: _19964_/A1, Layer: met1
Partial/Required:  2.26, Required:    400.0, Partial:   902.34, Net: net293, Pin: output293/A, Layer: met1
Partial/Required:  2.23, Required:    400.0, Partial:   891.33, Net: net607, Pin: output607/A, Layer: met1
Partial/Required:  2.16, Required:    400.0, Partial:   864.12, Net: net414, Pin: output414/A, Layer: met1
Partial/Required:  2.07, Required:    400.0, Partial:   829.35, Net: net554, Pin: output554/A, Layer: met1
Partial/Required:  2.05, Required:    400.0, Partial:   820.79, Net: net519, Pin: _24361_/A, Layer: met1
Partial/Required:  2.05, Required:    400.0, Partial:   820.79, Net: net519, Pin: output519/A, Layer: met1
Partial/Required:  2.00, Required:    400.0, Partial:   799.33, Net: _17615_, Pin: _35782_/B1, Layer: met1
Partial/Required:  2.00, Required:    400.0, Partial:   798.23, Net: _10974_, Pin: _26515_/A, Layer: met2
Partial/Required:  1.97, Required:    400.0, Partial:    786.0, Net: _11785_, Pin: _27644_/B, Layer: met1
Partial/Required:  1.92, Required:    400.0, Partial:   769.82, Net: _10917_, Pin: _28371_/A, Layer: met2
Partial/Required:  1.91, Required:    400.0, Partial:   765.78, Net: _13259_, Pin: _29267_/A, Layer: met1
Partial/Required:  1.88, Required:    400.0, Partial:   750.78, Net: _17321_, Pin: _35790_/A, Layer: met1
Partial/Required:  1.86, Required:    400.0, Partial:   744.92, Net: net256, Pin: output256/A, Layer: met2
Partial/Required:  1.86, Required:    400.0, Partial:   743.18, Net: net619, Pin: output619/A, Layer: met1
Partial/Required:  1.81, Required:    400.0, Partial:   725.89, Net: _15345_, Pin: _33004_/A1, Layer: met1
Partial/Required:  1.81, Required:    400.0, Partial:   723.87, Net: _13050_, Pin: _28993_/A1, Layer: met1
Partial/Required:  1.75, Required:    400.0, Partial:   700.22, Net: _08968_, Pin: _24149_/A, Layer: met1
Partial/Required:  1.70, Required:    400.0, Partial:   679.01, Net: _17564_, Pin: _35728_/C1, Layer: met1
Partial/Required:  1.66, Required:    400.0, Partial:   665.33, Net: _14825_, Pin: _36384_/A0, Layer: met1
Partial/Required:  1.63, Required:    400.0, Partial:   652.48, Net: net598, Pin: output598/A, Layer: met1
Partial/Required:  1.60, Required:    400.0, Partial:   641.37, Net: book_inst.i_event_marker\[100\], Pin: hold4712/A, Layer: met2
Partial/Required:  1.57, Required:    400.0, Partial:   626.67, Net: net253, Pin: _25316_/A, Layer: met1
Partial/Required:  1.55, Required:    400.0, Partial:   621.63, Net: _10910_, Pin: _29644_/A, Layer: met3
Partial/Required:  1.55, Required:    400.0, Partial:   621.63, Net: _10910_, Pin: _29146_/A, Layer: met3
Partial/Required:  1.53, Required:    400.0, Partial:   610.77, Net: _13317_, Pin: _29265_/A1, Layer: met2
Partial/Required:  1.50, Required:    400.0, Partial:   599.44, Net: _05601_, Pin: _21870_/A0, Layer: met1
Partial/Required:  1.46, Required:    400.0, Partial:   585.56, Net: _11721_, Pin: _34095_/A1, Layer: met1
Partial/Required:  1.41, Required:    400.0, Partial:   563.29, Net: net566, Pin: output566/A, Layer: met1
Partial/Required:  1.37, Required:    400.0, Partial:    549.8, Net: _15061_, Pin: _33835_/A, Layer: met3
Partial/Required:  1.37, Required:    400.0, Partial:    549.8, Net: _15061_, Pin: _33852_/A, Layer: met3
Partial/Required:  1.37, Required:    400.0, Partial:    549.8, Net: _15061_, Pin: _33869_/A, Layer: met3
Partial/Required:  1.37, Required:    400.0, Partial:   549.63, Net: _08371_, Pin: _31247_/A, Layer: met3
Partial/Required:  1.37, Required:    400.0, Partial:   546.56, Net: _15360_, Pin: _33019_/A1, Layer: met1
Partial/Required:  1.36, Required:    400.0, Partial:   545.67, Net: book_inst.order_price\[56\]\[22\], Pin: _29347_/A0, Layer: met1
Partial/Required:  1.36, Required:    400.0, Partial:   542.33, Net: _15202_, Pin: _32048_/A0, Layer: met1
Partial/Required:  1.32, Required:    400.0, Partial:   528.38, Net: _08963_, Pin: _26529_/A, Layer: met3
Partial/Required:  1.32, Required:    400.0, Partial:   526.11, Net: _07195_, Pin: _27927_/B, Layer: met1
Partial/Required:  1.31, Required:    400.0, Partial:   523.72, Net: net503, Pin: output503/A, Layer: met1
Partial/Required:  1.31, Required:    400.0, Partial:   522.87, Net: net293, Pin: output293/A, Layer: met2
Partial/Required:  1.31, Required:    400.0, Partial:   522.87, Net: net293, Pin: _24958_/A, Layer: met2
Partial/Required:  1.30, Required:    400.0, Partial:   519.67, Net: _15394_, Pin: _32850_/A1, Layer: met1
Partial/Required:  1.30, Required:    400.0, Partial:   518.44, Net: _15366_, Pin: _33025_/A1, Layer: met1
Partial/Required:  1.28, Required:    400.0, Partial:   513.33, Net: _12184_, Pin: _29613_/A, Layer: met1
Partial/Required:  1.28, Required:    400.0, Partial:   511.89, Net: _09076_, Pin: _26744_/A, Layer: met2
Partial/Required:  1.28, Required:   2784.8, Partial:  3559.62, Net: _02781_, Pin: _39686_/D, Layer: met3
Partial/Required:  1.26, Required:    400.0, Partial:   505.38, Net: net461, Pin: output461/A, Layer: met1
Partial/Required:  1.26, Required:    400.0, Partial:   503.44, Net: _07663_, Pin: _22910_/A0, Layer: met1
Partial/Required:  1.25, Required:    400.0, Partial:   500.74, Net: _10982_, Pin: _26523_/A, Layer: met2
Partial/Required:  1.24, Required:    400.0, Partial:   496.18, Net: _10865_, Pin: _35445_/A, Layer: met1
Partial/Required:  1.24, Required:    400.0, Partial:   495.67, Net: _08248_, Pin: _23629_/A0, Layer: met1
Partial/Required:  1.23, Required:    400.0, Partial:   493.75, Net: net426, Pin: output426/A, Layer: met1
Partial/Required:  1.23, Required:   3312.8, Partial:  4077.32, Net: net103, Pin: _26632_/B1, Layer: met3
Partial/Required:  1.23, Required:    400.0, Partial:   490.92, Net: _07629_, Pin: _32343_/A, Layer: met1
Partial/Required:  1.21, Required:    400.0, Partial:   484.58, Net: _07198_, Pin: _21271_/A, Layer: met2
Partial/Required:  1.21, Required:    400.0, Partial:   484.58, Net: _07198_, Pin: _24659_/A, Layer: met2
Partial/Required:  1.21, Required:    400.0, Partial:   484.33, Net: _15196_, Pin: _33171_/A0, Layer: met1
Partial/Required:  1.20, Required:    400.0, Partial:   479.33, Net: _07763_, Pin: _22206_/A, Layer: met3
Partial/Required:  1.20, Required:    400.0, Partial:   479.33, Net: _07763_, Pin: _22223_/A, Layer: met3
Partial/Required:  1.20, Required:    400.0, Partial:   479.33, Net: _07763_, Pin: _22240_/A, Layer: met3
Partial/Required:  1.19, Required:    400.0, Partial:   476.22, Net: _07711_, Pin: _34044_/A0, Layer: met1
Partial/Required:  1.19, Required:    400.0, Partial:   475.41, Net: _11330_, Pin: _33130_/A, Layer: met2
Partial/Required:  1.18, Required:    400.0, Partial:   471.83, Net: _10937_, Pin: _26478_/A, Layer: met2
Partial/Required:  1.18, Required:    400.0, Partial:   471.83, Net: _10937_, Pin: _28221_/A, Layer: met2
Partial/Required:  1.16, Required:    400.0, Partial:    465.8, Net: _11038_, Pin: _36816_/A, Layer: met2
Partial/Required:  1.16, Required:    400.0, Partial:    465.8, Net: _11038_, Pin: _34160_/A, Layer: met2
Partial/Required:  1.16, Required:    400.0, Partial:    465.8, Net: _11038_, Pin: _34143_/A, Layer: met2
Partial/Required:  1.16, Required:    400.0, Partial:    463.0, Net: _08430_, Pin: _23370_/S, Layer: met1
Partial/Required:  1.16, Required:    400.0, Partial:    462.0, Net: _10999_, Pin: _28805_/A, Layer: met2
Partial/Required:  1.15, Required:    400.0, Partial:   461.42, Net: _11758_, Pin: _27660_/B1, Layer: met2
Partial/Required:  1.15, Required:    400.0, Partial:   461.42, Net: _11758_, Pin: _27650_/B1, Layer: met2
Partial/Required:  1.14, Required:    400.0, Partial:   456.76, Net: _11014_, Pin: _28493_/A, Layer: met2
Partial/Required:  1.14, Required:    400.0, Partial:   456.76, Net: _11014_, Pin: _27983_/A, Layer: met2
Partial/Required:  1.14, Required:    400.0, Partial:   456.76, Net: _11014_, Pin: _26555_/A, Layer: met2
Partial/Required:  1.13, Required:    400.0, Partial:   451.89, Net: _14418_, Pin: _31569_/A1, Layer: met1
Partial/Required:  1.13, Required:    400.0, Partial:   451.33, Net: _08244_, Pin: _23625_/A0, Layer: met1
Partial/Required:  1.12, Required:    400.0, Partial:   447.01, Net: _05529_, Pin: _30693_/A, Layer: met1
Partial/Required:  1.11, Required:    400.0, Partial:   443.78, Net: _11038_, Pin: _36852_/S, Layer: met2
Partial/Required:  1.11, Required:    400.0, Partial:   443.78, Net: _11038_, Pin: _34109_/A, Layer: met2
Partial/Required:  1.11, Required:    400.0, Partial:   443.78, Net: _11038_, Pin: _34126_/A, Layer: met2
Partial/Required:  1.11, Required:    400.0, Partial:   443.33, Net: _05515_, Pin: _18837_/A0, Layer: met1
Partial/Required:  1.11, Required:    400.0, Partial:   442.22, Net: net143, Pin: _19932_/A1, Layer: met2
Partial/Required:  1.10, Required:    400.0, Partial:   440.33, Net: _05755_, Pin: _36884_/A0, Layer: met1
Partial/Required:  1.10, Required:    400.0, Partial:   440.33, Net: _08227_, Pin: _23397_/A0, Layer: met1
Partial/Required:  1.09, Required:  3872.32, Partial:  4226.79, Net: net118, Pin: _24484_/B_N, Layer: met4
Partial/Required:  1.09, Required:  3872.32, Partial:  4226.79, Net: net118, Pin: _24483_/A, Layer: met4
Partial/Required:  1.09, Required:    400.0, Partial:   436.61, Net: _07205_, Pin: _21304_/A, Layer: met2
Partial/Required:  1.09, Required:    400.0, Partial:   436.61, Net: _07205_, Pin: _21279_/A, Layer: met2
Partial/Required:  1.07, Required:    400.0, Partial:   429.22, Net: _15177_, Pin: _32881_/A0, Layer: met1
Partial/Required:  1.07, Required:    400.0, Partial:   427.31, Net: _05919_, Pin: _25156_/B1, Layer: met3
Partial/Required:  1.06, Required:    400.0, Partial:   424.84, Net: _13104_, Pin: _29300_/A1, Layer: met1
Partial/Required:  1.04, Required:    400.0, Partial:   417.42, Net: _08183_, Pin: _31981_/S, Layer: met2
Partial/Required:  1.04, Required:    400.0, Partial:   417.42, Net: _08183_, Pin: _31030_/A, Layer: met2
Partial/Required:  1.04, Required:    400.0, Partial:   416.09, Net: tx_data_sr\[509\], Pin: _42355_/A, Layer: met2
Partial/Required:  1.04, Required:    400.0, Partial:   415.02, Net: _13182_, Pin: _29211_/A1, Layer: met1
Partial/Required:  1.04, Required:    400.0, Partial:   414.85, Net: _06219_, Pin: _19783_/A, Layer: met2
Partial/Required:  1.03, Required:    400.0, Partial:    410.2, Net: _10857_, Pin: _29412_/A, Layer: met2
Partial/Required:  1.03, Required:    400.0, Partial:    410.2, Net: _10857_, Pin: _29910_/A, Layer: met2
Partial/Required:  1.02, Required:    400.0, Partial:   406.89, Net: _14048_, Pin: _30872_/A0, Layer: met1
Partial/Required:  1.01, Required:    400.0, Partial:   404.44, Net: book_inst.order_valid\[4\], Pin: _31829_/A1, Layer: met1
Partial/Required:  1.01, Required:    400.0, Partial:   403.78, Net: _15183_, Pin: _33158_/A0, Layer: met1
Partial/Required:  1.01, Required:    400.0, Partial:   403.31, Net: net510, Pin: _26680_/A1, Layer: met1
Partial/Required:  1.01, Required:    400.0, Partial:    403.0, Net: _10980_, Pin: _26521_/B, Layer: met1
